Component: ARM Compiler 5.06 update 7 (build 960) Tool: armlink [4d3601]

==============================================================================

Section Cross References

    startup_stm32h723xx.o(RESET) refers to startup_stm32h723xx.o(STACK) for __initial_sp
    startup_stm32h723xx.o(RESET) refers to startup_stm32h723xx.o(.text) for Reset_Handler
    startup_stm32h723xx.o(RESET) refers to stm32h7xx_it.o(i.NMI_Handler) for NMI_Handler
    startup_stm32h723xx.o(RESET) refers to stm32h7xx_it.o(i.HardFault_Handler) for HardFault_Handler
    startup_stm32h723xx.o(RESET) refers to stm32h7xx_it.o(i.MemManage_Handler) for MemManage_Handler
    startup_stm32h723xx.o(RESET) refers to stm32h7xx_it.o(i.BusFault_Handler) for BusFault_Handler
    startup_stm32h723xx.o(RESET) refers to stm32h7xx_it.o(i.UsageFault_Handler) for UsageFault_Handler
    startup_stm32h723xx.o(RESET) refers to stm32h7xx_it.o(i.SVC_Handler) for SVC_Handler
    startup_stm32h723xx.o(RESET) refers to stm32h7xx_it.o(i.DebugMon_Handler) for DebugMon_Handler
    startup_stm32h723xx.o(RESET) refers to stm32h7xx_it.o(i.PendSV_Handler) for PendSV_Handler
    startup_stm32h723xx.o(RESET) refers to stm32h7xx_it.o(i.SysTick_Handler) for SysTick_Handler
    startup_stm32h723xx.o(RESET) refers to stm32h7xx_it.o(i.DMA1_Stream0_IRQHandler) for DMA1_Stream0_IRQHandler
    startup_stm32h723xx.o(RESET) refers to stm32h7xx_it.o(i.DMA1_Stream1_IRQHandler) for DMA1_Stream1_IRQHandler
    startup_stm32h723xx.o(RESET) refers to stm32h7xx_it.o(i.FDCAN1_IT0_IRQHandler) for FDCAN1_IT0_IRQHandler
    startup_stm32h723xx.o(RESET) refers to stm32h7xx_it.o(i.FDCAN2_IT0_IRQHandler) for FDCAN2_IT0_IRQHandler
    startup_stm32h723xx.o(RESET) refers to stm32h7xx_it.o(i.FDCAN1_IT1_IRQHandler) for FDCAN1_IT1_IRQHandler
    startup_stm32h723xx.o(RESET) refers to stm32h7xx_it.o(i.FDCAN2_IT1_IRQHandler) for FDCAN2_IT1_IRQHandler
    startup_stm32h723xx.o(RESET) refers to stm32h7xx_it.o(i.USART1_IRQHandler) for USART1_IRQHandler
    startup_stm32h723xx.o(RESET) refers to stm32h7xx_it.o(i.FDCAN_CAL_IRQHandler) for FDCAN_CAL_IRQHandler
    startup_stm32h723xx.o(.text) refers to system_stm32h7xx.o(i.SystemInit) for SystemInit
    startup_stm32h723xx.o(.text) refers to entry.o(.ARM.Collect$$$$00000000) for __main
    main.o(i.SystemClock_Config) refers to memseta.o(.text) for __aeabi_memclr4
    main.o(i.SystemClock_Config) refers to stm32h7xx_hal_pwr_ex.o(i.HAL_PWREx_ConfigSupply) for HAL_PWREx_ConfigSupply
    main.o(i.SystemClock_Config) refers to stm32h7xx_hal_rcc.o(i.HAL_RCC_OscConfig) for HAL_RCC_OscConfig
    main.o(i.SystemClock_Config) refers to stm32h7xx_hal_rcc.o(i.HAL_RCC_ClockConfig) for HAL_RCC_ClockConfig
    main.o(i.main) refers to stm32h7xx_hal_cortex.o(i.HAL_MPU_Disable) for HAL_MPU_Disable
    main.o(i.main) refers to stm32h7xx_hal_cortex.o(i.HAL_MPU_ConfigRegion) for HAL_MPU_ConfigRegion
    main.o(i.main) refers to stm32h7xx_hal_cortex.o(i.HAL_MPU_Enable) for HAL_MPU_Enable
    main.o(i.main) refers to stm32h7xx_hal.o(i.HAL_Init) for HAL_Init
    main.o(i.main) refers to main.o(i.SystemClock_Config) for SystemClock_Config
    main.o(i.main) refers to gpio.o(i.MX_GPIO_Init) for MX_GPIO_Init
    main.o(i.main) refers to dma.o(i.MX_DMA_Init) for MX_DMA_Init
    main.o(i.main) refers to fdcan.o(i.MX_FDCAN1_Init) for MX_FDCAN1_Init
    main.o(i.main) refers to fdcan.o(i.MX_FDCAN2_Init) for MX_FDCAN2_Init
    main.o(i.main) refers to usart.o(i.MX_UART5_Init) for MX_UART5_Init
    main.o(i.main) refers to spi.o(i.MX_SPI6_Init) for MX_SPI6_Init
    main.o(i.main) refers to tim.o(i.MX_TIM12_Init) for MX_TIM12_Init
    main.o(i.main) refers to usart.o(i.MX_USART1_UART_Init) for MX_USART1_UART_Init
    main.o(i.main) refers to ws2812.o(i.WS2812_Ctrl) for WS2812_Ctrl
    main.o(i.main) refers to dr16.o(i.DR16_Iint) for DR16_Iint
    main.o(i.main) refers to can.o(i.Can_Init) for Can_Init
    main.o(i.main) refers to printf1.o(i.__0printf$1) for __2printf
    main.o(i.main) refers to stm32h7xx_hal.o(i.HAL_Delay) for HAL_Delay
    main.o(i.main) refers to can.o(.bss) for chassis_motor_data_list
    dma.o(i.MX_DMA_Init) refers to stm32h7xx_hal_cortex.o(i.HAL_NVIC_SetPriority) for HAL_NVIC_SetPriority
    dma.o(i.MX_DMA_Init) refers to stm32h7xx_hal_cortex.o(i.HAL_NVIC_EnableIRQ) for HAL_NVIC_EnableIRQ
    fdcan.o(i.HAL_FDCAN_MspDeInit) refers to stm32h7xx_hal_gpio.o(i.HAL_GPIO_DeInit) for HAL_GPIO_DeInit
    fdcan.o(i.HAL_FDCAN_MspDeInit) refers to stm32h7xx_hal_cortex.o(i.HAL_NVIC_DisableIRQ) for HAL_NVIC_DisableIRQ
    fdcan.o(i.HAL_FDCAN_MspDeInit) refers to fdcan.o(.data) for .data
    fdcan.o(i.HAL_FDCAN_MspInit) refers to memseta.o(.text) for __aeabi_memclr4
    fdcan.o(i.HAL_FDCAN_MspInit) refers to stm32h7xx_hal_rcc_ex.o(i.HAL_RCCEx_PeriphCLKConfig) for HAL_RCCEx_PeriphCLKConfig
    fdcan.o(i.HAL_FDCAN_MspInit) refers to main.o(i.Error_Handler) for Error_Handler
    fdcan.o(i.HAL_FDCAN_MspInit) refers to stm32h7xx_hal_gpio.o(i.HAL_GPIO_Init) for HAL_GPIO_Init
[...]
    ..\Drivers\STM32H7xx_HAL_Driver\Src\stm32h7xx_hal_tim_ex.c 0x00000000   Number         0  stm32h7xx_hal_tim_ex.o ABSOLUTE
    ..\Drivers\STM32H7xx_HAL_Driver\Src\stm32h7xx_hal_uart.c 0x00000000   Number         0  stm32h7xx_hal_uart.o ABSOLUTE
    ..\Drivers\STM32H7xx_HAL_Driver\Src\stm32h7xx_hal_uart_ex.c 0x00000000   Number         0  stm32h7xx_hal_uart_ex.o ABSOLUTE
    ..\Peripheral\Src\buzzer.c               0x00000000   Number         0  buzzer.o ABSOLUTE
    ..\Peripheral\Src\can.c                  0x00000000   Number         0  can.o ABSOLUTE
    ..\Peripheral\Src\dr16.c                 0x00000000   Number         0  dr16.o ABSOLUTE
    ..\Peripheral\Src\pid.c                  0x00000000   Number         0  pid.o ABSOLUTE
    ..\Peripheral\Src\ws2812.c               0x00000000   Number         0  ws2812.o ABSOLUTE
    ..\\Peripheral\\Src\\buzzer.c            0x00000000   Number         0  buzzer.o ABSOLUTE
    ..\\Peripheral\\Src\\can.c               0x00000000   Number         0  can.o ABSOLUTE
    ..\\Peripheral\\Src\\dr16.c              0x00000000   Number         0  dr16.o ABSOLUTE
    ..\\Peripheral\\Src\\ws2812.c            0x00000000   Number         0  ws2812.o ABSOLUTE
    cdrcmple.s                               0x00000000   Number         0  cdrcmple.o ABSOLUTE
    dc.s                                     0x00000000   Number         0  dc.o ABSOLUTE
    handlers.s                               0x00000000   Number         0  handlers.o ABSOLUTE
    init.s                                   0x00000000   Number         0  init.o ABSOLUTE
    startup_stm32h723xx.s                    0x00000000   Number         0  startup_stm32h723xx.o ABSOLUTE
    RESET                                    0x08000000   Section      716  startup_stm32h723xx.o(RESET)
    .ARM.Collect$$$$00000000                 0x080002cc   Section        0  entry.o(.ARM.Collect$$$$00000000)
    .ARM.Collect$$$$00000001                 0x080002cc   Section        4  entry2.o(.ARM.Collect$$$$00000001)
    .ARM.Collect$$$$00000004                 0x080002d0   Section        4  entry5.o(.ARM.Collect$$$$00000004)
    .ARM.Collect$$$$00000008                 0x080002d4   Section        0  entry7b.o(.ARM.Collect$$$$00000008)
    .ARM.Collect$$$$0000000A                 0x080002d4   Section        0  entry8b.o(.ARM.Collect$$$$0000000A)
    .ARM.Collect$$$$0000000B                 0x080002d4   Section        8  entry9a.o(.ARM.Collect$$$$0000000B)
    .ARM.Collect$$$$0000000E                 0x080002dc   Section        4  entry12b.o(.ARM.Collect$$$$0000000E)
    .ARM.Collect$$$$0000000F                 0x080002e0   Section        0  entry10a.o(.ARM.Collect$$$$0000000F)
    .ARM.Collect$$$$00000011                 0x080002e0   Section        0  entry11a.o(.ARM.Collect$$$$00000011)
    .ARM.Collect$$$$00002712                 0x080002e0   Section        4  entry2.o(.ARM.Collect$$$$00002712)
    __lit__00000000                          0x080002e0   Data           4  entry2.o(.ARM.Collect$$$$00002712)
    .text                                    0x080002e4   Section       36  startup_stm32h723xx.o(.text)
    $v0                                      0x080002e4   Number         0  startup_stm32h723xx.o(.text)
    .text                                    0x08000308   Section        0  uldiv.o(.text)
    .text                                    0x0800036a   Section        0  memcpya.o(.text)
    .text                                    0x0800038e   Section        0  memseta.o(.text)
    .text                                    0x080003b2   Section        0  uidiv.o(.text)
    .text                                    0x080003de   Section        0  llshl.o(.text)
    .text                                    0x080003fc   Section        0  llushr.o(.text)
    .text                                    0x0800041c   Section       36  init.o(.text)
    i.BusFault_Handler                       0x08000440   Section        0  stm32h7xx_it.o(i.BusFault_Handler)
    i.Can_Init                               0x08000444   Section        0  can.o(i.Can_Init)
    i.DMA1_Stream0_IRQHandler                0x08000470   Section        0  stm32h7xx_it.o(i.DMA1_Stream0_IRQHandler)
    i.DMA1_Stream1_IRQHandler                0x0800047c   Section        0  stm32h7xx_it.o(i.DMA1_Stream1_IRQHandler)
    i.DMA_CalcBaseAndBitshift                0x08000488   Section        0  stm32h7xx_hal_dma.o(i.DMA_CalcBaseAndBitshift)
    DMA_CalcBaseAndBitshift                  0x08000489   Thumb Code   168  stm32h7xx_hal_dma.o(i.DMA_CalcBaseAndBitshift)
    i.DMA_CalcDMAMUXChannelBaseAndMask       0x0800053c   Section        0  stm32h7xx_hal_dma.o(i.DMA_CalcDMAMUXChannelBaseAndMask)
    DMA_CalcDMAMUXChannelBaseAndMask         0x0800053d   Thumb Code   138  stm32h7xx_hal_dma.o(i.DMA_CalcDMAMUXChannelBaseAndMask)
    i.DMA_CalcDMAMUXRequestGenBaseAndMask    0x080005d8   Section        0  stm32h7xx_hal_dma.o(i.DMA_CalcDMAMUXRequestGenBaseAndMask)
    DMA_CalcDMAMUXRequestGenBaseAndMask      0x080005d9   Thumb Code   104  stm32h7xx_hal_dma.o(i.DMA_CalcDMAMUXRequestGenBaseAndMask)
    i.DMA_CheckFifoParam                     0x0800064c   Section        0  stm32h7xx_hal_dma.o(i.DMA_CheckFifoParam)
    DMA_CheckFifoParam                       0x0800064d   Thumb Code    84  stm32h7xx_hal_dma.o(i.DMA_CheckFifoParam)
    i.DMA_SetConfig                          0x080006a0   Section        0  stm32h7xx_hal_dma.o(i.DMA_SetConfig)
    DMA_SetConfig                            0x080006a1   Thumb Code   518  stm32h7xx_hal_dma.o(i.DMA_SetConfig)
    i.DR16_Iint                              0x080008c0   Section        0  dr16.o(i.DR16_Iint)
    i.DebugMon_Handler                       0x080008ec   Section        0  stm32h7xx_it.o(i.DebugMon_Handler)
    i.Error_Handler                          0x080008ee   Section        0  main.o(i.Error_Handler)
    i.FDCAN1_IT0_IRQHandler                  0x080008f4   Section        0  stm32h7xx_it.o(i.FDCAN1_IT0_IRQHandler)
    i.FDCAN1_IT1_IRQHandler                  0x08000900   Section        0  stm32h7xx_it.o(i.FDCAN1_IT1_IRQHandler)
    i.FDCAN2_IT0_IRQHandler                  0x0800090c   Section        0  stm32h7xx_it.o(i.FDCAN2_IT0_IRQHandler)
    i.FDCAN2_IT1_IRQHandler                  0x08000918   Section        0  stm32h7xx_it.o(i.FDCAN2_IT1_IRQHandler)
    i.FDCAN_CAL_IRQHandler                   0x08000924   Section        0  stm32h7xx_it.o(i.FDCAN_CAL_IRQHandler)
    i.FDCAN_CalcultateRamBlockAddresses      0x08000940   Section        0  stm32h7xx_hal_fdcan.o(i.FDCAN_CalcultateRamBlockAddresses)
    FDCAN_CalcultateRamBlockAddresses        0x08000941   Thumb Code   446  stm32h7xx_hal_fdcan.o(i.FDCAN_CalcultateRamBlockAddresses)
    i.HAL_DMA_Abort                          0x08000b08   Section        0  stm32h7xx_hal_dma.o(i.HAL_DMA_Abort)
    i.HAL_DMA_Abort_IT                       0x08000e68   Section        0  stm32h7xx_hal_dma.o(i.HAL_DMA_Abort_IT)
    i.HAL_DMA_GetError                       0x080010ec   Section        0  stm32h7xx_hal_dma.o(i.HAL_DMA_GetError)
    i.HAL_DMA_IRQHandler                     0x080010f0   Section        0  stm32h7xx_hal_dma.o(i.HAL_DMA_IRQHandler)
    i.HAL_DMA_Init                           0x080017d8   Section        0  stm32h7xx_hal_dma.o(i.HAL_DMA_Init)
    i.HAL_DMA_Start_IT                       0x08001b94   Section        0  stm32h7xx_hal_dma.o(i.HAL_DMA_Start_IT)
    i.HAL_Delay                              0x08001e30   Section        0  stm32h7xx_hal.o(i.HAL_Delay)
    i.HAL_FDCAN_ActivateNotification         0x08001e54   Section        0  stm32h7xx_hal_fdcan.o(i.HAL_FDCAN_ActivateNotification)
    i.HAL_FDCAN_ClockCalibrationCallback     0x08001edc   Section        0  stm32h7xx_hal_fdcan.o(i.HAL_FDCAN_ClockCalibrationCallback)
    i.HAL_FDCAN_ConfigGlobalFilter           0x08001ede   Section        0  stm32h7xx_hal_fdcan.o(i.HAL_FDCAN_ConfigGlobalFilter)
    i.HAL_FDCAN_ErrorCallback                0x08001f10   Section        0  stm32h7xx_hal_fdcan.o(i.HAL_FDCAN_ErrorCallback)
    i.HAL_FDCAN_ErrorStatusCallback          0x08001f12   Section        0  stm32h7xx_hal_fdcan.o(i.HAL_FDCAN_ErrorStatusCallback)
    i.HAL_FDCAN_GetRxMessage                 0x08001f14   Section        0  stm32h7xx_hal_fdcan.o(i.HAL_FDCAN_GetRxMessage)
    i.HAL_FDCAN_HighPriorityMessageCallback  0x080020a0   Section        0  stm32h7xx_hal_fdcan.o(i.HAL_FDCAN_HighPriorityMessageCallback)
    i.HAL_FDCAN_IRQHandler                   0x080020a4   Section        0  stm32h7xx_hal_fdcan.o(i.HAL_FDCAN_IRQHandler)
    i.HAL_FDCAN_Init                         0x080023c4   Section        0  stm32h7xx_hal_fdcan.o(i.HAL_FDCAN_Init)
    i.HAL_FDCAN_MspInit                      0x08002608   Section        0  fdcan.o(i.HAL_FDCAN_MspInit)
    i.HAL_FDCAN_RxBufferNewMessageCallback   0x0800275c   Section        0  stm32h7xx_hal_fdcan.o(i.HAL_FDCAN_RxBufferNewMessageCallback)
    i.HAL_FDCAN_RxFifo0Callback              0x08002760   Section        0  can.o(i.HAL_FDCAN_RxFifo0Callback)
    i.HAL_FDCAN_RxFifo1Callback              0x0800279c   Section        0  stm32h7xx_hal_fdcan.o(i.HAL_FDCAN_RxFifo1Callback)
    i.HAL_FDCAN_Start                        0x0800279e   Section        0  stm32h7xx_hal_fdcan.o(i.HAL_FDCAN_Start)
    i.HAL_FDCAN_TT_GlobalTimeCallback        0x080027d0   Section        0  stm32h7xx_hal_fdcan.o(i.HAL_FDCAN_TT_GlobalTimeCallback)
    i.HAL_FDCAN_TT_ScheduleSyncCallback      0x080027d2   Section        0  stm32h7xx_hal_fdcan.o(i.HAL_FDCAN_TT_ScheduleSyncCallback)
    i.HAL_FDCAN_TT_StopWatchCallback         0x080027d4   Section        0  stm32h7xx_hal_fdcan.o(i.HAL_FDCAN_TT_StopWatchCallback)
    i.HAL_FDCAN_TT_TimeMarkCallback          0x080027d6   Section        0  stm32h7xx_hal_fdcan.o(i.HAL_FDCAN_TT_TimeMarkCallback)
    i.HAL_FDCAN_TimeoutOccurredCallback      0x080027d8   Section        0  stm32h7xx_hal_fdcan.o(i.HAL_FDCAN_TimeoutOccurredCallback)
    i.HAL_FDCAN_TimestampWraparoundCallback  0x080027da   Section        0  stm32h7xx_hal_fdcan.o(i.HAL_FDCAN_TimestampWraparoundCallback)
    i.HAL_FDCAN_TxBufferAbortCallback        0x080027dc   Section        0  stm32h7xx_hal_fdcan.o(i.HAL_FDCAN_TxBufferAbortCallback)
    i.HAL_FDCAN_TxBufferCompleteCallback     0x080027de   Section        0  stm32h7xx_hal_fdcan.o(i.HAL_FDCAN_TxBufferCompleteCallback)
    i.HAL_FDCAN_TxEventFifoCallback          0x080027e0   Section        0  stm32h7xx_hal_fdcan.o(i.HAL_FDCAN_TxEventFifoCallback)
    i.HAL_FDCAN_TxFifoEmptyCallback          0x080027e2   Section        0  stm32h7xx_hal_fdcan.o(i.HAL_FDCAN_TxFifoEmptyCallback)
    i.HAL_GPIO_Init                          0x080027e4   Section        0  stm32h7xx_hal_gpio.o(i.HAL_GPIO_Init)
    i.HAL_GetTick                            0x08002a00   Section        0  stm32h7xx_hal.o(i.HAL_GetTick)
    i.HAL_IncTick                            0x08002a0c   Section        0  stm32h7xx_hal.o(i.HAL_IncTick)
    i.HAL_Init                               0x08002a1c   Section        0  stm32h7xx_hal.o(i.HAL_Init)
    i.HAL_InitTick                           0x08002a78   Section        0  stm32h7xx_hal.o(i.HAL_InitTick)
    i.HAL_MPU_ConfigRegion                   0x08002ab8   Section        0  stm32h7xx_hal_cortex.o(i.HAL_MPU_ConfigRegion)
    i.HAL_MPU_Disable                        0x08002b14   Section        0  stm32h7xx_hal_cortex.o(i.HAL_MPU_Disable)
    i.HAL_MPU_Enable                         0x08002b30   Section        0  stm32h7xx_hal_cortex.o(i.HAL_MPU_Enable)
    i.HAL_MspInit                            0x08002b54   Section        0  stm32h7xx_hal_msp.o(i.HAL_MspInit)
    i.HAL_NVIC_EnableIRQ                     0x08002b70   Section        0  stm32h7xx_hal_cortex.o(i.HAL_NVIC_EnableIRQ)
    i.HAL_NVIC_SetPriority                   0x08002b8c   Section        0  stm32h7xx_hal_cortex.o(i.HAL_NVIC_SetPriority)
    i.HAL_NVIC_SetPriorityGrouping           0x08002bcc   Section        0  stm32h7xx_hal_cortex.o(i.HAL_NVIC_SetPriorityGrouping)
    i.HAL_PWREx_ConfigSupply                 0x08002bf0   Section        0  stm32h7xx_hal_pwr_ex.o(i.HAL_PWREx_ConfigSupply)
    i.HAL_RCCEx_GetD3PCLK1Freq               0x08002c44   Section        0  stm32h7xx_hal_rcc_ex.o(i.HAL_RCCEx_GetD3PCLK1Freq)
    i.HAL_RCCEx_GetPLL2ClockFreq             0x08002c68   Section        0  stm32h7xx_hal_rcc_ex.o(i.HAL_RCCEx_GetPLL2ClockFreq)
    i.HAL_RCCEx_GetPLL3ClockFreq             0x08002dac   Section        0  stm32h7xx_hal_rcc_ex.o(i.HAL_RCCEx_GetPLL3ClockFreq)
    i.HAL_RCCEx_PeriphCLKConfig              0x08002ef0   Section        0  stm32h7xx_hal_rcc_ex.o(i.HAL_RCCEx_PeriphCLKConfig)
    i.HAL_RCC_ClockConfig                    0x0800382c   Section        0  stm32h7xx_hal_rcc.o(i.HAL_RCC_ClockConfig)
    i.HAL_RCC_GetHCLKFreq                    0x08003a88   Section        0  stm32h7xx_hal_rcc.o(i.HAL_RCC_GetHCLKFreq)
    i.HAL_RCC_GetPCLK1Freq                   0x08003acc   Section        0  stm32h7xx_hal_rcc.o(i.HAL_RCC_GetPCLK1Freq)
    i.HAL_RCC_GetPCLK2Freq                   0x08003af0   Section        0  stm32h7xx_hal_rcc.o(i.HAL_RCC_GetPCLK2Freq)
    i.HAL_RCC_GetSysClockFreq                0x08003b14   Section        0  stm32h7xx_hal_rcc.o(i.HAL_RCC_GetSysClockFreq)
    i.HAL_RCC_OscConfig                      0x08003c4c   Section        0  stm32h7xx_hal_rcc.o(i.HAL_RCC_OscConfig)
    i.HAL_SPI_Init                           0x08004174   Section        0  stm32h7xx_hal_spi.o(i.HAL_SPI_Init)
    i.HAL_SPI_MspInit                        0x080042f0   Section        0  spi.o(i.HAL_SPI_MspInit)
    i.HAL_SPI_Transmit                       0x08004378   Section        0  stm32h7xx_hal_spi.o(i.HAL_SPI_Transmit)
    i.HAL_SYSTICK_Config                     0x080045ba   Section        0  stm32h7xx_hal_cortex.o(i.HAL_SYSTICK_Config)
    i.HAL_TIMEx_MasterConfigSynchronization  0x080045e0   Section        0  stm32h7xx_hal_tim_ex.o(i.HAL_TIMEx_MasterConfigSynchronization)
    i.HAL_TIM_MspPostInit                    0x08004698   Section        0  tim.o(i.HAL_TIM_MspPostInit)
    i.HAL_TIM_PWM_ConfigChannel              0x080046e8   Section        0  stm32h7xx_hal_tim.o(i.HAL_TIM_PWM_ConfigChannel)
    i.HAL_TIM_PWM_Init                       0x0800480c   Section        0  stm32h7xx_hal_tim.o(i.HAL_TIM_PWM_Init)
    i.HAL_TIM_PWM_MspInit                    0x08004870   Section        0  tim.o(i.HAL_TIM_PWM_MspInit)
    i.HAL_UARTEx_DisableFifoMode             0x08004898   Section        0  stm32h7xx_hal_uart_ex.o(i.HAL_UARTEx_DisableFifoMode)
    i.HAL_UARTEx_RxEventCallback             0x080048d8   Section        0  stm32h7xx_hal_uart.o(i.HAL_UARTEx_RxEventCallback)
    i.HAL_UARTEx_RxFifoFullCallback          0x080048da   Section        0  stm32h7xx_hal_uart_ex.o(i.HAL_UARTEx_RxFifoFullCallback)
    i.HAL_UARTEx_SetRxFifoThreshold          0x080048dc   Section        0  stm32h7xx_hal_uart_ex.o(i.HAL_UARTEx_SetRxFifoThreshold)
    i.HAL_UARTEx_SetTxFifoThreshold          0x08004928   Section        0  stm32h7xx_hal_uart_ex.o(i.HAL_UARTEx_SetTxFifoThreshold)
    i.HAL_UARTEx_TxFifoEmptyCallback         0x08004974   Section        0  stm32h7xx_hal_uart_ex.o(i.HAL_UARTEx_TxFifoEmptyCallback)
    i.HAL_UARTEx_WakeupCallback              0x08004976   Section        0  stm32h7xx_hal_uart_ex.o(i.HAL_UARTEx_WakeupCallback)
    i.HAL_UART_DMAStop                       0x08004978   Section        0  stm32h7xx_hal_uart.o(i.HAL_UART_DMAStop)
    i.HAL_UART_ErrorCallback                 0x08004a0a   Section        0  stm32h7xx_hal_uart.o(i.HAL_UART_ErrorCallback)
    i.HAL_UART_IRQHandler                    0x08004a0c   Section        0  stm32h7xx_hal_uart.o(i.HAL_UART_IRQHandler)
    i.HAL_UART_Init                          0x08004d94   Section        0  stm32h7xx_hal_uart.o(i.HAL_UART_Init)
    i.HAL_UART_MspInit                       0x08004e00   Section        0  usart.o(i.HAL_UART_MspInit)
    i.HAL_UART_Receive_DMA                   0x08004f90   Section        0  stm32h7xx_hal_uart.o(i.HAL_UART_Receive_DMA)
    i.HAL_UART_RxCpltCallback                0x08004fd8   Section        0  dr16.o(i.HAL_UART_RxCpltCallback)
    i.HAL_UART_RxHalfCpltCallback            0x08004fe8   Section        0  stm32h7xx_hal_uart.o(i.HAL_UART_RxHalfCpltCallback)
    i.HAL_UART_Transmit_IT                   0x08004fec   Section        0  stm32h7xx_hal_uart.o(i.HAL_UART_Transmit_IT)
    i.HAL_UART_TxCpltCallback                0x08005084   Section        0  usart.o(i.HAL_UART_TxCpltCallback)
    i.HardFault_Handler                      0x080050bc   Section        0  stm32h7xx_it.o(i.HardFault_Handler)
    i.MX_DMA_Init                            0x080050c0   Section        0  dma.o(i.MX_DMA_Init)
    i.MX_FDCAN1_Init                         0x080050fc   Section        0  fdcan.o(i.MX_FDCAN1_Init)
    i.MX_FDCAN2_Init                         0x08005170   Section        0  fdcan.o(i.MX_FDCAN2_Init)
    i.MX_GPIO_Init                           0x080051e8   Section        0  gpio.o(i.MX_GPIO_Init)
    i.MX_SPI6_Init                           0x08005234   Section        0  spi.o(i.MX_SPI6_Init)
    i.MX_TIM12_Init                          0x08005298   Section        0  tim.o(i.MX_TIM12_Init)
    i.MX_UART5_Init                          0x0800530c   Section        0  usart.o(i.MX_UART5_Init)
    i.MX_USART1_UART_Init                    0x08005378   Section        0  usart.o(i.MX_USART1_UART_Init)
    i.MemManage_Handler                      0x080053e0   Section        0  stm32h7xx_it.o(i.MemManage_Handler)
    i.NMI_Handler                            0x080053e2   Section        0  stm32h7xx_it.o(i.NMI_Handler)
    i.PendSV_Handler                         0x080053e4   Section        0  stm32h7xx_it.o(i.PendSV_Handler)
    i.RCCEx_PLL2_Config                      0x080053e8   Section        0  stm32h7xx_hal_rcc_ex.o(i.RCCEx_PLL2_Config)
    RCCEx_PLL2_Config                        0x080053e9   Thumb Code   284  stm32h7xx_hal_rcc_ex.o(i.RCCEx_PLL2_Config)
    i.RCCEx_PLL3_Config                      0x08005508   Section        0  stm32h7xx_hal_rcc_ex.o(i.RCCEx_PLL3_Config)
    RCCEx_PLL3_Config                        0x08005509   Thumb Code   284  stm32h7xx_hal_rcc_ex.o(i.RCCEx_PLL3_Config)
    i.SPI_CloseTransfer                      0x08005628   Section        0  stm32h7xx_hal_spi.o(i.SPI_CloseTransfer)
    SPI_CloseTransfer                        0x08005629   Thumb Code   188  stm32h7xx_hal_spi.o(i.SPI_CloseTransfer)
    i.SPI_WaitOnFlagUntilTimeout             0x080056e4   Section        0  stm32h7xx_hal_spi.o(i.SPI_WaitOnFlagUntilTimeout)
    SPI_WaitOnFlagUntilTimeout               0x080056e5   Thumb Code    70  stm32h7xx_hal_spi.o(i.SPI_WaitOnFlagUntilTimeout)
    i.SVC_Handler                            0x0800572a   Section        0  stm32h7xx_it.o(i.SVC_Handler)
    i.SysTick_Handler                        0x0800572c   Section        0  stm32h7xx_it.o(i.SysTick_Handler)
    i.SystemClock_Config                     0x08005730   Section        0  main.o(i.SystemClock_Config)
    i.SystemInit                             0x080057c8   Section        0  system_stm32h7xx.o(i.SystemInit)
    i.TIM_Base_SetConfig                     0x08005888   Section        0  stm32h7xx_hal_tim.o(i.TIM_Base_SetConfig)
    i.TIM_OC1_SetConfig                      0x0800596c   Section        0  stm32h7xx_hal_tim.o(i.TIM_OC1_SetConfig)
    TIM_OC1_SetConfig                        0x0800596d   Thumb Code   140  stm32h7xx_hal_tim.o(i.TIM_OC1_SetConfig)
    i.TIM_OC2_SetConfig                      0x08005a10   Section        0  stm32h7xx_hal_tim.o(i.TIM_OC2_SetConfig)
    i.TIM_OC3_SetConfig                      0x08005aa8   Section        0  stm32h7xx_hal_tim.o(i.TIM_OC3_SetConfig)
    TIM_OC3_SetConfig                        0x08005aa9   Thumb Code   126  stm32h7xx_hal_tim.o(i.TIM_OC3_SetConfig)
    i.TIM_OC4_SetConfig                      0x08005b40   Section        0  stm32h7xx_hal_tim.o(i.TIM_OC4_SetConfig)
    TIM_OC4_SetConfig                        0x08005b41   Thumb Code    96  stm32h7xx_hal_tim.o(i.TIM_OC4_SetConfig)
    i.TIM_OC5_SetConfig                      0x08005bb8   Section        0  stm32h7xx_hal_tim.o(i.TIM_OC5_SetConfig)
    TIM_OC5_SetConfig                        0x08005bb9   Thumb Code    90  stm32h7xx_hal_tim.o(i.TIM_OC5_SetConfig)
    i.TIM_OC6_SetConfig                      0x08005c2c   Section        0  stm32h7xx_hal_tim.o(i.TIM_OC6_SetConfig)
    TIM_OC6_SetConfig                        0x08005c2d   Thumb Code    90  stm32h7xx_hal_tim.o(i.TIM_OC6_SetConfig)
    i.UARTEx_SetNbDataToProcess              0x08005ca0   Section        0  stm32h7xx_hal_uart_ex.o(i.UARTEx_SetNbDataToProcess)
    UARTEx_SetNbDataToProcess                0x08005ca1   Thumb Code    62  stm32h7xx_hal_uart_ex.o(i.UARTEx_SetNbDataToProcess)
    i.UART_AdvFeatureConfig                  0x08005ce4   Section        0  stm32h7xx_hal_uart.o(i.UART_AdvFeatureConfig)
    i.UART_CheckIdleState                    0x08005dac   Section        0  stm32h7xx_hal_uart.o(i.UART_CheckIdleState)
    i.UART_DMAAbortOnError                   0x08005e56   Section        0  stm32h7xx_hal_uart.o(i.UART_DMAAbortOnError)
    UART_DMAAbortOnError                     0x08005e57   Thumb Code    20  stm32h7xx_hal_uart.o(i.UART_DMAAbortOnError)
    i.UART_DMAError                          0x08005e6a   Section        0  stm32h7xx_hal_uart.o(i.UART_DMAError)
    UART_DMAError                            0x08005e6b   Thumb Code    78  stm32h7xx_hal_uart.o(i.UART_DMAError)
    i.UART_DMAReceiveCplt                    0x08005eb8   Section        0  stm32h7xx_hal_uart.o(i.UART_DMAReceiveCplt)
    UART_DMAReceiveCplt                      0x08005eb9   Thumb Code   130  stm32h7xx_hal_uart.o(i.UART_DMAReceiveCplt)
    i.UART_DMARxHalfCplt                     0x08005f3a   Section        0  stm32h7xx_hal_uart.o(i.UART_DMARxHalfCplt)
    UART_DMARxHalfCplt                       0x08005f3b   Thumb Code    32  stm32h7xx_hal_uart.o(i.UART_DMARxHalfCplt)
    i.UART_EndRxTransfer                     0x08005f5c   Section        0  stm32h7xx_hal_uart.o(i.UART_EndRxTransfer)
    UART_EndRxTransfer                       0x08005f5d   Thumb Code    78  stm32h7xx_hal_uart.o(i.UART_EndRxTransfer)
    i.UART_EndTxTransfer                     0x08005fb0   Section        0  stm32h7xx_hal_uart.o(i.UART_EndTxTransfer)
    UART_EndTxTransfer                       0x08005fb1   Thumb Code    46  stm32h7xx_hal_uart.o(i.UART_EndTxTransfer)
    i.UART_SetConfig                         0x08005fe0   Section        0  stm32h7xx_hal_uart.o(i.UART_SetConfig)
    i.UART_Start_Receive_DMA                 0x080063bc   Section        0  stm32h7xx_hal_uart.o(i.UART_Start_Receive_DMA)
    i.UART_TxISR_16BIT                       0x08006464   Section        0  stm32h7xx_hal_uart.o(i.UART_TxISR_16BIT)
    UART_TxISR_16BIT                         0x08006465   Thumb Code    82  stm32h7xx_hal_uart.o(i.UART_TxISR_16BIT)
    i.UART_TxISR_16BIT_FIFOEN                0x080064b8   Section        0  stm32h7xx_hal_uart.o(i.UART_TxISR_16BIT_FIFOEN)
    UART_TxISR_16BIT_FIFOEN                  0x080064b9   Thumb Code   106  stm32h7xx_hal_uart.o(i.UART_TxISR_16BIT_FIFOEN)
    i.UART_TxISR_8BIT                        0x08006522   Section        0  stm32h7xx_hal_uart.o(i.UART_TxISR_8BIT)
    UART_TxISR_8BIT                          0x08006523   Thumb Code    78  stm32h7xx_hal_uart.o(i.UART_TxISR_8BIT)
    i.UART_TxISR_8BIT_FIFOEN                 0x08006570   Section        0  stm32h7xx_hal_uart.o(i.UART_TxISR_8BIT_FIFOEN)
    UART_TxISR_8BIT_FIFOEN                   0x08006571   Thumb Code   102  stm32h7xx_hal_uart.o(i.UART_TxISR_8BIT_FIFOEN)
    i.UART_WaitOnFlagUntilTimeout            0x080065d6   Section        0  stm32h7xx_hal_uart.o(i.UART_WaitOnFlagUntilTimeout)
    i.USART1_IRQHandler                      0x0800666c   Section        0  stm32h7xx_it.o(i.USART1_IRQHandler)
    i.UsageFault_Handler                     0x08006678   Section        0  stm32h7xx_it.o(i.UsageFault_Handler)
    i.WS2812_Ctrl                            0x0800667c   Section        0  ws2812.o(i.WS2812_Ctrl)
    i._Parse_RC_Data                         0x08006718   Section        0  dr16.o(i._Parse_RC_Data)
    i.__0printf$1                            0x080068c8   Section        0  printf1.o(i.__0printf$1)
    i.__NVIC_SetPriority                     0x080068e8   Section        0  stm32h7xx_hal_cortex.o(i.__NVIC_SetPriority)
    __NVIC_SetPriority                       0x080068e9   Thumb Code    34  stm32h7xx_hal_cortex.o(i.__NVIC_SetPriority)
    i.__scatterload_copy                     0x0800690a   Section       14  handlers.o(i.__scatterload_copy)
    i.__scatterload_null                     0x08006918   Section        2  handlers.o(i.__scatterload_null)
    i.__scatterload_zeroinit                 0x0800691a   Section       14  handlers.o(i.__scatterload_zeroinit)
    i._printf_core                           0x08006928   Section        0  printf1.o(i._printf_core)
    _printf_core                             0x08006929   Thumb Code   336  printf1.o(i._printf_core)
    i.fputc                                  0x08006a7c   Section        0  usart.o(i.fputc)
    i.main                                   0x08006ac8   Section        0  main.o(i.main)
    .constdata                               0x08006b70   Section       92  stm32h7xx_hal_fdcan.o(.constdata)
    DLCtoBytes                               0x08006b70   Data          16  stm32h7xx_hal_fdcan.o(.constdata)
    .constdata                               0x08006bcc   Section        8  stm32h7xx_hal_dma.o(.constdata)
    flagBitshiftOffset                       0x08006bcc   Data           8  stm32h7xx_hal_dma.o(.constdata)
    .constdata                               0x08006bd4   Section       24  stm32h7xx_hal_uart.o(.constdata)
    .constdata                               0x08006bec   Section       16  stm32h7xx_hal_uart_ex.o(.constdata)
    numerator                                0x08006bec   Data           8  stm32h7xx_hal_uart_ex.o(.constdata)
    denominator                              0x08006bf4   Data           8  stm32h7xx_hal_uart_ex.o(.constdata)
    .constdata                               0x08006bfc   Section       16  system_stm32h7xx.o(.constdata)
    .bss                                     0x20000000   Section       76  tim.o(.bss)
    .bss                                     0x2000004c   Section       48  can.o(.bss)
    STACK                                    0x20000080   Section     1024  startup_stm32h723xx.o(STACK)
    .data                                    0x24000000   Section        4  fdcan.o(.data)
    HAL_RCC_FDCAN_CLK_ENABLED                0x24000000   Data           4  fdcan.o(.data)
    .data                                    0x24000004   Section        4  usart.o(.data)
    tx_write_pos                             0x24000004   Data           2  usart.o(.data)
    tx_read_pos                              0x24000006   Data           2  usart.o(.data)
    .data                                    0x24000008   Section       12  stm32h7xx_hal.o(.data)
    .data                                    0x24000014   Section        8  system_stm32h7xx.o(.data)
    .data                                    0x2400001c   Section        4  stdout.o(.data)
    .bss                                     0x24000020   Section      320  fdcan.o(.bss)
    .bss                                     0x24000160   Section      136  spi.o(.bss)
    .bss                                     0x240001e8   Section      600  usart.o(.bss)
    tx_buffer                                0x24000400   Data          64  usart.o(.bss)
    .bss                                     0x24000440   Section       62  dr16.o(.bss)

    Global Symbols

    Symbol Name                              Value     Ov Type        Size  Object(Section)

    BuildAttributes$$THM_ISAv4$E$P$D$K$B$S$7EM$VFPv5_D16$PE$PLD8$A:L22UL41UL21$X:L11$S22US41US21$IEEE1$IW$USESV6$~STKCKD$USESV7$~SHL$OSPACE$ROPI$EBA8$MICROLIB$REQ8$PRES8$EABIv2 0x00000000   Number         0  anon$$obj.o ABSOLUTE
    __ARM_use_no_argv                        0x00000000   Number         0  main.o ABSOLUTE
    _printf_a                                0x00000000   Number         0  stubs.o ABSOLUTE
    _printf_c                                0x00000000   Number         0  stubs.o ABSOLUTE
    _printf_charcount                        0x00000000   Number         0  stubs.o ABSOLUTE
    _printf_d                                0x00000000   Number         0  stubs.o ABSOLUTE
    _printf_e                                0x00000000   Number         0  stubs.o ABSOLUTE
    _printf_f                                0x00000000   Number         0  stubs.o ABSOLUTE
    _printf_flags                            0x00000000   Number         0  stubs.o ABSOLUTE
    _printf_fp_dec                           0x00000000   Number         0  stubs.o ABSOLUTE
    _printf_fp_hex                           0x00000000   Number         0  stubs.o ABSOLUTE
    _printf_g                                0x00000000   Number         0  stubs.o ABSOLUTE
    _printf_i                                0x00000000   Number         0  stubs.o ABSOLUTE
    _printf_int_dec                          0x00000000   Number         0  stubs.o ABSOLUTE
    _printf_l                                0x00000000   Number         0  stubs.o ABSOLUTE
    _printf_lc                               0x00000000   Number         0  stubs.o ABSOLUTE
    _printf_ll                               0x00000000   Number         0  stubs.o ABSOLUTE
    _printf_lld                              0x00000000   Number         0  stubs.o ABSOLUTE
    _printf_lli                              0x00000000   Number         0  stubs.o ABSOLUTE
    _printf_llo                              0x00000000   Number         0  stubs.o ABSOLUTE
    _printf_llu                              0x00000000   Number         0  stubs.o ABSOLUTE
    _printf_llx                              0x00000000   Number         0  stubs.o ABSOLUTE
    _printf_longlong_dec                     0x00000000   Number         0  stubs.o ABSOLUTE
    _printf_longlong_hex                     0x00000000   Number         0  stubs.o ABSOLUTE
    _printf_longlong_oct                     0x00000000   Number         0  stubs.o ABSOLUTE
    _printf_ls                               0x00000000   Number         0  stubs.o ABSOLUTE
    _printf_mbtowc                           0x00000000   Number         0  stubs.o ABSOLUTE
    _printf_n                                0x00000000   Number         0  stubs.o ABSOLUTE
    _printf_o                                0x00000000   Number         0  stubs.o ABSOLUTE
    _printf_p                                0x00000000   Number         0  stubs.o ABSOLUTE
    _printf_percent                          0x00000000   Number         0  stubs.o ABSOLUTE
    _printf_pre_padding                      0x00000000   Number         0  stubs.o ABSOLUTE
    _printf_return_value                     0x00000000   Number         0  stubs.o ABSOLUTE
    _printf_s                                0x00000000   Number         0  stubs.o ABSOLUTE
    _printf_sizespec                         0x00000000   Number         0  stubs.o ABSOLUTE
    _printf_str                              0x00000000   Number         0  stubs.o ABSOLUTE
    _printf_truncate_signed                  0x00000000   Number         0  stubs.o ABSOLUTE
    _printf_truncate_unsigned                0x00000000   Number         0  stubs.o ABSOLUTE
    _printf_u                                0x00000000   Number         0  stubs.o ABSOLUTE
    _printf_wc                               0x00000000   Number         0  stubs.o ABSOLUTE
    _printf_wctomb                           0x00000000   Number         0  stubs.o ABSOLUTE
    _printf_widthprec                        0x00000000   Number         0  stubs.o ABSOLUTE
    _printf_x                                0x00000000   Number         0  stubs.o ABSOLUTE
    __arm_fini_                               - Undefined Weak Reference
    __cpp_initialize__aeabi_                  - Undefined Weak Reference
    __cxa_finalize                            - Undefined Weak Reference
    __decompress                              - Undefined Weak Reference
    _clock_init                               - Undefined Weak Reference
    _microlib_exit                            - Undefined Weak Reference
    __Vectors_Size                           0x000002cc   Number         0  startup_stm32h723xx.o ABSOLUTE
    __Vectors                                0x08000000   Data           4  startup_stm32h723xx.o(RESET)
    __Vectors_End                            0x080002cc   Data           0  startup_stm32h723xx.o(RESET)
    __main                                   0x080002cd   Thumb Code     0  entry.o(.ARM.Collect$$$$00000000)
    _main_stk                                0x080002cd   Thumb Code     0  entry2.o(.ARM.Collect$$$$00000001)
    _main_scatterload                        0x080002d1   Thumb Code     0  entry5.o(.ARM.Collect$$$$00000004)
    __main_after_scatterload                 0x080002d5   Thumb Code     0  entry5.o(.ARM.Collect$$$$00000004)
    _main_clock                              0x080002d5   Thumb Code     0  entry7b.o(.ARM.Collect$$$$00000008)
    _main_cpp_init                           0x080002d5   Thumb Code     0  entry8b.o(.ARM.Collect$$$$0000000A)
    _main_init                               0x080002d5   Thumb Code     0  entry9a.o(.ARM.Collect$$$$0000000B)
    __rt_lib_shutdown_fini                   0x080002dd   Thumb Code     0  entry12b.o(.ARM.Collect$$$$0000000E)
    __rt_final_cpp                           0x080002e1   Thumb Code     0  entry10a.o(.ARM.Collect$$$$0000000F)
    __rt_final_exit                          0x080002e1   Thumb Code     0  entry11a.o(.ARM.Collect$$$$00000011)
    Reset_Handler                            0x080002e5   Thumb Code     8  startup_stm32h723xx.o(.text)
    ADC3_IRQHandler                          0x080002ff   Thumb Code     0  startup_stm32h723xx.o(.text)
    ADC_IRQHandler                           0x080002ff   Thumb Code     0  startup_stm32h723xx.o(.text)
    BDMA_Channel0_IRQHandler                 0x080002ff   Thumb Code     0  startup_stm32h723xx.o(.text)
    BDMA_Channel1_IRQHandler                 0x080002ff   Thumb Code     0  startup_stm32h723xx.o(.text)
    BDMA_Channel2_IRQHandler                 0x080002ff   Thumb Code     0  startup_stm32h723xx.o(.text)
    BDMA_Channel3_IRQHandler                 0x080002ff   Thumb Code     0  startup_stm32h723xx.o(.text)
    BDMA_Channel4_IRQHandler                 0x080002ff   Thumb Code     0  startup_stm32h723xx.o(.text)
    BDMA_Channel5_IRQHandler                 0x080002ff   Thumb Code     0  startup_stm32h723xx.o(.text)
    BDMA_Channel6_IRQHandler                 0x080002ff   Thumb Code     0  startup_stm32h723xx.o(.text)
    BDMA_Channel7_IRQHandler                 0x080002ff   Thumb Code     0  startup_stm32h723xx.o(.text)
    CEC_IRQHandler                           0x080002ff   Thumb Code     0  startup_stm32h723xx.o(.text)
    COMP1_IRQHandler                         0x080002ff   Thumb Code     0  startup_stm32h723xx.o(.text)
    CORDIC_IRQHandler                        0x080002ff   Thumb Code     0  startup_stm32h723xx.o(.text)
    CRS_IRQHandler                           0x080002ff   Thumb Code     0  startup_stm32h723xx.o(.text)
    DCMI_PSSI_IRQHandler                     0x080002ff   Thumb Code     0  startup_stm32h723xx.o(.text)
    DFSDM1_FLT0_IRQHandler                   0x080002ff   Thumb Code     0  startup_stm32h723xx.o(.text)
    DFSDM1_FLT1_IRQHandler                   0x080002ff   Thumb Code     0  startup_stm32h723xx.o(.text)
    DFSDM1_FLT2_IRQHandler                   0x080002ff   Thumb Code     0  startup_stm32h723xx.o(.text)
    DFSDM1_FLT3_IRQHandler                   0x080002ff   Thumb Code     0  startup_stm32h723xx.o(.text)
    DMA1_Stream2_IRQHandler                  0x080002ff   Thumb Code     0  startup_stm32h723xx.o(.text)
    DMA1_Stream3_IRQHandler                  0x080002ff   Thumb Code     0  startup_stm32h723xx.o(.text)
    DMA1_Stream4_IRQHandler                  0x080002ff   Thumb Code     0  startup_stm32h723xx.o(.text)
    DMA1_Stream5_IRQHandler                  0x080002ff   Thumb Code     0  startup_stm32h723xx.o(.text)
    DMA1_Stream6_IRQHandler                  0x080002ff   Thumb Code     0  startup_stm32h723xx.o(.text)
    DMA1_Stream7_IRQHandler                  0x080002ff   Thumb Code     0  startup_stm32h723xx.o(.text)
    DMA2D_IRQHandler                         0x080002ff   Thumb Code     0  startup_stm32h723xx.o(.text)
    DMA2_Stream0_IRQHandler                  0x080002ff   Thumb Code     0  startup_stm32h723xx.o(.text)
    DMA2_Stream1_IRQHandler                  0x080002ff   Thumb Code     0  startup_stm32h723xx.o(.text)
    DMA2_Stream2_IRQHandler                  0x080002ff   Thumb Code     0  startup_stm32h723xx.o(.text)
    DMA2_Stream3_IRQHandler                  0x080002ff   Thumb Code     0  startup_stm32h723xx.o(.text)
    DMA2_Stream4_IRQHandler                  0x080002ff   Thumb Code     0  startup_stm32h723xx.o(.text)
    DMA2_Stream5_IRQHandler                  0x080002ff   Thumb Code     0  startup_stm32h723xx.o(.text)
    DMA2_Stream6_IRQHandler                  0x080002ff   Thumb Code     0  startup_stm32h723xx.o(.text)
    DMA2_Stream7_IRQHandler                  0x080002ff   Thumb Code     0  startup_stm32h723xx.o(.text)
    DMAMUX1_OVR_IRQHandler                   0x080002ff   Thumb Code     0  startup_stm32h723xx.o(.text)
    DMAMUX2_OVR_IRQHandler                   0x080002ff   Thumb Code     0  startup_stm32h723xx.o(.text)
    DTS_IRQHandler                           0x080002ff   Thumb Code     0  startup_stm32h723xx.o(.text)
    ECC_IRQHandler                           0x080002ff   Thumb Code     0  startup_stm32h723xx.o(.text)
    ETH_IRQHandler                           0x080002ff   Thumb Code     0  startup_stm32h723xx.o(.text)
    ETH_WKUP_IRQHandler                      0x080002ff   Thumb Code     0  startup_stm32h723xx.o(.text)
    EXTI0_IRQHandler                         0x080002ff   Thumb Code     0  startup_stm32h723xx.o(.text)
    EXTI15_10_IRQHandler                     0x080002ff   Thumb Code     0  startup_stm32h723xx.o(.text)
    EXTI1_IRQHandler                         0x080002ff   Thumb Code     0  startup_stm32h723xx.o(.text)
    EXTI2_IRQHandler                         0x080002ff   Thumb Code     0  startup_stm32h723xx.o(.text)
    EXTI3_IRQHandler                         0x080002ff   Thumb Code     0  startup_stm32h723xx.o(.text)
    EXTI4_IRQHandler                         0x080002ff   Thumb Code     0  startup_stm32h723xx.o(.text)
    EXTI9_5_IRQHandler                       0x080002ff   Thumb Code     0  startup_stm32h723xx.o(.text)
    FDCAN3_IT0_IRQHandler                    0x080002ff   Thumb Code     0  startup_stm32h723xx.o(.text)
    FDCAN3_IT1_IRQHandler                    0x080002ff   Thumb Code     0  startup_stm32h723xx.o(.text)
    FLASH_IRQHandler                         0x080002ff   Thumb Code     0  startup_stm32h723xx.o(.text)
    FMAC_IRQHandler                          0x080002ff   Thumb Code     0  startup_stm32h723xx.o(.text)
    FMC_IRQHandler                           0x080002ff   Thumb Code     0  startup_stm32h723xx.o(.text)
    FPU_IRQHandler                           0x080002ff   Thumb Code     0  startup_stm32h723xx.o(.text)
    HSEM1_IRQHandler                         0x080002ff   Thumb Code     0  startup_stm32h723xx.o(.text)
    I2C1_ER_IRQHandler                       0x080002ff   Thumb Code     0  startup_stm32h723xx.o(.text)
    I2C1_EV_IRQHandler                       0x080002ff   Thumb Code     0  startup_stm32h723xx.o(.text)
    I2C2_ER_IRQHandler                       0x080002ff   Thumb Code     0  startup_stm32h723xx.o(.text)
    I2C2_EV_IRQHandler                       0x080002ff   Thumb Code     0  startup_stm32h723xx.o(.text)
    I2C3_ER_IRQHandler                       0x080002ff   Thumb Code     0  startup_stm32h723xx.o(.text)
    I2C3_EV_IRQHandler                       0x080002ff   Thumb Code     0  startup_stm32h723xx.o(.text)
    I2C4_ER_IRQHandler                       0x080002ff   Thumb Code     0  startup_stm32h723xx.o(.text)
    I2C4_EV_IRQHandler                       0x080002ff   Thumb Code     0  startup_stm32h723xx.o(.text)
    I2C5_ER_IRQHandler                       0x080002ff   Thumb Code     0  startup_stm32h723xx.o(.text)
    I2C5_EV_IRQHandler                       0x080002ff   Thumb Code     0  startup_stm32h723xx.o(.text)
    LPTIM1_IRQHandler                        0x080002ff   Thumb Code     0  startup_stm32h723xx.o(.text)
    LPTIM2_IRQHandler                        0x080002ff   Thumb Code     0  startup_stm32h723xx.o(.text)
    LPTIM3_IRQHandler                        0x080002ff   Thumb Code     0  startup_stm32h723xx.o(.text)
    LPTIM4_IRQHandler                        0x080002ff   Thumb Code     0  startup_stm32h723xx.o(.text)
    LPTIM5_IRQHandler                        0x080002ff   Thumb Code     0  startup_stm32h723xx.o(.text)
    LPUART1_IRQHandler                       0x080002ff   Thumb Code     0  startup_stm32h723xx.o(.text)
    LTDC_ER_IRQHandler                       0x080002ff   Thumb Code     0  startup_stm32h723xx.o(.text)
    LTDC_IRQHandler                          0x080002ff   Thumb Code     0  startup_stm32h723xx.o(.text)
    MDIOS_IRQHandler                         0x080002ff   Thumb Code     0  startup_stm32h723xx.o(.text)
    MDIOS_WKUP_IRQHandler                    0x080002ff   Thumb Code     0  startup_stm32h723xx.o(.text)
    MDMA_IRQHandler                          0x080002ff   Thumb Code     0  startup_stm32h723xx.o(.text)
    OCTOSPI1_IRQHandler                      0x080002ff   Thumb Code     0  startup_stm32h723xx.o(.text)
    OCTOSPI2_IRQHandler                      0x080002ff   Thumb Code     0  startup_stm32h723xx.o(.text)
    OTG_HS_EP1_IN_IRQHandler                 0x080002ff   Thumb Code     0  startup_stm32h723xx.o(.text)
    OTG_HS_EP1_OUT_IRQHandler                0x080002ff   Thumb Code     0  startup_stm32h723xx.o(.text)
    OTG_HS_IRQHandler                        0x080002ff   Thumb Code     0  startup_stm32h723xx.o(.text)
    OTG_HS_WKUP_IRQHandler                   0x080002ff   Thumb Code     0  startup_stm32h723xx.o(.text)
    PVD_AVD_IRQHandler                       0x080002ff   Thumb Code     0  startup_stm32h723xx.o(.text)
    RCC_IRQHandler                           0x080002ff   Thumb Code     0  startup_stm32h723xx.o(.text)
    RNG_IRQHandler                           0x080002ff   Thumb Code     0  startup_stm32h723xx.o(.text)
    RTC_Alarm_IRQHandler                     0x080002ff   Thumb Code     0  startup_stm32h723xx.o(.text)
    RTC_WKUP_IRQHandler                      0x080002ff   Thumb Code     0  startup_stm32h723xx.o(.text)
    SAI1_IRQHandler                          0x080002ff   Thumb Code     0  startup_stm32h723xx.o(.text)
    SAI4_IRQHandler                          0x080002ff   Thumb Code     0  startup_stm32h723xx.o(.text)
    SDMMC1_IRQHandler                        0x080002ff   Thumb Code     0  startup_stm32h723xx.o(.text)
    SDMMC2_IRQHandler                        0x080002ff   Thumb Code     0  startup_stm32h723xx.o(.text)
    SPDIF_RX_IRQHandler                      0x080002ff   Thumb Code     0  startup_stm32h723xx.o(.text)
    SPI1_IRQHandler                          0x080002ff   Thumb Code     0  startup_stm32h723xx.o(.text)
    SPI2_IRQHandler                          0x080002ff   Thumb Code     0  startup_stm32h723xx.o(.text)
    SPI3_IRQHandler                          0x080002ff   Thumb Code     0  startup_stm32h723xx.o(.text)
    SPI4_IRQHandler                          0x080002ff   Thumb Code     0  startup_stm32h723xx.o(.text)
    SPI5_IRQHandler                          0x080002ff   Thumb Code     0  startup_stm32h723xx.o(.text)
    SPI6_IRQHandler                          0x080002ff   Thumb Code     0  startup_stm32h723xx.o(.text)
    SWPMI1_IRQHandler                        0x080002ff   Thumb Code     0  startup_stm32h723xx.o(.text)
    TAMP_STAMP_IRQHandler                    0x080002ff   Thumb Code     0  startup_stm32h723xx.o(.text)
    TIM15_IRQHandler                         0x080002ff   Thumb Code     0  startup_stm32h723xx.o(.text)
    TIM16_IRQHandler                         0x080002ff   Thumb Code     0  startup_stm32h723xx.o(.text)
    TIM17_IRQHandler                         0x080002ff   Thumb Code     0  startup_stm32h723xx.o(.text)
    TIM1_BRK_IRQHandler                      0x080002ff   Thumb Code     0  startup_stm32h723xx.o(.text)
    TIM1_CC_IRQHandler                       0x080002ff   Thumb Code     0  startup_stm32h723xx.o(.text)
    TIM1_TRG_COM_IRQHandler                  0x080002ff   Thumb Code     0  startup_stm32h723xx.o(.text)
    TIM1_UP_IRQHandler                       0x080002ff   Thumb Code     0  startup_stm32h723xx.o(.text)
    TIM23_IRQHandler                         0x080002ff   Thumb Code     0  startup_stm32h723xx.o(.text)
    TIM24_IRQHandler                         0x080002ff   Thumb Code     0  startup_stm32h723xx.o(.text)
    TIM2_IRQHandler                          0x080002ff   Thumb Code     0  startup_stm32h723xx.o(.text)
    TIM3_IRQHandler                          0x080002ff   Thumb Code     0  startup_stm32h723xx.o(.text)
    TIM4_IRQHandler                          0x080002ff   Thumb Code     0  startup_stm32h723xx.o(.text)
    TIM5_IRQHandler                          0x080002ff   Thumb Code     0  startup_stm32h723xx.o(.text)
    TIM6_DAC_IRQHandler                      0x080002ff   Thumb Code     0  startup_stm32h723xx.o(.text)
    TIM7_IRQHandler                          0x080002ff   Thumb Code     0  startup_stm32h723xx.o(.text)
    TIM8_BRK_TIM12_IRQHandler                0x080002ff   Thumb Code     0  startup_stm32h723xx.o(.text)
    TIM8_CC_IRQHandler                       0x080002ff   Thumb Code     0  startup_stm32h723xx.o(.text)
    TIM8_TRG_COM_TIM14_IRQHandler            0x080002ff   Thumb Code     0  startup_stm32h723xx.o(.text)
    TIM8_UP_TIM13_IRQHandler                 0x080002ff   Thumb Code     0  startup_stm32h723xx.o(.text)
    UART4_IRQHandler                         0x080002ff   Thumb Code     0  startup_stm32h723xx.o(.text)
    UART5_IRQHandler                         0x080002ff   Thumb Code     0  startup_stm32h723xx.o(.text)
    UART7_IRQHandler                         0x080002ff   Thumb Code     0  startup_stm32h723xx.o(.text)
    UART8_IRQHandler                         0x080002ff   Thumb Code     0  startup_stm32h723xx.o(.text)
    UART9_IRQHandler                         0x080002ff   Thumb Code     0  startup_stm32h723xx.o(.text)
    USART10_IRQHandler                       0x080002ff   Thumb Code     0  startup_stm32h723xx.o(.text)
    USART2_IRQHandler                        0x080002ff   Thumb Code     0  startup_stm32h723xx.o(.text)
    USART3_IRQHandler                        0x080002ff   Thumb Code     0  startup_stm32h723xx.o(.text)
    USART6_IRQHandler                        0x080002ff   Thumb Code     0  startup_stm32h723xx.o(.text)
    WAKEUP_PIN_IRQHandler                    0x080002ff   Thumb Code     0  startup_stm32h723xx.o(.text)
    WWDG_IRQHandler                          0x080002ff   Thumb Code     0  startup_stm32h723xx.o(.text)
    __aeabi_uldivmod                         0x08000309   Thumb Code    98  uldiv.o(.text)
    __aeabi_memcpy                           0x0800036b   Thumb Code    36  memcpya.o(.text)
    __aeabi_memcpy4                          0x0800036b   Thumb Code     0  memcpya.o(.text)
    __aeabi_memcpy8                          0x0800036b   Thumb Code     0  memcpya.o(.text)
    __aeabi_memset                           0x0800038f   Thumb Code    14  memseta.o(.text)
    __aeabi_memset4                          0x0800038f   Thumb Code     0  memseta.o(.text)
    __aeabi_memset8                          0x0800038f   Thumb Code     0  memseta.o(.text)
    __aeabi_memclr                           0x0800039d   Thumb Code     4  memseta.o(.text)
    __aeabi_memclr4                          0x0800039d   Thumb Code     0  memseta.o(.text)
    __aeabi_memclr8                          0x0800039d   Thumb Code     0  memseta.o(.text)
    _memset$wrapper                          0x080003a1   Thumb Code    18  memseta.o(.text)
    __aeabi_uidiv                            0x080003b3   Thumb Code     0  uidiv.o(.text)
    __aeabi_uidivmod                         0x080003b3   Thumb Code    44  uidiv.o(.text)
    __aeabi_llsl                             0x080003df   Thumb Code    30  llshl.o(.text)
    _ll_shift_l                              0x080003df   Thumb Code     0  llshl.o(.text)
    __aeabi_llsr                             0x080003fd   Thumb Code    32  llushr.o(.text)
    _ll_ushift_r                             0x080003fd   Thumb Code     0  llushr.o(.text)
    __scatterload                            0x0800041d   Thumb Code    28  init.o(.text)
    __scatterload_rt2                        0x0800041d   Thumb Code     0  init.o(.text)
    BusFault_Handler                         0x08000441   Thumb Code     2  stm32h7xx_it.o(i.BusFault_Handler)
    Can_Init                                 0x08000445   Thumb Code    38  can.o(i.Can_Init)
    DMA1_Stream0_IRQHandler                  0x08000471   Thumb Code     6  stm32h7xx_it.o(i.DMA1_Stream0_IRQHandler)
    DMA1_Stream1_IRQHandler                  0x0800047d   Thumb Code     6  stm32h7xx_it.o(i.DMA1_Stream1_IRQHandler)
    DR16_Iint                                0x080008c1   Thumb Code    36  dr16.o(i.DR16_Iint)
    DebugMon_Handler                         0x080008ed   Thumb Code     2  stm32h7xx_it.o(i.DebugMon_Handler)
    Error_Handler                            0x080008ef   Thumb Code     4  main.o(i.Error_Handler)
    FDCAN1_IT0_IRQHandler                    0x080008f5   Thumb Code     6  stm32h7xx_it.o(i.FDCAN1_IT0_IRQHandler)
    FDCAN1_IT1_IRQHandler                    0x08000901   Thumb Code     6  stm32h7xx_it.o(i.FDCAN1_IT1_IRQHandler)
    FDCAN2_IT0_IRQHandler                    0x0800090d   Thumb Code     6  stm32h7xx_it.o(i.FDCAN2_IT0_IRQHandler)
    FDCAN2_IT1_IRQHandler                    0x08000919   Thumb Code     6  stm32h7xx_it.o(i.FDCAN2_IT1_IRQHandler)
    FDCAN_CAL_IRQHandler                     0x08000925   Thumb Code    18  stm32h7xx_it.o(i.FDCAN_CAL_IRQHandler)
    HAL_DMA_Abort                            0x08000b09   Thumb Code   836  stm32h7xx_hal_dma.o(i.HAL_DMA_Abort)
    HAL_DMA_Abort_IT                         0x08000e69   Thumb Code   602  stm32h7xx_hal_dma.o(i.HAL_DMA_Abort_IT)
    HAL_DMA_GetError                         0x080010ed   Thumb Code     4  stm32h7xx_hal_dma.o(i.HAL_DMA_GetError)
    HAL_DMA_IRQHandler                       0x080010f1   Thumb Code  1756  stm32h7xx_hal_dma.o(i.HAL_DMA_IRQHandler)
    HAL_DMA_Init                             0x080017d9   Thumb Code   922  stm32h7xx_hal_dma.o(i.HAL_DMA_Init)
    HAL_DMA_Start_IT                         0x08001b95   Thumb Code   628  stm32h7xx_hal_dma.o(i.HAL_DMA_Start_IT)
    HAL_Delay                                0x08001e31   Thumb Code    32  stm32h7xx_hal.o(i.HAL_Delay)
    HAL_FDCAN_ActivateNotification           0x08001e55   Thumb Code   126  stm32h7xx_hal_fdcan.o(i.HAL_FDCAN_ActivateNotification)
    HAL_FDCAN_ClockCalibrationCallback       0x08001edd   Thumb Code     2  stm32h7xx_hal_fdcan.o(i.HAL_FDCAN_ClockCalibrationCallback)
    HAL_FDCAN_ConfigGlobalFilter             0x08001edf   Thumb Code    50  stm32h7xx_hal_fdcan.o(i.HAL_FDCAN_ConfigGlobalFilter)
    HAL_FDCAN_ErrorCallback                  0x08001f11   Thumb Code     2  stm32h7xx_hal_fdcan.o(i.HAL_FDCAN_ErrorCallback)
    HAL_FDCAN_ErrorStatusCallback            0x08001f13   Thumb Code     2  stm32h7xx_hal_fdcan.o(i.HAL_FDCAN_ErrorStatusCallback)
    HAL_FDCAN_GetRxMessage                   0x08001f15   Thumb Code   392  stm32h7xx_hal_fdcan.o(i.HAL_FDCAN_GetRxMessage)
    HAL_FDCAN_HighPriorityMessageCallback    0x080020a1   Thumb Code     2  stm32h7xx_hal_fdcan.o(i.HAL_FDCAN_HighPriorityMessageCallback)
    HAL_FDCAN_IRQHandler                     0x080020a5   Thumb Code   788  stm32h7xx_hal_fdcan.o(i.HAL_FDCAN_IRQHandler)
    HAL_FDCAN_Init                           0x080023c5   Thumb Code   572  stm32h7xx_hal_fdcan.o(i.HAL_FDCAN_Init)
    HAL_FDCAN_MspInit                        0x08002609   Thumb Code   316  fdcan.o(i.HAL_FDCAN_MspInit)
    HAL_FDCAN_RxBufferNewMessageCallback     0x0800275d   Thumb Code     2  stm32h7xx_hal_fdcan.o(i.HAL_FDCAN_RxBufferNewMessageCallback)
    HAL_FDCAN_RxFifo0Callback                0x08002761   Thumb Code    52  can.o(i.HAL_FDCAN_RxFifo0Callback)
    HAL_FDCAN_RxFifo1Callback                0x0800279d   Thumb Code     2  stm32h7xx_hal_fdcan.o(i.HAL_FDCAN_RxFifo1Callback)
    HAL_FDCAN_Start                          0x0800279f   Thumb Code    50  stm32h7xx_hal_fdcan.o(i.HAL_FDCAN_Start)
    HAL_FDCAN_TT_GlobalTimeCallback          0x080027d1   Thumb Code     2  stm32h7xx_hal_fdcan.o(i.HAL_FDCAN_TT_GlobalTimeCallback)
    HAL_FDCAN_TT_ScheduleSyncCallback        0x080027d3   Thumb Code     2  stm32h7xx_hal_fdcan.o(i.HAL_FDCAN_TT_ScheduleSyncCallback)
    HAL_FDCAN_TT_StopWatchCallback           0x080027d5   Thumb Code     2  stm32h7xx_hal_fdcan.o(i.HAL_FDCAN_TT_StopWatchCallback)
    HAL_FDCAN_TT_TimeMarkCallback            0x080027d7   Thumb Code     2  stm32h7xx_hal_fdcan.o(i.HAL_FDCAN_TT_TimeMarkCallback)
    HAL_FDCAN_TimeoutOccurredCallback        0x080027d9   Thumb Code     2  stm32h7xx_hal_fdcan.o(i.HAL_FDCAN_TimeoutOccurredCallback)
    HAL_FDCAN_TimestampWraparoundCallback    0x080027db   Thumb Code     2  stm32h7xx_hal_fdcan.o(i.HAL_FDCAN_TimestampWraparoundCallback)
    HAL_FDCAN_TxBufferAbortCallback          0x080027dd   Thumb Code     2  stm32h7xx_hal_fdcan.o(i.HAL_FDCAN_TxBufferAbortCallback)
    HAL_FDCAN_TxBufferCompleteCallback       0x080027df   Thumb Code     2  stm32h7xx_hal_fdcan.o(i.HAL_FDCAN_TxBufferCompleteCallback)
    HAL_FDCAN_TxEventFifoCallback            0x080027e1   Thumb Code     2  stm32h7xx_hal_fdcan.o(i.HAL_FDCAN_TxEventFifoCallback)
    HAL_FDCAN_TxFifoEmptyCallback            0x080027e3   Thumb Code     2  stm32h7xx_hal_fdcan.o(i.HAL_FDCAN_TxFifoEmptyCallback)
    HAL_GPIO_Init                            0x080027e5   Thumb Code   496  stm32h7xx_hal_gpio.o(i.HAL_GPIO_Init)
    HAL_GetTick                              0x08002a01   Thumb Code     6  stm32h7xx_hal.o(i.HAL_GetTick)
    HAL_IncTick                              0x08002a0d   Thumb Code    12  stm32h7xx_hal.o(i.HAL_IncTick)
    HAL_Init                                 0x08002a1d   Thumb Code    74  stm32h7xx_hal.o(i.HAL_Init)
    HAL_InitTick                             0x08002a79   Thumb Code    56  stm32h7xx_hal.o(i.HAL_InitTick)
    HAL_MPU_ConfigRegion                     0x08002ab9   Thumb Code    86  stm32h7xx_hal_cortex.o(i.HAL_MPU_ConfigRegion)
    HAL_MPU_Disable                          0x08002b15   Thumb Code    24  stm32h7xx_hal_cortex.o(i.HAL_MPU_Disable)
    HAL_MPU_Enable                           0x08002b31   Thumb Code    30  stm32h7xx_hal_cortex.o(i.HAL_MPU_Enable)
    HAL_MspInit                              0x08002b55   Thumb Code    22  stm32h7xx_hal_msp.o(i.HAL_MspInit)
    HAL_NVIC_EnableIRQ                       0x08002b71   Thumb Code    26  stm32h7xx_hal_cortex.o(i.HAL_NVIC_EnableIRQ)
    HAL_NVIC_SetPriority                     0x08002b8d   Thumb Code    60  stm32h7xx_hal_cortex.o(i.HAL_NVIC_SetPriority)
    HAL_NVIC_SetPriorityGrouping             0x08002bcd   Thumb Code    28  stm32h7xx_hal_cortex.o(i.HAL_NVIC_SetPriorityGrouping)
    HAL_PWREx_ConfigSupply                   0x08002bf1   Thumb Code    78  stm32h7xx_hal_pwr_ex.o(i.HAL_PWREx_ConfigSupply)
    HAL_RCCEx_GetD3PCLK1Freq                 0x08002c45   Thumb Code    26  stm32h7xx_hal_rcc_ex.o(i.HAL_RCCEx_GetD3PCLK1Freq)
    HAL_RCCEx_GetPLL2ClockFreq               0x08002c69   Thumb Code   296  stm32h7xx_hal_rcc_ex.o(i.HAL_RCCEx_GetPLL2ClockFreq)
    HAL_RCCEx_GetPLL3ClockFreq               0x08002dad   Thumb Code   296  stm32h7xx_hal_rcc_ex.o(i.HAL_RCCEx_GetPLL3ClockFreq)
    HAL_RCCEx_PeriphCLKConfig                0x08002ef1   Thumb Code  2362  stm32h7xx_hal_rcc_ex.o(i.HAL_RCCEx_PeriphCLKConfig)
    HAL_RCC_ClockConfig                      0x0800382d   Thumb Code   580  stm32h7xx_hal_rcc.o(i.HAL_RCC_ClockConfig)
    HAL_RCC_GetHCLKFreq                      0x08003a89   Thumb Code    52  stm32h7xx_hal_rcc.o(i.HAL_RCC_GetHCLKFreq)
    HAL_RCC_GetPCLK1Freq                     0x08003acd   Thumb Code    26  stm32h7xx_hal_rcc.o(i.HAL_RCC_GetPCLK1Freq)
    HAL_RCC_GetPCLK2Freq                     0x08003af1   Thumb Code    26  stm32h7xx_hal_rcc.o(i.HAL_RCC_GetPCLK2Freq)
    HAL_RCC_GetSysClockFreq                  0x08003b15   Thumb Code   278  stm32h7xx_hal_rcc.o(i.HAL_RCC_GetSysClockFreq)
    HAL_RCC_OscConfig                        0x08003c4d   Thumb Code  1318  stm32h7xx_hal_rcc.o(i.HAL_RCC_OscConfig)
    HAL_SPI_Init                             0x08004175   Thumb Code   366  stm32h7xx_hal_spi.o(i.HAL_SPI_Init)
    HAL_SPI_MspInit                          0x080042f1   Thumb Code   122  spi.o(i.HAL_SPI_MspInit)
    HAL_SPI_Transmit                         0x08004379   Thumb Code   578  stm32h7xx_hal_spi.o(i.HAL_SPI_Transmit)
    HAL_SYSTICK_Config                       0x080045bb   Thumb Code    38  stm32h7xx_hal_cortex.o(i.HAL_SYSTICK_Config)
    HAL_TIMEx_MasterConfigSynchronization    0x080045e1   Thumb Code   146  stm32h7xx_hal_tim_ex.o(i.HAL_TIMEx_MasterConfigSynchronization)
    HAL_TIM_MspPostInit                      0x08004699   Thumb Code    68  tim.o(i.HAL_TIM_MspPostInit)
    HAL_TIM_PWM_ConfigChannel                0x080046e9   Thumb Code   292  stm32h7xx_hal_tim.o(i.HAL_TIM_PWM_ConfigChannel)
    HAL_TIM_PWM_Init                         0x0800480d   Thumb Code    98  stm32h7xx_hal_tim.o(i.HAL_TIM_PWM_Init)
    HAL_TIM_PWM_MspInit                      0x08004871   Thumb Code    30  tim.o(i.HAL_TIM_PWM_MspInit)
    HAL_UARTEx_DisableFifoMode               0x08004899   Thumb Code    64  stm32h7xx_hal_uart_ex.o(i.HAL_UARTEx_DisableFifoMode)
    HAL_UARTEx_RxEventCallback               0x080048d9   Thumb Code     2  stm32h7xx_hal_uart.o(i.HAL_UARTEx_RxEventCallback)
    HAL_UARTEx_RxFifoFullCallback            0x080048db   Thumb Code     2  stm32h7xx_hal_uart_ex.o(i.HAL_UARTEx_RxFifoFullCallback)
    HAL_UARTEx_SetRxFifoThreshold            0x080048dd   Thumb Code    76  stm32h7xx_hal_uart_ex.o(i.HAL_UARTEx_SetRxFifoThreshold)
    HAL_UARTEx_SetTxFifoThreshold            0x08004929   Thumb Code    76  stm32h7xx_hal_uart_ex.o(i.HAL_UARTEx_SetTxFifoThreshold)
    HAL_UARTEx_TxFifoEmptyCallback           0x08004975   Thumb Code     2  stm32h7xx_hal_uart_ex.o(i.HAL_UARTEx_TxFifoEmptyCallback)
    HAL_UARTEx_WakeupCallback                0x08004977   Thumb Code     2  stm32h7xx_hal_uart_ex.o(i.HAL_UARTEx_WakeupCallback)
    HAL_UART_DMAStop                         0x08004979   Thumb Code   146  stm32h7xx_hal_uart.o(i.HAL_UART_DMAStop)
    HAL_UART_ErrorCallback                   0x08004a0b   Thumb Code     2  stm32h7xx_hal_uart.o(i.HAL_UART_ErrorCallback)
    HAL_UART_IRQHandler                      0x08004a0d   Thumb Code   878  stm32h7xx_hal_uart.o(i.HAL_UART_IRQHandler)
    HAL_UART_Init                            0x08004d95   Thumb Code   106  stm32h7xx_hal_uart.o(i.HAL_UART_Init)
    HAL_UART_MspInit                         0x08004e01   Thumb Code   368  usart.o(i.HAL_UART_MspInit)
    HAL_UART_Receive_DMA                     0x08004f91   Thumb Code    66  stm32h7xx_hal_uart.o(i.HAL_UART_Receive_DMA)
    HAL_UART_RxCpltCallback                  0x08004fd9   Thumb Code    12  dr16.o(i.HAL_UART_RxCpltCallback)
    HAL_UART_RxHalfCpltCallback              0x08004fe9   Thumb Code     2  stm32h7xx_hal_uart.o(i.HAL_UART_RxHalfCpltCallback)
    HAL_UART_Transmit_IT                     0x08004fed   Thumb Code   136  stm32h7xx_hal_uart.o(i.HAL_UART_Transmit_IT)
    HAL_UART_TxCpltCallback                  0x08005085   Thumb Code    42  usart.o(i.HAL_UART_TxCpltCallback)
    HardFault_Handler                        0x080050bd   Thumb Code     2  stm32h7xx_it.o(i.HardFault_Handler)
    MX_DMA_Init                              0x080050c1   Thumb Code    56  dma.o(i.MX_DMA_Init)
    MX_FDCAN1_Init                           0x080050fd   Thumb Code   106  fdcan.o(i.MX_FDCAN1_Init)
    MX_FDCAN2_Init                           0x08005171   Thumb Code   112  fdcan.o(i.MX_FDCAN2_Init)
    MX_GPIO_Init                             0x080051e9   Thumb Code    70  gpio.o(i.MX_GPIO_Init)
    MX_SPI6_Init                             0x08005235   Thumb Code    92  spi.o(i.MX_SPI6_Init)
    MX_TIM12_Init                            0x08005299   Thumb Code   108  tim.o(i.MX_TIM12_Init)
    MX_UART5_Init                            0x0800530d   Thumb Code    96  usart.o(i.MX_UART5_Init)
    MX_USART1_UART_Init                      0x08005379   Thumb Code    94  usart.o(i.MX_USART1_UART_Init)
    MemManage_Handler                        0x080053e1   Thumb Code     2  stm32h7xx_it.o(i.MemManage_Handler)
    NMI_Handler                              0x080053e3   Thumb Code     2  stm32h7xx_it.o(i.NMI_Handler)
    PendSV_Handler                           0x080053e5   Thumb Code     2  stm32h7xx_it.o(i.PendSV_Handler)
    SVC_Handler                              0x0800572b   Thumb Code     2  stm32h7xx_it.o(i.SVC_Handler)
    SysTick_Handler                          0x0800572d   Thumb Code     4  stm32h7xx_it.o(i.SysTick_Handler)
    SystemClock_Config                       0x08005731   Thumb Code   146  main.o(i.SystemClock_Config)
    SystemInit                               0x080057c9   Thumb Code   158  system_stm32h7xx.o(i.SystemInit)
    TIM_Base_SetConfig                       0x08005889   Thumb Code   188  stm32h7xx_hal_tim.o(i.TIM_Base_SetConfig)
    TIM_OC2_SetConfig                        0x08005a11   Thumb Code   126  stm32h7xx_hal_tim.o(i.TIM_OC2_SetConfig)
    UART_AdvFeatureConfig                    0x08005ce5   Thumb Code   200  stm32h7xx_hal_uart.o(i.UART_AdvFeatureConfig)
    UART_CheckIdleState                      0x08005dad   Thumb Code   170  stm32h7xx_hal_uart.o(i.UART_CheckIdleState)
    UART_SetConfig                           0x08005fe1   Thumb Code   914  stm32h7xx_hal_uart.o(i.UART_SetConfig)
    UART_Start_Receive_DMA                   0x080063bd   Thumb Code   156  stm32h7xx_hal_uart.o(i.UART_Start_Receive_DMA)
    UART_WaitOnFlagUntilTimeout              0x080065d7   Thumb Code   148  stm32h7xx_hal_uart.o(i.UART_WaitOnFlagUntilTimeout)
    USART1_IRQHandler                        0x0800666d   Thumb Code     6  stm32h7xx_it.o(i.USART1_IRQHandler)
    UsageFault_Handler                       0x08006679   Thumb Code     2  stm32h7xx_it.o(i.UsageFault_Handler)
    WS2812_Ctrl                              0x0800667d   Thumb Code   150  ws2812.o(i.WS2812_Ctrl)
    _Parse_RC_Data                           0x08006719   Thumb Code   410  dr16.o(i._Parse_RC_Data)
    __0printf$1                              0x080068c9   Thumb Code    22  printf1.o(i.__0printf$1)
    __1printf$1                              0x080068c9   Thumb Code     0  printf1.o(i.__0printf$1)
    __2printf                                0x080068c9   Thumb Code     0  printf1.o(i.__0printf$1)
    __scatterload_copy                       0x0800690b   Thumb Code    14  handlers.o(i.__scatterload_copy)
    __scatterload_null                       0x08006919   Thumb Code     2  handlers.o(i.__scatterload_null)
    __scatterload_zeroinit                   0x0800691b   Thumb Code    14  handlers.o(i.__scatterload_zeroinit)
    fputc                                    0x08006a7d   Thumb Code    64  usart.o(i.fputc)
    main                                     0x08006ac9   Thumb Code   154  main.o(i.main)
    UARTPrescTable                           0x08006bd4   Data          24  stm32h7xx_hal_uart.o(.constdata)
    D1CorePrescTable                         0x08006bfc   Data          16  system_stm32h7xx.o(.constdata)
    Region$$Table$$Base                      0x08006c0c   Number         0  anon$$obj.o(Region$$Table)
    Region$$Table$$Limit                     0x08006c3c   Number         0  anon$$obj.o(Region$$Table)
    htim12                                   0x20000000   Data          76  tim.o(.bss)
    chassis_motor_data_list                  0x2000004c   Data          48  can.o(.bss)
    __initial_sp                             0x20000480   Data           0  startup_stm32h723xx.o(STACK)
    uwTickFreq                               0x24000008   Data           1  stm32h7xx_hal.o(.data)
    uwTickPrio                               0x2400000c   Data           4  stm32h7xx_hal.o(.data)
    uwTick                                   0x24000010   Data           4  stm32h7xx_hal.o(.data)
    SystemCoreClock                          0x24000014   Data           4  system_stm32h7xx.o(.data)
    SystemD2Clock                            0x24000018   Data           4  system_stm32h7xx.o(.data)
    __stdout                                 0x2400001c   Data           4  stdout.o(.data)
    hfdcan1                                  0x24000020   Data         160  fdcan.o(.bss)
    hfdcan2                                  0x240000c0   Data         160  fdcan.o(.bss)
    hspi6                                    0x24000160   Data         136  spi.o(.bss)
    huart5                                   0x240001e8   Data         148  usart.o(.bss)
    huart1                                   0x2400027c   Data         148  usart.o(.bss)
    hdma_uart5_rx                            0x24000310   Data         120  usart.o(.bss)
    hdma_usart1_tx                           0x24000388   Data         120  usart.o(.bss)
    RC_Ctl                                   0x24000440   Data          44  dr16.o(.bss)
    RC_buffer                                0x2400046c   Data          18  dr16.o(.bss)



==============================================================================

Memory Map of the image

  Image Entry point : 0x080002cd

  Load Region LR_IROM1 (Base: 0x08000000, Size: 0x00006c5c, Max: 0x00100000, ABSOLUTE)

    Execution Region ER_IROM1 (Exec base: 0x08000000, Load base: 0x08000000, Size: 0x00006c3c, Max: 0x00100000, ABSOLUTE)

    Exec Addr    Load Addr    Size         Type   Attr      Idx    E Section Name        Object

    0x08000000   0x08000000   0x000002cc   Data   RO            3    RESET               startup_stm32h723xx.o
    0x080002cc   0x080002cc   0x00000000   Code   RO         5785  * .ARM.Collect$$$$00000000  mc_w.l(entry.o)
    0x080002cc   0x080002cc   0x00000004   Code   RO         6057    .ARM.Collect$$$$00000001  mc_w.l(entry2.o)
    0x080002d0   0x080002d0   0x00000004   Code   RO         6060    .ARM.Collect$$$$00000004  mc_w.l(entry5.o)
    0x080002d4   0x080002d4   0x00000000   Code   RO         6062    .ARM.Collect$$$$00000008  mc_w.l(entry7b.o)
    0x080002d4   0x080002d4   0x00000000   Code   RO         6064    .ARM.Collect$$$$0000000A  mc_w.l(entry8b.o)
    0x080002d4   0x080002d4   0x00000008   Code   RO         6065    .ARM.Collect$$$$0000000B  mc_w.l(entry9a.o)
    0x080002dc   0x080002dc   0x00000004   Code   RO         6072    .ARM.Collect$$$$0000000E  mc_w.l(entry12b.o)
    0x080002e0   0x080002e0   0x00000000   Code   RO         6067    .ARM.Collect$$$$0000000F  mc_w.l(entry10a.o)
    0x080002e0   0x080002e0   0x00000000   Code   RO         6069    .ARM.Collect$$$$00000011  mc_w.l(entry11a.o)
    0x080002e0   0x080002e0   0x00000004   Code   RO         6058    .ARM.Collect$$$$00002712  mc_w.l(entry2.o)
    0x080002e4   0x080002e4   0x00000024   Code   RO            4    .text               startup_stm32h723xx.o
    0x08000308   0x08000308   0x00000062   Code   RO         5788    .text               mc_w.l(uldiv.o)
    0x0800036a   0x0800036a   0x00000024   Code   RO         5790    .text               mc_w.l(memcpya.o)
    0x0800038e   0x0800038e   0x00000024   Code   RO         5792    .text               mc_w.l(memseta.o)
    0x080003b2   0x080003b2   0x0000002c   Code   RO         6074    .text               mc_w.l(uidiv.o)
    0x080003de   0x080003de   0x0000001e   Code   RO         6076    .text               mc_w.l(llshl.o)
    0x080003fc   0x080003fc   0x00000020   Code   RO         6078    .text               mc_w.l(llushr.o)
    0x0800041c   0x0800041c   0x00000024   Code   RO         6091    .text               mc_w.l(init.o)
    0x08000440   0x08000440   0x00000002   Code   RO          492    i.BusFault_Handler  stm32h7xx_it.o
    0x08000442   0x08000442   0x00000002   PAD
    0x08000444   0x08000444   0x0000002c   Code   RO         5748    i.Can_Init          can.o
    0x08000470   0x08000470   0x0000000c   Code   RO          493    i.DMA1_Stream0_IRQHandler  stm32h7xx_it.o
    0x0800047c   0x0800047c   0x0000000c   Code   RO          494    i.DMA1_Stream1_IRQHandler  stm32h7xx_it.o
    0x08000488   0x08000488   0x000000b4   Code   RO         2031    i.DMA_CalcBaseAndBitshift  stm32h7xx_hal_dma.o
    0x0800053c   0x0800053c   0x0000009c   Code   RO         2032    i.DMA_CalcDMAMUXChannelBaseAndMask  stm32h7xx_hal_dma.o
    0x080005d8   0x080005d8   0x00000074   Code   RO         2033    i.DMA_CalcDMAMUXRequestGenBaseAndMask  stm32h7xx_hal_dma.o
    0x0800064c   0x0800064c   0x00000054   Code   RO         2034    i.DMA_CheckFifoParam  stm32h7xx_hal_dma.o
    0x080006a0   0x080006a0   0x00000220   Code   RO         2035    i.DMA_SetConfig     stm32h7xx_hal_dma.o
    0x080008c0   0x080008c0   0x0000002c   Code   RO         5625    i.DR16_Iint         dr16.o
    0x080008ec   0x080008ec   0x00000002   Code   RO          495    i.DebugMon_Handler  stm32h7xx_it.o
    0x080008ee   0x080008ee   0x00000004   Code   RO           13    i.Error_Handler     main.o
    0x080008f2   0x080008f2   0x00000002   PAD
    0x080008f4   0x080008f4   0x0000000c   Code   RO          496    i.FDCAN1_IT0_IRQHandler  stm32h7xx_it.o
    0x08000900   0x08000900   0x0000000c   Code   RO          497    i.FDCAN1_IT1_IRQHandler  stm32h7xx_it.o
    0x0800090c   0x0800090c   0x0000000c   Code   RO          498    i.FDCAN2_IT0_IRQHandler  stm32h7xx_it.o
    0x08000918   0x08000918   0x0000000c   Code   RO          499    i.FDCAN2_IT1_IRQHandler  stm32h7xx_it.o
    0x08000924   0x08000924   0x0000001c   Code   RO          500    i.FDCAN_CAL_IRQHandler  stm32h7xx_it.o
    0x08000940   0x08000940   0x000001c8   Code   RO          793    i.FDCAN_CalcultateRamBlockAddresses  stm32h7xx_hal_fdcan.o
    0x08000b08   0x08000b08   0x00000360   Code   RO         2036    i.HAL_DMA_Abort     stm32h7xx_hal_dma.o
    0x08000e68   0x08000e68   0x00000284   Code   RO         2037    i.HAL_DMA_Abort_IT  stm32h7xx_hal_dma.o
    0x080010ec   0x080010ec   0x00000004   Code   RO         2039    i.HAL_DMA_GetError  stm32h7xx_hal_dma.o
    0x080010f0   0x080010f0   0x000006e8   Code   RO         2041    i.HAL_DMA_IRQHandler  stm32h7xx_hal_dma.o
    0x080017d8   0x080017d8   0x000003bc   Code   RO         2042    i.HAL_DMA_Init      stm32h7xx_hal_dma.o
    0x08001b94   0x08001b94   0x0000029c   Code   RO         2046    i.HAL_DMA_Start_IT  stm32h7xx_hal_dma.o
    0x08001e30   0x08001e30   0x00000024   Code   RO         2733    i.HAL_Delay         stm32h7xx_hal.o
    0x08001e54   0x08001e54   0x00000088   Code   RO          796    i.HAL_FDCAN_ActivateNotification  stm32h7xx_hal_fdcan.o
    0x08001edc   0x08001edc   0x00000002   Code   RO          799    i.HAL_FDCAN_ClockCalibrationCallback  stm32h7xx_hal_fdcan.o
    0x08001ede   0x08001ede   0x00000032   Code   RO          804    i.HAL_FDCAN_ConfigGlobalFilter  stm32h7xx_hal_fdcan.o
    0x08001f10   0x08001f10   0x00000002   Code   RO          825    i.HAL_FDCAN_ErrorCallback  stm32h7xx_hal_fdcan.o
    0x08001f12   0x08001f12   0x00000002   Code   RO          826    i.HAL_FDCAN_ErrorStatusCallback  stm32h7xx_hal_fdcan.o
    0x08001f14   0x08001f14   0x0000018c   Code   RO          837    i.HAL_FDCAN_GetRxMessage  stm32h7xx_hal_fdcan.o
    0x080020a0   0x080020a0   0x00000002   Code   RO          843    i.HAL_FDCAN_HighPriorityMessageCallback  stm32h7xx_hal_fdcan.o
    0x080020a2   0x080020a2   0x00000002   PAD
    0x080020a4   0x080020a4   0x00000320   Code   RO          844    i.HAL_FDCAN_IRQHandler  stm32h7xx_hal_fdcan.o
    0x080023c4   0x080023c4   0x00000244   Code   RO          845    i.HAL_FDCAN_Init    stm32h7xx_hal_fdcan.o
    0x08002608   0x08002608   0x00000154   Code   RO          271    i.HAL_FDCAN_MspInit  fdcan.o
    0x0800275c   0x0800275c   0x00000002   Code   RO          854    i.HAL_FDCAN_RxBufferNewMessageCallback  stm32h7xx_hal_fdcan.o
    0x0800275e   0x0800275e   0x00000002   PAD
    0x08002760   0x08002760   0x0000003c   Code   RO         5749    i.HAL_FDCAN_RxFifo0Callback  can.o
    0x0800279c   0x0800279c   0x00000002   Code   RO          856    i.HAL_FDCAN_RxFifo1Callback  stm32h7xx_hal_fdcan.o
    0x0800279e   0x0800279e   0x00000032   Code   RO          857    i.HAL_FDCAN_Start   stm32h7xx_hal_fdcan.o
    0x080027d0   0x080027d0   0x00000002   Code   RO          879    i.HAL_FDCAN_TT_GlobalTimeCallback  stm32h7xx_hal_fdcan.o
    0x080027d2   0x080027d2   0x00000002   Code   RO          880    i.HAL_FDCAN_TT_ScheduleSyncCallback  stm32h7xx_hal_fdcan.o
    0x080027d4   0x080027d4   0x00000002   Code   RO          885    i.HAL_FDCAN_TT_StopWatchCallback  stm32h7xx_hal_fdcan.o
    0x080027d6   0x080027d6   0x00000002   Code   RO          886    i.HAL_FDCAN_TT_TimeMarkCallback  stm32h7xx_hal_fdcan.o
    0x080027d8   0x080027d8   0x00000002   Code   RO          887    i.HAL_FDCAN_TimeoutOccurredCallback  stm32h7xx_hal_fdcan.o
    0x080027da   0x080027da   0x00000002   Code   RO          888    i.HAL_FDCAN_TimestampWraparoundCallback  stm32h7xx_hal_fdcan.o
    0x080027dc   0x080027dc   0x00000002   Code   RO          889    i.HAL_FDCAN_TxBufferAbortCallback  stm32h7xx_hal_fdcan.o
    0x080027de   0x080027de   0x00000002   Code   RO          890    i.HAL_FDCAN_TxBufferCompleteCallback  stm32h7xx_hal_fdcan.o
    0x080027e0   0x080027e0   0x00000002   Code   RO          891    i.HAL_FDCAN_TxEventFifoCallback  stm32h7xx_hal_fdcan.o
    0x080027e2   0x080027e2   0x00000002   Code   RO          892    i.HAL_FDCAN_TxFifoEmptyCallback  stm32h7xx_hal_fdcan.o
    0x080027e4   0x080027e4   0x0000021c   Code   RO         1884    i.HAL_GPIO_Init     stm32h7xx_hal_gpio.o
    0x08002a00   0x08002a00   0x0000000c   Code   RO         2749    i.HAL_GetTick       stm32h7xx_hal.o
    0x08002a0c   0x08002a0c   0x00000010   Code   RO         2755    i.HAL_IncTick       stm32h7xx_hal.o
    0x08002a1c   0x08002a1c   0x0000005c   Code   RO         2756    i.HAL_Init          stm32h7xx_hal.o
    0x08002a78   0x08002a78   0x00000040   Code   RO         2757    i.HAL_InitTick      stm32h7xx_hal.o
    0x08002ab8   0x08002ab8   0x0000005c   Code   RO          641    i.HAL_MPU_ConfigRegion  stm32h7xx_hal_cortex.o
    0x08002b14   0x08002b14   0x0000001c   Code   RO          642    i.HAL_MPU_Disable   stm32h7xx_hal_cortex.o
    0x08002b30   0x08002b30   0x00000024   Code   RO          644    i.HAL_MPU_Enable    stm32h7xx_hal_cortex.o
    0x08002b54   0x08002b54   0x0000001c   Code   RO          616    i.HAL_MspInit       stm32h7xx_hal_msp.o
    0x08002b70   0x08002b70   0x0000001a   Code   RO          648    i.HAL_NVIC_EnableIRQ  stm32h7xx_hal_cortex.o
    0x08002b8a   0x08002b8a   0x00000002   PAD
    0x08002b8c   0x08002b8c   0x00000040   Code   RO          654    i.HAL_NVIC_SetPriority  stm32h7xx_hal_cortex.o
    0x08002bcc   0x08002bcc   0x00000024   Code   RO          655    i.HAL_NVIC_SetPriorityGrouping  stm32h7xx_hal_cortex.o
    0x08002bf0   0x08002bf0   0x00000054   Code   RO         2485    i.HAL_PWREx_ConfigSupply  stm32h7xx_hal_pwr_ex.o
    0x08002c44   0x08002c44   0x00000024   Code   RO         1527    i.HAL_RCCEx_GetD3PCLK1Freq  stm32h7xx_hal_rcc_ex.o
    0x08002c68   0x08002c68   0x00000144   Code   RO         1529    i.HAL_RCCEx_GetPLL2ClockFreq  stm32h7xx_hal_rcc_ex.o
    0x08002dac   0x08002dac   0x00000144   Code   RO         1530    i.HAL_RCCEx_GetPLL3ClockFreq  stm32h7xx_hal_rcc_ex.o
    0x08002ef0   0x08002ef0   0x0000093a   Code   RO         1536    i.HAL_RCCEx_PeriphCLKConfig  stm32h7xx_hal_rcc_ex.o
    0x0800382a   0x0800382a   0x00000002   PAD
    0x0800382c   0x0800382c   0x0000025c   Code   RO         1412    i.HAL_RCC_ClockConfig  stm32h7xx_hal_rcc.o
    0x08003a88   0x08003a88   0x00000044   Code   RO         1417    i.HAL_RCC_GetHCLKFreq  stm32h7xx_hal_rcc.o
    0x08003acc   0x08003acc   0x00000024   Code   RO         1419    i.HAL_RCC_GetPCLK1Freq  stm32h7xx_hal_rcc.o
    0x08003af0   0x08003af0   0x00000024   Code   RO         1420    i.HAL_RCC_GetPCLK2Freq  stm32h7xx_hal_rcc.o
    0x08003b14   0x08003b14   0x00000138   Code   RO         1421    i.HAL_RCC_GetSysClockFreq  stm32h7xx_hal_rcc.o
    0x08003c4c   0x08003c4c   0x00000526   Code   RO         1424    i.HAL_RCC_OscConfig  stm32h7xx_hal_rcc.o
    0x08004172   0x08004172   0x00000002   PAD
    0x08004174   0x08004174   0x0000017c   Code   RO         3683    i.HAL_SPI_Init      stm32h7xx_hal_spi.o
    0x080042f0   0x080042f0   0x00000088   Code   RO          338    i.HAL_SPI_MspInit   spi.o
    0x08004378   0x08004378   0x00000242   Code   RO         3692    i.HAL_SPI_Transmit  stm32h7xx_hal_spi.o
    0x080045ba   0x080045ba   0x00000026   Code   RO          659    i.HAL_SYSTICK_Config  stm32h7xx_hal_cortex.o
    0x080045e0   0x080045e0   0x000000b8   Code   RO         4740    i.HAL_TIMEx_MasterConfigSynchronization  stm32h7xx_hal_tim_ex.o
    0x08004698   0x08004698   0x00000050   Code   RO          379    i.HAL_TIM_MspPostInit  tim.o
    0x080046e8   0x080046e8   0x00000124   Code   RO         4075    i.HAL_TIM_PWM_ConfigChannel  stm32h7xx_hal_tim.o
    0x0800480c   0x0800480c   0x00000062   Code   RO         4078    i.HAL_TIM_PWM_Init  stm32h7xx_hal_tim.o
    0x0800486e   0x0800486e   0x00000002   PAD
    0x08004870   0x08004870   0x00000028   Code   RO          381    i.HAL_TIM_PWM_MspInit  tim.o
    0x08004898   0x08004898   0x00000040   Code   RO         5440    i.HAL_UARTEx_DisableFifoMode  stm32h7xx_hal_uart_ex.o
    0x080048d8   0x080048d8   0x00000002   Code   RO         5029    i.HAL_UARTEx_RxEventCallback  stm32h7xx_hal_uart.o
    0x080048da   0x080048da   0x00000002   Code   RO         5448    i.HAL_UARTEx_RxFifoFullCallback  stm32h7xx_hal_uart_ex.o
    0x080048dc   0x080048dc   0x0000004c   Code   RO         5449    i.HAL_UARTEx_SetRxFifoThreshold  stm32h7xx_hal_uart_ex.o
    0x08004928   0x08004928   0x0000004c   Code   RO         5450    i.HAL_UARTEx_SetTxFifoThreshold  stm32h7xx_hal_uart_ex.o
    0x08004974   0x08004974   0x00000002   Code   RO         5452    i.HAL_UARTEx_TxFifoEmptyCallback  stm32h7xx_hal_uart_ex.o
    0x08004976   0x08004976   0x00000002   Code   RO         5453    i.HAL_UARTEx_WakeupCallback  stm32h7xx_hal_uart_ex.o
    0x08004978   0x08004978   0x00000092   Code   RO         5041    i.HAL_UART_DMAStop  stm32h7xx_hal_uart.o
    0x08004a0a   0x08004a0a   0x00000002   Code   RO         5045    i.HAL_UART_ErrorCallback  stm32h7xx_hal_uart.o
    0x08004a0c   0x08004a0c   0x00000388   Code   RO         5048    i.HAL_UART_IRQHandler  stm32h7xx_hal_uart.o
    0x08004d94   0x08004d94   0x0000006a   Code   RO         5049    i.HAL_UART_Init     stm32h7xx_hal_uart.o
    0x08004dfe   0x08004dfe   0x00000002   PAD
    0x08004e00   0x08004e00   0x00000190   Code   RO          428    i.HAL_UART_MspInit  usart.o
    0x08004f90   0x08004f90   0x00000048   Code   RO         5053    i.HAL_UART_Receive_DMA  stm32h7xx_hal_uart.o
    0x08004fd8   0x08004fd8   0x00000010   Code   RO         5626    i.HAL_UART_RxCpltCallback  dr16.o
    0x08004fe8   0x08004fe8   0x00000002   Code   RO         5057    i.HAL_UART_RxHalfCpltCallback  stm32h7xx_hal_uart.o
    0x08004fea   0x08004fea   0x00000002   PAD
    0x08004fec   0x08004fec   0x00000098   Code   RO         5060    i.HAL_UART_Transmit_IT  stm32h7xx_hal_uart.o
    0x08005084   0x08005084   0x00000038   Code   RO          429    i.HAL_UART_TxCpltCallback  usart.o
    0x080050bc   0x080050bc   0x00000002   Code   RO          501    i.HardFault_Handler  stm32h7xx_it.o
    0x080050be   0x080050be   0x00000002   PAD
    0x080050c0   0x080050c0   0x0000003c   Code   RO          246    i.MX_DMA_Init       dma.o
    0x080050fc   0x080050fc   0x00000074   Code   RO          272    i.MX_FDCAN1_Init    fdcan.o
    0x08005170   0x08005170   0x00000078   Code   RO          273    i.MX_FDCAN2_Init    fdcan.o
    0x080051e8   0x080051e8   0x0000004c   Code   RO          222    i.MX_GPIO_Init      gpio.o
    0x08005234   0x08005234   0x00000064   Code   RO          339    i.MX_SPI6_Init      spi.o
    0x08005298   0x08005298   0x00000074   Code   RO          382    i.MX_TIM12_Init     tim.o
    0x0800530c   0x0800530c   0x0000006c   Code   RO          430    i.MX_UART5_Init     usart.o
    0x08005378   0x08005378   0x00000068   Code   RO          431    i.MX_USART1_UART_Init  usart.o
    0x080053e0   0x080053e0   0x00000002   Code   RO          502    i.MemManage_Handler  stm32h7xx_it.o
    0x080053e2   0x080053e2   0x00000002   Code   RO          503    i.NMI_Handler       stm32h7xx_it.o
    0x080053e4   0x080053e4   0x00000002   Code   RO          504    i.PendSV_Handler    stm32h7xx_it.o
    0x080053e6   0x080053e6   0x00000002   PAD
    0x080053e8   0x080053e8   0x00000120   Code   RO         1539    i.RCCEx_PLL2_Config  stm32h7xx_hal_rcc_ex.o
    0x08005508   0x08005508   0x00000120   Code   RO         1540    i.RCCEx_PLL3_Config  stm32h7xx_hal_rcc_ex.o
    0x08005628   0x08005628   0x000000bc   Code   RO         3703    i.SPI_CloseTransfer  stm32h7xx_hal_spi.o
    0x080056e4   0x080056e4   0x00000046   Code   RO         3720    i.SPI_WaitOnFlagUntilTimeout  stm32h7xx_hal_spi.o
    0x0800572a   0x0800572a   0x00000002   Code   RO          505    i.SVC_Handler       stm32h7xx_it.o
    0x0800572c   0x0800572c   0x00000004   Code   RO          506    i.SysTick_Handler   stm32h7xx_it.o
    0x08005730   0x08005730   0x00000098   Code   RO           14    i.SystemClock_Config  main.o
    0x080057c8   0x080057c8   0x000000c0   Code   RO         5559    i.SystemInit        system_stm32h7xx.o
    0x08005888   0x08005888   0x000000e4   Code   RO         4096    i.TIM_Base_SetConfig  stm32h7xx_hal_tim.o
    0x0800596c   0x0800596c   0x000000a4   Code   RO         4109    i.TIM_OC1_SetConfig  stm32h7xx_hal_tim.o
    0x08005a10   0x08005a10   0x00000098   Code   RO         4110    i.TIM_OC2_SetConfig  stm32h7xx_hal_tim.o
    0x08005aa8   0x08005aa8   0x00000098   Code   RO         4111    i.TIM_OC3_SetConfig  stm32h7xx_hal_tim.o
    0x08005b40   0x08005b40   0x00000078   Code   RO         4112    i.TIM_OC4_SetConfig  stm32h7xx_hal_tim.o
    0x08005bb8   0x08005bb8   0x00000074   Code   RO         4113    i.TIM_OC5_SetConfig  stm32h7xx_hal_tim.o
    0x08005c2c   0x08005c2c   0x00000074   Code   RO         4114    i.TIM_OC6_SetConfig  stm32h7xx_hal_tim.o
    0x08005ca0   0x08005ca0   0x00000044   Code   RO         5454    i.UARTEx_SetNbDataToProcess  stm32h7xx_hal_uart_ex.o
    0x08005ce4   0x08005ce4   0x000000c8   Code   RO         5063    i.UART_AdvFeatureConfig  stm32h7xx_hal_uart.o
    0x08005dac   0x08005dac   0x000000aa   Code   RO         5064    i.UART_CheckIdleState  stm32h7xx_hal_uart.o
    0x08005e56   0x08005e56   0x00000014   Code   RO         5065    i.UART_DMAAbortOnError  stm32h7xx_hal_uart.o
    0x08005e6a   0x08005e6a   0x0000004e   Code   RO         5066    i.UART_DMAError     stm32h7xx_hal_uart.o
    0x08005eb8   0x08005eb8   0x00000082   Code   RO         5067    i.UART_DMAReceiveCplt  stm32h7xx_hal_uart.o
    0x08005f3a   0x08005f3a   0x00000020   Code   RO         5069    i.UART_DMARxHalfCplt  stm32h7xx_hal_uart.o
    0x08005f5a   0x08005f5a   0x00000002   PAD
    0x08005f5c   0x08005f5c   0x00000054   Code   RO         5075    i.UART_EndRxTransfer  stm32h7xx_hal_uart.o
    0x08005fb0   0x08005fb0   0x0000002e   Code   RO         5076    i.UART_EndTxTransfer  stm32h7xx_hal_uart.o
    0x08005fde   0x08005fde   0x00000002   PAD
    0x08005fe0   0x08005fe0   0x000003dc   Code   RO         5081    i.UART_SetConfig    stm32h7xx_hal_uart.o
    0x080063bc   0x080063bc   0x000000a8   Code   RO         5082    i.UART_Start_Receive_DMA  stm32h7xx_hal_uart.o
    0x08006464   0x08006464   0x00000052   Code   RO         5084    i.UART_TxISR_16BIT  stm32h7xx_hal_uart.o
    0x080064b6   0x080064b6   0x00000002   PAD
    0x080064b8   0x080064b8   0x0000006a   Code   RO         5085    i.UART_TxISR_16BIT_FIFOEN  stm32h7xx_hal_uart.o
    0x08006522   0x08006522   0x0000004e   Code   RO         5086    i.UART_TxISR_8BIT   stm32h7xx_hal_uart.o
    0x08006570   0x08006570   0x00000066   Code   RO         5087    i.UART_TxISR_8BIT_FIFOEN  stm32h7xx_hal_uart.o
    0x080065d6   0x080065d6   0x00000094   Code   RO         5088    i.UART_WaitOnFlagUntilTimeout  stm32h7xx_hal_uart.o
    0x0800666a   0x0800666a   0x00000002   PAD
    0x0800666c   0x0800666c   0x0000000c   Code   RO          507    i.USART1_IRQHandler  stm32h7xx_it.o
    0x08006678   0x08006678   0x00000002   Code   RO          508    i.UsageFault_Handler  stm32h7xx_it.o
    0x0800667a   0x0800667a   0x00000002   PAD
    0x0800667c   0x0800667c   0x0000009c   Code   RO         5720    i.WS2812_Ctrl       ws2812.o
    0x08006718   0x08006718   0x000001b0   Code   RO         5627    i._Parse_RC_Data    dr16.o
    0x080068c8   0x080068c8   0x00000020   Code   RO         5841    i.__0printf$1       mc_w.l(printf1.o)
    0x080068e8   0x080068e8   0x00000022   Code   RO          661    i.__NVIC_SetPriority  stm32h7xx_hal_cortex.o
    0x0800690a   0x0800690a   0x0000000e   Code   RO         6099    i.__scatterload_copy  mc_w.l(handlers.o)
    0x08006918   0x08006918   0x00000002   Code   RO         6100    i.__scatterload_null  mc_w.l(handlers.o)
    0x0800691a   0x0800691a   0x0000000e   Code   RO         6101    i.__scatterload_zeroinit  mc_w.l(handlers.o)
    0x08006928   0x08006928   0x00000154   Code   RO         5848    i._printf_core      mc_w.l(printf1.o)
    0x08006a7c   0x08006a7c   0x0000004c   Code   RO          432    i.fputc             usart.o
    0x08006ac8   0x08006ac8   0x000000a8   Code   RO           15    i.main              main.o
    0x08006b70   0x08006b70   0x0000005c   Data   RO          893    .constdata          stm32h7xx_hal_fdcan.o
    0x08006bcc   0x08006bcc   0x00000008   Data   RO         2048    .constdata          stm32h7xx_hal_dma.o
    0x08006bd4   0x08006bd4   0x00000018   Data   RO         5089    .constdata          stm32h7xx_hal_uart.o
    0x08006bec   0x08006bec   0x00000010   Data   RO         5455    .constdata          stm32h7xx_hal_uart_ex.o
    0x08006bfc   0x08006bfc   0x00000010   Data   RO         5560    .constdata          system_stm32h7xx.o
    0x08006c0c   0x08006c0c   0x00000030   Data   RO         6097    Region$$Table       anon$$obj.o


    Execution Region RW_IRAM1 (Exec base: 0x20000000, Load base: 0x08006c3c, Size: 0x00000480, Max: 0x00020000, ABSOLUTE)

    Exec Addr    Load Addr    Size         Type   Attr      Idx    E Section Name        Object

    0x20000000        -       0x0000004c   Zero   RW          383    .bss                tim.o
    0x2000004c        -       0x00000030   Zero   RW         5750    .bss                can.o
    0x2000007c   0x08006c3c   0x00000004   PAD
    0x20000080        -       0x00000400   Zero   RW            1    STACK               startup_stm32h723xx.o


    Execution Region RW_IRAM2 (Exec base: 0x24000000, Load base: 0x08006c3c, Size: 0x00000480, Max: 0x00020000, ABSOLUTE)

    Exec Addr    Load Addr    Size         Type   Attr      Idx    E Section Name        Object

    0x24000000   0x08006c3c   0x00000004   Data   RW          275    .data               fdcan.o
    0x24000004   0x08006c40   0x00000004   Data   RW          434    .data               usart.o
    0x24000008   0x08006c44   0x0000000c   Data   RW         2780    .data               stm32h7xx_hal.o
    0x24000014   0x08006c50   0x00000008   Data   RW         5561    .data               system_stm32h7xx.o
    0x2400001c   0x08006c58   0x00000004   Data   RW         6073    .data               mc_w.l(stdout.o)
    0x24000020        -       0x00000140   Zero   RW          274    .bss                fdcan.o
    0x24000160        -       0x00000088   Zero   RW          340    .bss                spi.o
    0x240001e8        -       0x00000258   Zero   RW          433    .bss                usart.o
    0x24000440        -       0x0000003e   Zero   RW         5628    .bss                dr16.o


==============================================================================

Image component sizes


      Code (inc. data)   RO Data    RW Data    ZI Data      Debug   Object Name

       104         14          0          0         48       2241   can.o
        60          4          0          0          0        898   dma.o
       492         34          0          0         62       3482   dr16.o
       576         42          0          4        320       2856   fdcan.o
        76          6          0          0          0        967   gpio.o
       324         20          0          0          0    1243028   main.o
       236         22          0          0        136       1885   spi.o
        36          8        716          0       1024        832   startup_stm32h723xx.o
       220         40          0         12          0      23649   stm32h7xx_hal.o
       354         28          0          0          0      41825   stm32h7xx_hal_cortex.o
      5984        242          8          0          0      12573   stm32h7xx_hal_dma.o
      2500         44         92          0          0      19579   stm32h7xx_hal_fdcan.o
       540         44          0          0          0       1644   stm32h7xx_hal_gpio.o
        28          6          0          0          0        926   stm32h7xx_hal_msp.o
        84          6          0          0          0        785   stm32h7xx_hal_pwr_ex.o
      2374        102          0          0          0       7100   stm32h7xx_hal_rcc.o
      3622        112          0          0          0       7785   stm32h7xx_hal_rcc_ex.o
      1216         14          0          0          0       4818   stm32h7xx_hal_spi.o
      1438        192          0          0          0       8682   stm32h7xx_hal_tim.o
       184         38          0          0          0       1596   stm32h7xx_hal_tim_ex.o
      3818        182         24          0          0      38858   stm32h7xx_hal_uart.o
       290          6         16          0          0       5494   stm32h7xx_hal_uart_ex.o
       132         52          0          0          0       7933   stm32h7xx_it.o
       192         34         16          8          0       1478   system_stm32h7xx.o
       236         30          0          0         76       2421   tim.o
       744         80          0          4        600       5520   usart.o
       156          6          0          0          0        890   ws2812.o

    ----------------------------------------------------------------------
     26050       1408        920         28       2272    1449745   Object Totals
         0          0         48          0          0          0   (incl. Generated)
        34          0          0          0          6          0   (incl. Padding)

    ----------------------------------------------------------------------

      Code (inc. data)   RO Data    RW Data    ZI Data      Debug   Library Member Name

         0          0          0          0          0          0   entry.o
         0          0          0          0          0          0   entry10a.o
         0          0          0          0          0          0   entry11a.o
         4          0          0          0          0          0   entry12b.o
         8          4          0          0          0          0   entry2.o
         4          0          0          0          0          0   entry5.o
         0          0          0          0          0          0   entry7b.o
         0          0          0          0          0          0   entry8b.o
         8          4          0          0          0          0   entry9a.o
        30          0          0          0          0          0   handlers.o
        36          8          0          0          0         68   init.o
        30          0          0          0          0         68   llshl.o
        32          0          0          0          0         68   llushr.o
        36          0          0          0          0         68   memcpya.o
        36          0          0          0          0        108   memseta.o
       372         14          0          0          0        184   printf1.o
         0          0          0          4          0          0   stdout.o
        44          0          0          0          0         80   uidiv.o
        98          0          0          0          0         92   uldiv.o

    ----------------------------------------------------------------------
       738         30          0          4          0        736   Library Totals
         0          0          0          0          0          0   (incl. Padding)

    ----------------------------------------------------------------------

      Code (inc. data)   RO Data    RW Data    ZI Data      Debug   Library Name

       738         30          0          4          0        736   mc_w.l

    ----------------------------------------------------------------------
       738         30          0          4          0        736   Library Totals

    ----------------------------------------------------------------------

==============================================================================


      Code (inc. data)   RO Data    RW Data    ZI Data      Debug   

     26788       1438        920         32       2272    1436473   Grand Totals
     26788       1438        920         32       2272    1436473   ELF Image Totals
     26788       1438        920         32          0          0   ROM Totals

==============================================================================

    Total RO  Size (Code + RO Data)                27708 (  27.06kB)
    Total RW  Size (RW Data + ZI Data)              2304 (   2.25kB)
    Total ROM Size (Code + RO Data + RW Data)      27740 (  27.09kB)

==============================================================================

