Component: ARM Compiler 6.16 Tool: armlink [5dfeaa00]

==============================================================================

Section Cross References

    startup_stm32h723xx.o(RESET) refers to startup_stm32h723xx.o(STACK) for __initial_sp
    startup_stm32h723xx.o(RESET) refers to startup_stm32h723xx.o(.text) for Reset_Handler
    startup_stm32h723xx.o(RESET) refers to stm32h7xx_it.o(.text.NMI_Handler) for NMI_Handler
    startup_stm32h723xx.o(RESET) refers to stm32h7xx_it.o(.text.HardFault_Handler) for HardFault_Handler
    startup_stm32h723xx.o(RESET) refers to stm32h7xx_it.o(.text.MemManage_Handler) for MemManage_Handler
    startup_stm32h723xx.o(RESET) refers to stm32h7xx_it.o(.text.BusFault_Handler) for BusFault_Handler
    startup_stm32h723xx.o(RESET) refers to stm32h7xx_it.o(.text.UsageFault_Handler) for UsageFault_Handler
    startup_stm32h723xx.o(RESET) refers to stm32h7xx_it.o(.text.SVC_Handler) for SVC_Handler
    startup_stm32h723xx.o(RESET) refers to stm32h7xx_it.o(.text.DebugMon_Handler) for DebugMon_Handler
    startup_stm32h723xx.o(RESET) refers to stm32h7xx_it.o(.text.PendSV_Handler) for PendSV_Handler
    startup_stm32h723xx.o(RESET) refers to stm32h7xx_it.o(.text.SysTick_Handler) for SysTick_Handler
    startup_stm32h723xx.o(RESET) refers to stm32h7xx_it.o(.text.DMA1_Stream0_IRQHandler) for DMA1_Stream0_IRQHandler
    startup_stm32h723xx.o(RESET) refers to stm32h7xx_it.o(.text.DMA1_Stream1_IRQHandler) for DMA1_Stream1_IRQHandler
    startup_stm32h723xx.o(RESET) refers to stm32h7xx_it.o(.text.FDCAN1_IT0_IRQHandler) for FDCAN1_IT0_IRQHandler
    startup_stm32h723xx.o(RESET) refers to stm32h7xx_it.o(.text.FDCAN2_IT0_IRQHandler) for FDCAN2_IT0_IRQHandler
    startup_stm32h723xx.o(RESET) refers to stm32h7xx_it.o(.text.FDCAN1_IT1_IRQHandler) for FDCAN1_IT1_IRQHandler
    startup_stm32h723xx.o(RESET) refers to stm32h7xx_it.o(.text.FDCAN2_IT1_IRQHandler) for FDCAN2_IT1_IRQHandler
    startup_stm32h723xx.o(RESET) refers to stm32h7xx_it.o(.text.USART1_IRQHandler) for USART1_IRQHandler
    startup_stm32h723xx.o(RESET) refers to stm32h7xx_it.o(.text.FDCAN_CAL_IRQHandler) for FDCAN_CAL_IRQHandler
    startup_stm32h723xx.o(RESET) refers to stm32h7xx_it.o(.text.FDCAN3_IT0_IRQHandler) for FDCAN3_IT0_IRQHandler
    startup_stm32h723xx.o(RESET) refers to stm32h7xx_it.o(.text.FDCAN3_IT1_IRQHandler) for FDCAN3_IT1_IRQHandler
    startup_stm32h723xx.o(.text) refers to system_stm32h7xx.o(.text.SystemInit) for SystemInit
    startup_stm32h723xx.o(.text) refers to entry.o(.ARM.Collect$$$$00000000) for __main
    main.o(.ARM.exidx.text.smooth_position) refers to main.o(.text.smooth_position) for [Anonymous Symbol]
    main.o(.text.main) refers to main.o(.text.MPU_Config) for MPU_Config
    main.o(.text.main) refers to stm32h7xx_hal.o(.text.HAL_Init) for HAL_Init
    main.o(.text.main) refers to main.o(.text.SystemClock_Config) for SystemClock_Config
    main.o(.text.main) refers to gpio.o(.text.MX_GPIO_Init) for MX_GPIO_Init
    main.o(.text.main) refers to dma.o(.text.MX_DMA_Init) for MX_DMA_Init
    main.o(.text.main) refers to fdcan.o(.text.MX_FDCAN1_Init) for MX_FDCAN1_Init
    main.o(.text.main) refers to fdcan.o(.text.MX_FDCAN2_Init) for MX_FDCAN2_Init
    main.o(.text.main) refers to usart.o(.text.MX_UART5_Init) for MX_UART5_Init
    main.o(.text.main) refers to spi.o(.text.MX_SPI6_Init) for MX_SPI6_Init
    main.o(.text.main) refers to tim.o(.text.MX_TIM12_Init) for MX_TIM12_Init
    main.o(.text.main) refers to usart.o(.text.MX_USART1_UART_Init) for MX_USART1_UART_Init
    main.o(.text.main) refers to fdcan.o(.text.MX_FDCAN3_Init) for MX_FDCAN3_Init
    main.o(.text.main) refers to ws2812.o(.text.WS2812_Ctrl) for WS2812_Ctrl
    main.o(.text.main) refers to dr16.o(.text.DR16_Iint) for DR16_Iint
    main.o(.text.main) refers to can_motor.o(.text.Can_Init) for Can_Init
    main.o(.text.main) refers to gimbal_control.o(.text.Gimbal_Left_Head_Pid_Init) for Gimbal_Left_Head_Pid_Init
    main.o(.text.main) refers to main.o(.bss.last_send_time) for last_send_time
    main.o(.text.main) refers to dr16.o(.bss.RC_Ctl) for RC_Ctl
    main.o(.text.main) refers to main.o(.data.L_y_t) for L_y_t
    main.o(.text.main) refers to main.o(.data.smoothed_L_y_t) for smoothed_L_y_t
    main.o(.text.main) refers to main.o(.text.smooth_position) for smooth_position
    main.o(.text.main) refers to can_motor.o(.text.Send_MultiTurn_Position_Control_Command) for Send_MultiTurn_Position_Control_Command
    main.o(.text.main) refers to stm32h7xx_hal.o(.text.HAL_GetTick) for HAL_GetTick
    main.o(.ARM.exidx.text.main) refers to main.o(.text.main) for [Anonymous Symbol]
    main.o(.text.MPU_Config) refers to stm32h7xx_hal_cortex.o(.text.HAL_MPU_Disable) for HAL_MPU_Disable
    main.o(.text.MPU_Config) refers to stm32h7xx_hal_cortex.o(.text.HAL_MPU_ConfigRegion) for HAL_MPU_ConfigRegion
    main.o(.text.MPU_Config) refers to stm32h7xx_hal_cortex.o(.text.HAL_MPU_Enable) for HAL_MPU_Enable
[...]
    [Anonymous Symbol]                       0x08003c78   Section        0  stm32h7xx_hal_msp.o(.text.HAL_MspInit)
    [Anonymous Symbol]                       0x08003c98   Section        0  stm32h7xx_hal_cortex.o(.text.HAL_NVIC_EnableIRQ)
    [Anonymous Symbol]                       0x08003ca0   Section        0  stm32h7xx_hal_cortex.o(.text.HAL_NVIC_SetPriority)
    [Anonymous Symbol]                       0x08003cc0   Section        0  stm32h7xx_hal_cortex.o(.text.HAL_NVIC_SetPriorityGrouping)
    [Anonymous Symbol]                       0x08003cc8   Section        0  stm32h7xx_hal_pwr_ex.o(.text.HAL_PWREx_ConfigSupply)
    [Anonymous Symbol]                       0x08003d10   Section        0  stm32h7xx_hal_rcc_ex.o(.text.HAL_RCCEx_GetD3PCLK1Freq)
    [Anonymous Symbol]                       0x08003d38   Section        0  stm32h7xx_hal_rcc_ex.o(.text.HAL_RCCEx_GetPLL2ClockFreq)
    [Anonymous Symbol]                       0x08003e60   Section        0  stm32h7xx_hal_rcc_ex.o(.text.HAL_RCCEx_GetPLL3ClockFreq)
    [Anonymous Symbol]                       0x08003f88   Section        0  stm32h7xx_hal_rcc_ex.o(.text.HAL_RCCEx_PeriphCLKConfig)
    [Anonymous Symbol]                       0x08004910   Section        0  stm32h7xx_hal_rcc.o(.text.HAL_RCC_ClockConfig)
    [Anonymous Symbol]                       0x08004b68   Section        0  stm32h7xx_hal_rcc.o(.text.HAL_RCC_GetHCLKFreq)
    [Anonymous Symbol]                       0x08004bb8   Section        0  stm32h7xx_hal_rcc.o(.text.HAL_RCC_GetPCLK1Freq)
    [Anonymous Symbol]                       0x08004be0   Section        0  stm32h7xx_hal_rcc.o(.text.HAL_RCC_GetPCLK2Freq)
    [Anonymous Symbol]                       0x08004c08   Section        0  stm32h7xx_hal_rcc.o(.text.HAL_RCC_GetSysClockFreq)
    [Anonymous Symbol]                       0x08004d10   Section        0  stm32h7xx_hal_rcc.o(.text.HAL_RCC_OscConfig)
    [Anonymous Symbol]                       0x08005330   Section        0  stm32h7xx_hal_spi.o(.text.HAL_SPI_Init)
    [Anonymous Symbol]                       0x080054b8   Section        0  spi.o(.text.HAL_SPI_MspInit)
    [Anonymous Symbol]                       0x08005548   Section        0  stm32h7xx_hal_spi.o(.text.HAL_SPI_Transmit)
    [Anonymous Symbol]                       0x08005790   Section        0  stm32h7xx_hal_cortex.o(.text.HAL_SYSTICK_Config)
    [Anonymous Symbol]                       0x08005798   Section        0  stm32h7xx_hal_tim_ex.o(.text.HAL_TIMEx_MasterConfigSynchronization)
    [Anonymous Symbol]                       0x08005878   Section        0  tim.o(.text.HAL_TIM_MspPostInit)
    [Anonymous Symbol]                       0x080058d8   Section        0  stm32h7xx_hal_tim.o(.text.HAL_TIM_PWM_ConfigChannel)
    [Anonymous Symbol]                       0x08005998   Section        0  stm32h7xx_hal_tim.o(.text.HAL_TIM_PWM_Init)
    [Anonymous Symbol]                       0x080059f8   Section        0  tim.o(.text.HAL_TIM_PWM_MspInit)
    [Anonymous Symbol]                       0x08005a30   Section        0  stm32h7xx_hal_uart_ex.o(.text.HAL_UARTEx_DisableFifoMode)
    [Anonymous Symbol]                       0x08005a68   Section        0  stm32h7xx_hal_uart.o(.text.HAL_UARTEx_RxEventCallback)
    [Anonymous Symbol]                       0x08005a70   Section        0  stm32h7xx_hal_uart_ex.o(.text.HAL_UARTEx_RxFifoFullCallback)
    [Anonymous Symbol]                       0x08005a78   Section        0  stm32h7xx_hal_uart_ex.o(.text.HAL_UARTEx_SetRxFifoThreshold)
    [Anonymous Symbol]                       0x08005ac8   Section        0  stm32h7xx_hal_uart_ex.o(.text.HAL_UARTEx_SetTxFifoThreshold)
    [Anonymous Symbol]                       0x08005b18   Section        0  stm32h7xx_hal_uart_ex.o(.text.HAL_UARTEx_TxFifoEmptyCallback)
    [Anonymous Symbol]                       0x08005b20   Section        0  stm32h7xx_hal_uart_ex.o(.text.HAL_UARTEx_WakeupCallback)
    [Anonymous Symbol]                       0x08005b28   Section        0  stm32h7xx_hal_uart.o(.text.HAL_UART_DMAStop)
    [Anonymous Symbol]                       0x08005bc8   Section        0  stm32h7xx_hal_uart.o(.text.HAL_UART_ErrorCallback)
    [Anonymous Symbol]                       0x08005bd0   Section        0  stm32h7xx_hal_uart.o(.text.HAL_UART_IRQHandler)
    [Anonymous Symbol]                       0x08005fb8   Section        0  stm32h7xx_hal_uart.o(.text.HAL_UART_Init)
    [Anonymous Symbol]                       0x08006020   Section        0  usart.o(.text.HAL_UART_MspInit)
    [Anonymous Symbol]                       0x080061e8   Section        0  stm32h7xx_hal_uart.o(.text.HAL_UART_Receive_DMA)
    [Anonymous Symbol]                       0x08006248   Section        0  dr16.o(.text.HAL_UART_RxCpltCallback)
    [Anonymous Symbol]                       0x08006260   Section        0  stm32h7xx_hal_uart.o(.text.HAL_UART_RxHalfCpltCallback)
    [Anonymous Symbol]                       0x08006268   Section        0  stm32h7xx_hal_uart.o(.text.HAL_UART_Transmit_IT)
    [Anonymous Symbol]                       0x08006318   Section        0  usart.o(.text.HAL_UART_TxCpltCallback)
    [Anonymous Symbol]                       0x08006368   Section        0  stm32h7xx_it.o(.text.HardFault_Handler)
    MPU_Config                               0x08006371   Thumb Code    54  main.o(.text.MPU_Config)
    [Anonymous Symbol]                       0x08006370   Section        0  main.o(.text.MPU_Config)
    [Anonymous Symbol]                       0x080063a8   Section        0  dma.o(.text.MX_DMA_Init)
    [Anonymous Symbol]                       0x080063f0   Section        0  fdcan.o(.text.MX_FDCAN1_Init)
    [Anonymous Symbol]                       0x08006460   Section        0  fdcan.o(.text.MX_FDCAN2_Init)
    [Anonymous Symbol]                       0x080064d0   Section        0  fdcan.o(.text.MX_FDCAN3_Init)
    [Anonymous Symbol]                       0x08006540   Section        0  gpio.o(.text.MX_GPIO_Init)
    [Anonymous Symbol]                       0x08006598   Section        0  spi.o(.text.MX_SPI6_Init)
    [Anonymous Symbol]                       0x08006600   Section        0  tim.o(.text.MX_TIM12_Init)
    [Anonymous Symbol]                       0x08006698   Section        0  usart.o(.text.MX_UART5_Init)
    [Anonymous Symbol]                       0x08006728   Section        0  usart.o(.text.MX_USART1_UART_Init)
    [Anonymous Symbol]                       0x080067a8   Section        0  stm32h7xx_it.o(.text.MemManage_Handler)
    [Anonymous Symbol]                       0x080067b0   Section        0  can_motor.o(.text.Motor_ProcessCANMessage)
    [Anonymous Symbol]                       0x08006820   Section        0  stm32h7xx_it.o(.text.NMI_Handler)
    NVIC_EncodePriority                      0x08006829   Thumb Code    46  stm32h7xx_hal_cortex.o(.text.NVIC_EncodePriority)
    [Anonymous Symbol]                       0x08006828   Section        0  stm32h7xx_hal_cortex.o(.text.NVIC_EncodePriority)
    [Anonymous Symbol]                       0x08006858   Section        0  pid.o(.text.PID_Clear)
    [Anonymous Symbol]                       0x08006868   Section        0  pid.o(.text.PID_Init)
    [Anonymous Symbol]                       0x08006898   Section        0  pid.o(.text.PID_Set)
    [Anonymous Symbol]                       0x080068c8   Section        0  pid.o(.text.PID_Set_Err)
    [Anonymous Symbol]                       0x08006990   Section        0  pid.o(.text.PID_Set_Kpid)
    [Anonymous Symbol]                       0x08006998   Section        0  stm32h7xx_it.o(.text.PendSV_Handler)
    RCCEx_PLL2_Config                        0x080069a1   Thumb Code   286  stm32h7xx_hal_rcc_ex.o(.text.RCCEx_PLL2_Config)
    [Anonymous Symbol]                       0x080069a0   Section        0  stm32h7xx_hal_rcc_ex.o(.text.RCCEx_PLL2_Config)
    RCCEx_PLL3_Config                        0x08006ac1   Thumb Code   286  stm32h7xx_hal_rcc_ex.o(.text.RCCEx_PLL3_Config)
    [Anonymous Symbol]                       0x08006ac0   Section        0  stm32h7xx_hal_rcc_ex.o(.text.RCCEx_PLL3_Config)
    SPI_CloseTransfer                        0x08006be1   Thumb Code   182  stm32h7xx_hal_spi.o(.text.SPI_CloseTransfer)
    [Anonymous Symbol]                       0x08006be0   Section        0  stm32h7xx_hal_spi.o(.text.SPI_CloseTransfer)
    SPI_GetPacketSize                        0x08006c99   Thumb Code    18  stm32h7xx_hal_spi.o(.text.SPI_GetPacketSize)
    [Anonymous Symbol]                       0x08006c98   Section        0  stm32h7xx_hal_spi.o(.text.SPI_GetPacketSize)
    SPI_WaitOnFlagUntilTimeout               0x08006cb1   Thumb Code    46  stm32h7xx_hal_spi.o(.text.SPI_WaitOnFlagUntilTimeout)
    [Anonymous Symbol]                       0x08006cb0   Section        0  stm32h7xx_hal_spi.o(.text.SPI_WaitOnFlagUntilTimeout)
    [Anonymous Symbol]                       0x08006ce0   Section        0  stm32h7xx_it.o(.text.SVC_Handler)
    [Anonymous Symbol]                       0x08006ce8   Section        0  can_motor.o(.text.Send_Motor_Currents)
    [Anonymous Symbol]                       0x08006d40   Section        0  can_motor.o(.text.Send_MultiTurn_Position_Control_Command)
    SysTick_Config                           0x08006d99   Thumb Code    46  stm32h7xx_hal_cortex.o(.text.SysTick_Config)
    [Anonymous Symbol]                       0x08006d98   Section        0  stm32h7xx_hal_cortex.o(.text.SysTick_Config)
    [Anonymous Symbol]                       0x08006dc8   Section        0  stm32h7xx_it.o(.text.SysTick_Handler)
    [Anonymous Symbol]                       0x08006dd0   Section        0  main.o(.text.SystemClock_Config)
    [Anonymous Symbol]                       0x08006e78   Section        0  system_stm32h7xx.o(.text.SystemInit)
    [Anonymous Symbol]                       0x08006f28   Section        0  stm32h7xx_hal_tim.o(.text.TIM_Base_SetConfig)
    TIM_OC1_SetConfig                        0x08007091   Thumb Code   194  stm32h7xx_hal_tim.o(.text.TIM_OC1_SetConfig)
    [Anonymous Symbol]                       0x08007090   Section        0  stm32h7xx_hal_tim.o(.text.TIM_OC1_SetConfig)
    [Anonymous Symbol]                       0x08007158   Section        0  stm32h7xx_hal_tim.o(.text.TIM_OC2_SetConfig)
    TIM_OC3_SetConfig                        0x08007209   Thumb Code   172  stm32h7xx_hal_tim.o(.text.TIM_OC3_SetConfig)
    [Anonymous Symbol]                       0x08007208   Section        0  stm32h7xx_hal_tim.o(.text.TIM_OC3_SetConfig)
    TIM_OC4_SetConfig                        0x080072b9   Thumb Code   132  stm32h7xx_hal_tim.o(.text.TIM_OC4_SetConfig)
    [Anonymous Symbol]                       0x080072b8   Section        0  stm32h7xx_hal_tim.o(.text.TIM_OC4_SetConfig)
    TIM_OC5_SetConfig                        0x08007341   Thumb Code   130  stm32h7xx_hal_tim.o(.text.TIM_OC5_SetConfig)
    [Anonymous Symbol]                       0x08007340   Section        0  stm32h7xx_hal_tim.o(.text.TIM_OC5_SetConfig)
    TIM_OC6_SetConfig                        0x080073c9   Thumb Code   132  stm32h7xx_hal_tim.o(.text.TIM_OC6_SetConfig)
    [Anonymous Symbol]                       0x080073c8   Section        0  stm32h7xx_hal_tim.o(.text.TIM_OC6_SetConfig)
    UARTEx_SetNbDataToProcess                0x08007451   Thumb Code    84  stm32h7xx_hal_uart_ex.o(.text.UARTEx_SetNbDataToProcess)
    [Anonymous Symbol]                       0x08007450   Section        0  stm32h7xx_hal_uart_ex.o(.text.UARTEx_SetNbDataToProcess)
    [Anonymous Symbol]                       0x080074a8   Section        0  stm32h7xx_hal_uart.o(.text.UART_AdvFeatureConfig)
    [Anonymous Symbol]                       0x08007588   Section        0  stm32h7xx_hal_uart.o(.text.UART_CheckIdleState)
    UART_DMAAbortOnError                     0x08007641   Thumb Code    20  stm32h7xx_hal_uart.o(.text.UART_DMAAbortOnError)
    [Anonymous Symbol]                       0x08007640   Section        0  stm32h7xx_hal_uart.o(.text.UART_DMAAbortOnError)
    UART_DMAError                            0x08007659   Thumb Code    84  stm32h7xx_hal_uart.o(.text.UART_DMAError)
    [Anonymous Symbol]                       0x08007658   Section        0  stm32h7xx_hal_uart.o(.text.UART_DMAError)
    UART_DMAReceiveCplt                      0x080076b1   Thumb Code   138  stm32h7xx_hal_uart.o(.text.UART_DMAReceiveCplt)
    [Anonymous Symbol]                       0x080076b0   Section        0  stm32h7xx_hal_uart.o(.text.UART_DMAReceiveCplt)
    UART_DMARxHalfCplt                       0x08007741   Thumb Code    32  stm32h7xx_hal_uart.o(.text.UART_DMARxHalfCplt)
    [Anonymous Symbol]                       0x08007740   Section        0  stm32h7xx_hal_uart.o(.text.UART_DMARxHalfCplt)
    UART_EndRxTransfer                       0x08007761   Thumb Code    90  stm32h7xx_hal_uart.o(.text.UART_EndRxTransfer)
    [Anonymous Symbol]                       0x08007760   Section        0  stm32h7xx_hal_uart.o(.text.UART_EndRxTransfer)
    UART_EndTransmit_IT                      0x080077c1   Thumb Code    40  stm32h7xx_hal_uart.o(.text.UART_EndTransmit_IT)
    [Anonymous Symbol]                       0x080077c0   Section        0  stm32h7xx_hal_uart.o(.text.UART_EndTransmit_IT)
    UART_EndTxTransfer                       0x080077e9   Thumb Code    48  stm32h7xx_hal_uart.o(.text.UART_EndTxTransfer)
    [Anonymous Symbol]                       0x080077e8   Section        0  stm32h7xx_hal_uart.o(.text.UART_EndTxTransfer)
    [Anonymous Symbol]                       0x08007818   Section        0  stm32h7xx_hal_uart.o(.text.UART_SetConfig)
    [Anonymous Symbol]                       0x08007de0   Section        0  stm32h7xx_hal_uart.o(.text.UART_Start_Receive_DMA)
    UART_TxISR_16BIT                         0x08007e89   Thumb Code    86  stm32h7xx_hal_uart.o(.text.UART_TxISR_16BIT)
    [Anonymous Symbol]                       0x08007e88   Section        0  stm32h7xx_hal_uart.o(.text.UART_TxISR_16BIT)
    UART_TxISR_16BIT_FIFOEN                  0x08007ee1   Thumb Code   114  stm32h7xx_hal_uart.o(.text.UART_TxISR_16BIT_FIFOEN)
    [Anonymous Symbol]                       0x08007ee0   Section        0  stm32h7xx_hal_uart.o(.text.UART_TxISR_16BIT_FIFOEN)
    UART_TxISR_8BIT                          0x08007f59   Thumb Code    82  stm32h7xx_hal_uart.o(.text.UART_TxISR_8BIT)
    [Anonymous Symbol]                       0x08007f58   Section        0  stm32h7xx_hal_uart.o(.text.UART_TxISR_8BIT)
    UART_TxISR_8BIT_FIFOEN                   0x08007fb1   Thumb Code   110  stm32h7xx_hal_uart.o(.text.UART_TxISR_8BIT_FIFOEN)
    [Anonymous Symbol]                       0x08007fb0   Section        0  stm32h7xx_hal_uart.o(.text.UART_TxISR_8BIT_FIFOEN)
    [Anonymous Symbol]                       0x08008020   Section        0  stm32h7xx_hal_uart.o(.text.UART_WaitOnFlagUntilTimeout)
    [Anonymous Symbol]                       0x080080e8   Section        0  stm32h7xx_it.o(.text.USART1_IRQHandler)
    [Anonymous Symbol]                       0x080080f8   Section        0  gimbal_control.o(.text.Update_Angle)
    [Anonymous Symbol]                       0x08008160   Section        0  stm32h7xx_it.o(.text.UsageFault_Handler)
    [Anonymous Symbol]                       0x08008168   Section        0  ws2812.o(.text.WS2812_Ctrl)
    [Anonymous Symbol]                       0x08008208   Section        0  dr16.o(.text._Parse_RC_Data)
    __NVIC_EnableIRQ                         0x080083e1   Thumb Code    32  stm32h7xx_hal_cortex.o(.text.__NVIC_EnableIRQ)
    [Anonymous Symbol]                       0x080083e0   Section        0  stm32h7xx_hal_cortex.o(.text.__NVIC_EnableIRQ)
    __NVIC_GetPriorityGrouping               0x08008401   Thumb Code    16  stm32h7xx_hal_cortex.o(.text.__NVIC_GetPriorityGrouping)
    [Anonymous Symbol]                       0x08008400   Section        0  stm32h7xx_hal_cortex.o(.text.__NVIC_GetPriorityGrouping)
    __NVIC_SetPriority                       0x08008411   Thumb Code    34  stm32h7xx_hal_cortex.o(.text.__NVIC_SetPriority)
    [Anonymous Symbol]                       0x08008410   Section        0  stm32h7xx_hal_cortex.o(.text.__NVIC_SetPriority)
    __NVIC_SetPriorityGrouping               0x08008439   Thumb Code    32  stm32h7xx_hal_cortex.o(.text.__NVIC_SetPriorityGrouping)
    [Anonymous Symbol]                       0x08008438   Section        0  stm32h7xx_hal_cortex.o(.text.__NVIC_SetPriorityGrouping)
    [Anonymous Symbol]                       0x08008458   Section        0  gimbal_control.o(.text.low_pass_filter)
    [Anonymous Symbol]                       0x08008488   Section        0  main.o(.text.main)
    [Anonymous Symbol]                       0x08008568   Section        0  main.o(.text.smooth_position)
    i.__scatterload_copy                     0x08008592   Section       14  handlers.o(i.__scatterload_copy)
    i.__scatterload_null                     0x080085a0   Section        2  handlers.o(i.__scatterload_null)
    i.__scatterload_zeroinit                 0x080085a2   Section       14  handlers.o(i.__scatterload_zeroinit)
    .L__const.HAL_FDCAN_Init.CvtEltSize      0x080085b0   Data          76  stm32h7xx_hal_fdcan.o(.rodata..L__const.HAL_FDCAN_Init.CvtEltSize)
    DLCtoBytes                               0x08008624   Data          16  stm32h7xx_hal_fdcan.o(.rodata.cst16)
    [Anonymous Symbol]                       0x08008624   Section        0  stm32h7xx_hal_fdcan.o(.rodata.cst16)
    UARTEx_SetNbDataToProcess.numerator      0x08008634   Data           8  stm32h7xx_hal_uart_ex.o(.rodata.cst8)
    [Anonymous Symbol]                       0x08008634   Section        0  stm32h7xx_hal_uart_ex.o(.rodata.cst8)
    UARTEx_SetNbDataToProcess.denominator    0x0800863c   Data           8  stm32h7xx_hal_uart_ex.o(.rodata.cst8)
    Update_Angle.previous_angle              0x2000003c   Data           4  gimbal_control.o(.bss.Update_Angle.previous_angle)
    [Anonymous Symbol]                       0x2000003c   Section        0  gimbal_control.o(.bss.Update_Angle.previous_angle)
    tx_read_pos                              0x20000242   Data           2  usart.o(.bss.tx_read_pos)
    [Anonymous Symbol]                       0x20000242   Section        0  usart.o(.bss.tx_read_pos)
    STACK                                    0x20000248   Section     1024  startup_stm32h723xx.o(STACK)
    HAL_RCC_FDCAN_CLK_ENABLED                0x24000008   Data           4  fdcan.o(.bss.HAL_RCC_FDCAN_CLK_ENABLED)
    [Anonymous Symbol]                       0x24000008   Section        0  fdcan.o(.bss.HAL_RCC_FDCAN_CLK_ENABLED)
    Update_Angle.rotation_count              0x24000026   Data           2  gimbal_control.o(.bss.Update_Angle.rotation_count)
    [Anonymous Symbol]                       0x24000026   Section        0  gimbal_control.o(.bss.Update_Angle.rotation_count)
    tx_buffer                                0x24000600   Data          64  usart.o(.bss.tx_buffer)
    [Anonymous Symbol]                       0x24000600   Section        0  usart.o(.bss.tx_buffer)
    tx_write_pos                             0x24000640   Data           2  usart.o(.bss.tx_write_pos)
    [Anonymous Symbol]                       0x24000640   Section        0  usart.o(.bss.tx_write_pos)

    Global Symbols

    Symbol Name                              Value     Ov Type        Size  Object(Section)

    BuildAttributes$$THM_ISAv4$E$P$D$K$B$S$7EM$VFPv5_D16$PE$PLD8$A:L22UL41UL21$X:L11$S22US41US21$IEEE1$IW$~IW$USESV6$~STKCKD$USESV7$~SHL$OTIME$EBA8$MICROLIB$REQ8$PRES8$EABIv2 0x00000000   Number         0  anon$$obj.o ABSOLUTE
    __cpp_initialize__aeabi_                  - Undefined Weak Reference
    __cxa_finalize                            - Undefined Weak Reference
    __decompress                              - Undefined Weak Reference
    _clock_init                               - Undefined Weak Reference
    _microlib_exit                            - Undefined Weak Reference
    __Vectors_Size                           0x000002cc   Number         0  startup_stm32h723xx.o ABSOLUTE
    __Vectors                                0x08000000   Data           4  startup_stm32h723xx.o(RESET)
    __Vectors_End                            0x080002cc   Data           0  startup_stm32h723xx.o(RESET)
    __main                                   0x080002cd   Thumb Code     0  entry.o(.ARM.Collect$$$$00000000)
    _main_stk                                0x080002cd   Thumb Code     0  entry2.o(.ARM.Collect$$$$00000001)
    _main_scatterload                        0x080002d1   Thumb Code     0  entry5.o(.ARM.Collect$$$$00000004)
    __main_after_scatterload                 0x080002d5   Thumb Code     0  entry5.o(.ARM.Collect$$$$00000004)
    _main_clock                              0x080002d5   Thumb Code     0  entry7b.o(.ARM.Collect$$$$00000008)
    _main_cpp_init                           0x080002d5   Thumb Code     0  entry8b.o(.ARM.Collect$$$$0000000A)
    _main_init                               0x080002d5   Thumb Code     0  entry9a.o(.ARM.Collect$$$$0000000B)
    __rt_final_cpp                           0x080002dd   Thumb Code     0  entry10a.o(.ARM.Collect$$$$0000000D)
    __rt_final_exit                          0x080002dd   Thumb Code     0  entry11a.o(.ARM.Collect$$$$0000000F)
    Reset_Handler                            0x080002e1   Thumb Code     8  startup_stm32h723xx.o(.text)
    ADC3_IRQHandler                          0x080002fb   Thumb Code     0  startup_stm32h723xx.o(.text)
    ADC_IRQHandler                           0x080002fb   Thumb Code     0  startup_stm32h723xx.o(.text)
    BDMA_Channel0_IRQHandler                 0x080002fb   Thumb Code     0  startup_stm32h723xx.o(.text)
    BDMA_Channel1_IRQHandler                 0x080002fb   Thumb Code     0  startup_stm32h723xx.o(.text)
    BDMA_Channel2_IRQHandler                 0x080002fb   Thumb Code     0  startup_stm32h723xx.o(.text)
    BDMA_Channel3_IRQHandler                 0x080002fb   Thumb Code     0  startup_stm32h723xx.o(.text)
    BDMA_Channel4_IRQHandler                 0x080002fb   Thumb Code     0  startup_stm32h723xx.o(.text)
    BDMA_Channel5_IRQHandler                 0x080002fb   Thumb Code     0  startup_stm32h723xx.o(.text)
    BDMA_Channel6_IRQHandler                 0x080002fb   Thumb Code     0  startup_stm32h723xx.o(.text)
    BDMA_Channel7_IRQHandler                 0x080002fb   Thumb Code     0  startup_stm32h723xx.o(.text)
    CEC_IRQHandler                           0x080002fb   Thumb Code     0  startup_stm32h723xx.o(.text)
    COMP1_IRQHandler                         0x080002fb   Thumb Code     0  startup_stm32h723xx.o(.text)
    CORDIC_IRQHandler                        0x080002fb   Thumb Code     0  startup_stm32h723xx.o(.text)
    CRS_IRQHandler                           0x080002fb   Thumb Code     0  startup_stm32h723xx.o(.text)
    DCMI_PSSI_IRQHandler                     0x080002fb   Thumb Code     0  startup_stm32h723xx.o(.text)
    DFSDM1_FLT0_IRQHandler                   0x080002fb   Thumb Code     0  startup_stm32h723xx.o(.text)
    DFSDM1_FLT1_IRQHandler                   0x080002fb   Thumb Code     0  startup_stm32h723xx.o(.text)
    DFSDM1_FLT2_IRQHandler                   0x080002fb   Thumb Code     0  startup_stm32h723xx.o(.text)
    DFSDM1_FLT3_IRQHandler                   0x080002fb   Thumb Code     0  startup_stm32h723xx.o(.text)
    DMA1_Stream2_IRQHandler                  0x080002fb   Thumb Code     0  startup_stm32h723xx.o(.text)
    DMA1_Stream3_IRQHandler                  0x080002fb   Thumb Code     0  startup_stm32h723xx.o(.text)
    DMA1_Stream4_IRQHandler                  0x080002fb   Thumb Code     0  startup_stm32h723xx.o(.text)
    DMA1_Stream5_IRQHandler                  0x080002fb   Thumb Code     0  startup_stm32h723xx.o(.text)
    DMA1_Stream6_IRQHandler                  0x080002fb   Thumb Code     0  startup_stm32h723xx.o(.text)
    DMA1_Stream7_IRQHandler                  0x080002fb   Thumb Code     0  startup_stm32h723xx.o(.text)
    DMA2D_IRQHandler                         0x080002fb   Thumb Code     0  startup_stm32h723xx.o(.text)
    DMA2_Stream0_IRQHandler                  0x080002fb   Thumb Code     0  startup_stm32h723xx.o(.text)
    DMA2_Stream1_IRQHandler                  0x080002fb   Thumb Code     0  startup_stm32h723xx.o(.text)
    DMA2_Stream2_IRQHandler                  0x080002fb   Thumb Code     0  startup_stm32h723xx.o(.text)
    DMA2_Stream3_IRQHandler                  0x080002fb   Thumb Code     0  startup_stm32h723xx.o(.text)
    DMA2_Stream4_IRQHandler                  0x080002fb   Thumb Code     0  startup_stm32h723xx.o(.text)
    DMA2_Stream5_IRQHandler                  0x080002fb   Thumb Code     0  startup_stm32h723xx.o(.text)
    DMA2_Stream6_IRQHandler                  0x080002fb   Thumb Code     0  startup_stm32h723xx.o(.text)
    DMA2_Stream7_IRQHandler                  0x080002fb   Thumb Code     0  startup_stm32h723xx.o(.text)
    DMAMUX1_OVR_IRQHandler                   0x080002fb   Thumb Code     0  startup_stm32h723xx.o(.text)
    DMAMUX2_OVR_IRQHandler                   0x080002fb   Thumb Code     0  startup_stm32h723xx.o(.text)
    DTS_IRQHandler                           0x080002fb   Thumb Code     0  startup_stm32h723xx.o(.text)
    ECC_IRQHandler                           0x080002fb   Thumb Code     0  startup_stm32h723xx.o(.text)
    ETH_IRQHandler                           0x080002fb   Thumb Code     0  startup_stm32h723xx.o(.text)
    ETH_WKUP_IRQHandler                      0x080002fb   Thumb Code     0  startup_stm32h723xx.o(.text)
    EXTI0_IRQHandler                         0x080002fb   Thumb Code     0  startup_stm32h723xx.o(.text)
    EXTI15_10_IRQHandler                     0x080002fb   Thumb Code     0  startup_stm32h723xx.o(.text)
    EXTI1_IRQHandler                         0x080002fb   Thumb Code     0  startup_stm32h723xx.o(.text)
    EXTI2_IRQHandler                         0x080002fb   Thumb Code     0  startup_stm32h723xx.o(.text)
    EXTI3_IRQHandler                         0x080002fb   Thumb Code     0  startup_stm32h723xx.o(.text)
    EXTI4_IRQHandler                         0x080002fb   Thumb Code     0  startup_stm32h723xx.o(.text)
    EXTI9_5_IRQHandler                       0x080002fb   Thumb Code     0  startup_stm32h723xx.o(.text)
    FLASH_IRQHandler                         0x080002fb   Thumb Code     0  startup_stm32h723xx.o(.text)
    FMAC_IRQHandler                          0x080002fb   Thumb Code     0  startup_stm32h723xx.o(.text)
    FMC_IRQHandler                           0x080002fb   Thumb Code     0  startup_stm32h723xx.o(.text)
    FPU_IRQHandler                           0x080002fb   Thumb Code     0  startup_stm32h723xx.o(.text)
    HSEM1_IRQHandler                         0x080002fb   Thumb Code     0  startup_stm32h723xx.o(.text)
    I2C1_ER_IRQHandler                       0x080002fb   Thumb Code     0  startup_stm32h723xx.o(.text)
    I2C1_EV_IRQHandler                       0x080002fb   Thumb Code     0  startup_stm32h723xx.o(.text)
    I2C2_ER_IRQHandler                       0x080002fb   Thumb Code     0  startup_stm32h723xx.o(.text)
    I2C2_EV_IRQHandler                       0x080002fb   Thumb Code     0  startup_stm32h723xx.o(.text)
    I2C3_ER_IRQHandler                       0x080002fb   Thumb Code     0  startup_stm32h723xx.o(.text)
    I2C3_EV_IRQHandler                       0x080002fb   Thumb Code     0  startup_stm32h723xx.o(.text)
    I2C4_ER_IRQHandler                       0x080002fb   Thumb Code     0  startup_stm32h723xx.o(.text)
    I2C4_EV_IRQHandler                       0x080002fb   Thumb Code     0  startup_stm32h723xx.o(.text)
    I2C5_ER_IRQHandler                       0x080002fb   Thumb Code     0  startup_stm32h723xx.o(.text)
    I2C5_EV_IRQHandler                       0x080002fb   Thumb Code     0  startup_stm32h723xx.o(.text)
    LPTIM1_IRQHandler                        0x080002fb   Thumb Code     0  startup_stm32h723xx.o(.text)
    LPTIM2_IRQHandler                        0x080002fb   Thumb Code     0  startup_stm32h723xx.o(.text)
    LPTIM3_IRQHandler                        0x080002fb   Thumb Code     0  startup_stm32h723xx.o(.text)
    LPTIM4_IRQHandler                        0x080002fb   Thumb Code     0  startup_stm32h723xx.o(.text)
    LPTIM5_IRQHandler                        0x080002fb   Thumb Code     0  startup_stm32h723xx.o(.text)
    LPUART1_IRQHandler                       0x080002fb   Thumb Code     0  startup_stm32h723xx.o(.text)
    LTDC_ER_IRQHandler                       0x080002fb   Thumb Code     0  startup_stm32h723xx.o(.text)
    LTDC_IRQHandler                          0x080002fb   Thumb Code     0  startup_stm32h723xx.o(.text)
    MDIOS_IRQHandler                         0x080002fb   Thumb Code     0  startup_stm32h723xx.o(.text)
    MDIOS_WKUP_IRQHandler                    0x080002fb   Thumb Code     0  startup_stm32h723xx.o(.text)
    MDMA_IRQHandler                          0x080002fb   Thumb Code     0  startup_stm32h723xx.o(.text)
    OCTOSPI1_IRQHandler                      0x080002fb   Thumb Code     0  startup_stm32h723xx.o(.text)
    OCTOSPI2_IRQHandler                      0x080002fb   Thumb Code     0  startup_stm32h723xx.o(.text)
    OTG_HS_EP1_IN_IRQHandler                 0x080002fb   Thumb Code     0  startup_stm32h723xx.o(.text)
    OTG_HS_EP1_OUT_IRQHandler                0x080002fb   Thumb Code     0  startup_stm32h723xx.o(.text)
    OTG_HS_IRQHandler                        0x080002fb   Thumb Code     0  startup_stm32h723xx.o(.text)
    OTG_HS_WKUP_IRQHandler                   0x080002fb   Thumb Code     0  startup_stm32h723xx.o(.text)
    PVD_AVD_IRQHandler                       0x080002fb   Thumb Code     0  startup_stm32h723xx.o(.text)
    RCC_IRQHandler                           0x080002fb   Thumb Code     0  startup_stm32h723xx.o(.text)
    RNG_IRQHandler                           0x080002fb   Thumb Code     0  startup_stm32h723xx.o(.text)
    RTC_Alarm_IRQHandler                     0x080002fb   Thumb Code     0  startup_stm32h723xx.o(.text)
    RTC_WKUP_IRQHandler                      0x080002fb   Thumb Code     0  startup_stm32h723xx.o(.text)
    SAI1_IRQHandler                          0x080002fb   Thumb Code     0  startup_stm32h723xx.o(.text)
    SAI4_IRQHandler                          0x080002fb   Thumb Code     0  startup_stm32h723xx.o(.text)
    SDMMC1_IRQHandler                        0x080002fb   Thumb Code     0  startup_stm32h723xx.o(.text)
    SDMMC2_IRQHandler                        0x080002fb   Thumb Code     0  startup_stm32h723xx.o(.text)
    SPDIF_RX_IRQHandler                      0x080002fb   Thumb Code     0  startup_stm32h723xx.o(.text)
    SPI1_IRQHandler                          0x080002fb   Thumb Code     0  startup_stm32h723xx.o(.text)
    SPI2_IRQHandler                          0x080002fb   Thumb Code     0  startup_stm32h723xx.o(.text)
    SPI3_IRQHandler                          0x080002fb   Thumb Code     0  startup_stm32h723xx.o(.text)
    SPI4_IRQHandler                          0x080002fb   Thumb Code     0  startup_stm32h723xx.o(.text)
    SPI5_IRQHandler                          0x080002fb   Thumb Code     0  startup_stm32h723xx.o(.text)
    SPI6_IRQHandler                          0x080002fb   Thumb Code     0  startup_stm32h723xx.o(.text)
    SWPMI1_IRQHandler                        0x080002fb   Thumb Code     0  startup_stm32h723xx.o(.text)
    TAMP_STAMP_IRQHandler                    0x080002fb   Thumb Code     0  startup_stm32h723xx.o(.text)
    TIM15_IRQHandler                         0x080002fb   Thumb Code     0  startup_stm32h723xx.o(.text)
    TIM16_IRQHandler                         0x080002fb   Thumb Code     0  startup_stm32h723xx.o(.text)
    TIM17_IRQHandler                         0x080002fb   Thumb Code     0  startup_stm32h723xx.o(.text)
    TIM1_BRK_IRQHandler                      0x080002fb   Thumb Code     0  startup_stm32h723xx.o(.text)
    TIM1_CC_IRQHandler                       0x080002fb   Thumb Code     0  startup_stm32h723xx.o(.text)
    TIM1_TRG_COM_IRQHandler                  0x080002fb   Thumb Code     0  startup_stm32h723xx.o(.text)
    TIM1_UP_IRQHandler                       0x080002fb   Thumb Code     0  startup_stm32h723xx.o(.text)
    TIM23_IRQHandler                         0x080002fb   Thumb Code     0  startup_stm32h723xx.o(.text)
    TIM24_IRQHandler                         0x080002fb   Thumb Code     0  startup_stm32h723xx.o(.text)
    TIM2_IRQHandler                          0x080002fb   Thumb Code     0  startup_stm32h723xx.o(.text)
    TIM3_IRQHandler                          0x080002fb   Thumb Code     0  startup_stm32h723xx.o(.text)
    TIM4_IRQHandler                          0x080002fb   Thumb Code     0  startup_stm32h723xx.o(.text)
    TIM5_IRQHandler                          0x080002fb   Thumb Code     0  startup_stm32h723xx.o(.text)
    TIM6_DAC_IRQHandler                      0x080002fb   Thumb Code     0  startup_stm32h723xx.o(.text)
    TIM7_IRQHandler                          0x080002fb   Thumb Code     0  startup_stm32h723xx.o(.text)
    TIM8_BRK_TIM12_IRQHandler                0x080002fb   Thumb Code     0  startup_stm32h723xx.o(.text)
    TIM8_CC_IRQHandler                       0x080002fb   Thumb Code     0  startup_stm32h723xx.o(.text)
    TIM8_TRG_COM_TIM14_IRQHandler            0x080002fb   Thumb Code     0  startup_stm32h723xx.o(.text)
    TIM8_UP_TIM13_IRQHandler                 0x080002fb   Thumb Code     0  startup_stm32h723xx.o(.text)
    UART4_IRQHandler                         0x080002fb   Thumb Code     0  startup_stm32h723xx.o(.text)
    UART5_IRQHandler                         0x080002fb   Thumb Code     0  startup_stm32h723xx.o(.text)
    UART7_IRQHandler                         0x080002fb   Thumb Code     0  startup_stm32h723xx.o(.text)
    UART8_IRQHandler                         0x080002fb   Thumb Code     0  startup_stm32h723xx.o(.text)
    UART9_IRQHandler                         0x080002fb   Thumb Code     0  startup_stm32h723xx.o(.text)
    USART10_IRQHandler                       0x080002fb   Thumb Code     0  startup_stm32h723xx.o(.text)
    USART2_IRQHandler                        0x080002fb   Thumb Code     0  startup_stm32h723xx.o(.text)
    USART3_IRQHandler                        0x080002fb   Thumb Code     0  startup_stm32h723xx.o(.text)
    USART6_IRQHandler                        0x080002fb   Thumb Code     0  startup_stm32h723xx.o(.text)
    WAKEUP_PIN_IRQHandler                    0x080002fb   Thumb Code     0  startup_stm32h723xx.o(.text)
    WWDG_IRQHandler                          0x080002fb   Thumb Code     0  startup_stm32h723xx.o(.text)
    __aeabi_uldivmod                         0x08000305   Thumb Code    98  uldiv.o(.text)
    __aeabi_memset                           0x08000367   Thumb Code    14  memseta.o(.text)
    __aeabi_memset4                          0x08000367   Thumb Code     0  memseta.o(.text)
    __aeabi_memset8                          0x08000367   Thumb Code     0  memseta.o(.text)
    __aeabi_memclr                           0x08000375   Thumb Code     4  memseta.o(.text)
    __aeabi_memclr4                          0x08000375   Thumb Code     0  memseta.o(.text)
    __aeabi_memclr8                          0x08000375   Thumb Code     0  memseta.o(.text)
    _memset$wrapper                          0x08000379   Thumb Code    18  memseta.o(.text)
    __aeabi_llsl                             0x0800038b   Thumb Code    30  llshl.o(.text)
    _ll_shift_l                              0x0800038b   Thumb Code     0  llshl.o(.text)
    __aeabi_llsr                             0x080003a9   Thumb Code    32  llushr.o(.text)
    _ll_ushift_r                             0x080003a9   Thumb Code     0  llushr.o(.text)
    __scatterload                            0x080003c9   Thumb Code    28  init.o(.text)
    __scatterload_rt2                        0x080003c9   Thumb Code     0  init.o(.text)
    BusFault_Handler                         0x080003f1   Thumb Code     2  stm32h7xx_it.o(.text.BusFault_Handler)
    Can_Init                                 0x080003f9   Thumb Code    48  can_motor.o(.text.Can_Init)
    DMA1_Stream0_IRQHandler                  0x08000429   Thumb Code    16  stm32h7xx_it.o(.text.DMA1_Stream0_IRQHandler)
    DMA1_Stream1_IRQHandler                  0x08000439   Thumb Code    16  stm32h7xx_it.o(.text.DMA1_Stream1_IRQHandler)
    DR16_Iint                                0x08000a49   Thumb Code    52  dr16.o(.text.DR16_Iint)
    DebugMon_Handler                         0x08000a81   Thumb Code     2  stm32h7xx_it.o(.text.DebugMon_Handler)
    Error_Handler                            0x08000a89   Thumb Code    10  main.o(.text.Error_Handler)
    FDCAN1_IT0_IRQHandler                    0x08000a99   Thumb Code    16  stm32h7xx_it.o(.text.FDCAN1_IT0_IRQHandler)
    FDCAN1_IT1_IRQHandler                    0x08000aa9   Thumb Code    16  stm32h7xx_it.o(.text.FDCAN1_IT1_IRQHandler)
    FDCAN2_IT0_IRQHandler                    0x08000ab9   Thumb Code    16  stm32h7xx_it.o(.text.FDCAN2_IT0_IRQHandler)
    FDCAN2_IT1_IRQHandler                    0x08000ac9   Thumb Code    16  stm32h7xx_it.o(.text.FDCAN2_IT1_IRQHandler)
    FDCAN3_IT0_IRQHandler                    0x08000ad9   Thumb Code    16  stm32h7xx_it.o(.text.FDCAN3_IT0_IRQHandler)
    FDCAN3_IT1_IRQHandler                    0x08000ae9   Thumb Code    16  stm32h7xx_it.o(.text.FDCAN3_IT1_IRQHandler)
    FDCAN_CAL_IRQHandler                     0x08000af9   Thumb Code    28  stm32h7xx_it.o(.text.FDCAN_CAL_IRQHandler)
    Gimbal_Left_Head_Motor_Control           0x08000d69   Thumb Code   516  gimbal_control.o(.text.Gimbal_Left_Head_Motor_Control)
    Gimbal_Left_Head_Pid_Init                0x08000f71   Thumb Code   256  gimbal_control.o(.text.Gimbal_Left_Head_Pid_Init)
    HAL_DMA_Abort                            0x08001071   Thumb Code  1470  stm32h7xx_hal_dma.o(.text.HAL_DMA_Abort)
    HAL_DMA_Abort_IT                         0x08001631   Thumb Code   686  stm32h7xx_hal_dma.o(.text.HAL_DMA_Abort_IT)
    HAL_DMA_GetError                         0x080018e1   Thumb Code     4  stm32h7xx_hal_dma.o(.text.HAL_DMA_GetError)
    HAL_DMA_IRQHandler                       0x080018e9   Thumb Code  2976  stm32h7xx_hal_dma.o(.text.HAL_DMA_IRQHandler)
    HAL_DMA_Init                             0x08002489   Thumb Code  1432  stm32h7xx_hal_dma.o(.text.HAL_DMA_Init)
    HAL_DMA_Start_IT                         0x08002a21   Thumb Code  1120  stm32h7xx_hal_dma.o(.text.HAL_DMA_Start_IT)
    HAL_FDCAN_ActivateNotification           0x08002e81   Thumb Code   120  stm32h7xx_hal_fdcan.o(.text.HAL_FDCAN_ActivateNotification)
    HAL_FDCAN_AddMessageToTxFifoQ            0x08002ef9   Thumb Code   102  stm32h7xx_hal_fdcan.o(.text.HAL_FDCAN_AddMessageToTxFifoQ)
    HAL_FDCAN_ClockCalibrationCallback       0x08002f61   Thumb Code     2  stm32h7xx_hal_fdcan.o(.text.HAL_FDCAN_ClockCalibrationCallback)
    HAL_FDCAN_ConfigGlobalFilter             0x08002f69   Thumb Code    54  stm32h7xx_hal_fdcan.o(.text.HAL_FDCAN_ConfigGlobalFilter)
    HAL_FDCAN_ErrorCallback                  0x08002fa1   Thumb Code     2  stm32h7xx_hal_fdcan.o(.text.HAL_FDCAN_ErrorCallback)
    HAL_FDCAN_ErrorStatusCallback            0x08002fa9   Thumb Code     2  stm32h7xx_hal_fdcan.o(.text.HAL_FDCAN_ErrorStatusCallback)
    HAL_FDCAN_GetRxMessage                   0x08002fb1   Thumb Code   404  stm32h7xx_hal_fdcan.o(.text.HAL_FDCAN_GetRxMessage)
    HAL_FDCAN_HighPriorityMessageCallback    0x08003149   Thumb Code     2  stm32h7xx_hal_fdcan.o(.text.HAL_FDCAN_HighPriorityMessageCallback)
    HAL_FDCAN_IRQHandler                     0x08003151   Thumb Code   754  stm32h7xx_hal_fdcan.o(.text.HAL_FDCAN_IRQHandler)
    HAL_FDCAN_Init                           0x08003449   Thumb Code   534  stm32h7xx_hal_fdcan.o(.text.HAL_FDCAN_Init)
    HAL_FDCAN_MspInit                        0x08003661   Thumb Code   528  fdcan.o(.text.HAL_FDCAN_MspInit)
    HAL_FDCAN_RxBufferNewMessageCallback     0x08003871   Thumb Code     2  stm32h7xx_hal_fdcan.o(.text.HAL_FDCAN_RxBufferNewMessageCallback)
    HAL_FDCAN_RxFifo0Callback                0x08003879   Thumb Code    60  fdcan.o(.text.HAL_FDCAN_RxFifo0Callback)
    HAL_FDCAN_RxFifo1Callback                0x080038b9   Thumb Code     2  stm32h7xx_hal_fdcan.o(.text.HAL_FDCAN_RxFifo1Callback)
    HAL_FDCAN_Start                          0x080038c1   Thumb Code    50  stm32h7xx_hal_fdcan.o(.text.HAL_FDCAN_Start)
    HAL_FDCAN_TT_GlobalTimeCallback          0x080038f9   Thumb Code     2  stm32h7xx_hal_fdcan.o(.text.HAL_FDCAN_TT_GlobalTimeCallback)
    HAL_FDCAN_TT_ScheduleSyncCallback        0x08003901   Thumb Code     2  stm32h7xx_hal_fdcan.o(.text.HAL_FDCAN_TT_ScheduleSyncCallback)
    HAL_FDCAN_TT_StopWatchCallback           0x08003909   Thumb Code     2  stm32h7xx_hal_fdcan.o(.text.HAL_FDCAN_TT_StopWatchCallback)
    HAL_FDCAN_TT_TimeMarkCallback            0x08003911   Thumb Code     2  stm32h7xx_hal_fdcan.o(.text.HAL_FDCAN_TT_TimeMarkCallback)
    HAL_FDCAN_TimeoutOccurredCallback        0x08003919   Thumb Code     2  stm32h7xx_hal_fdcan.o(.text.HAL_FDCAN_TimeoutOccurredCallback)
    HAL_FDCAN_TimestampWraparoundCallback    0x08003921   Thumb Code     2  stm32h7xx_hal_fdcan.o(.text.HAL_FDCAN_TimestampWraparoundCallback)
    HAL_FDCAN_TxBufferAbortCallback          0x08003929   Thumb Code     2  stm32h7xx_hal_fdcan.o(.text.HAL_FDCAN_TxBufferAbortCallback)
    HAL_FDCAN_TxBufferCompleteCallback       0x08003931   Thumb Code     2  stm32h7xx_hal_fdcan.o(.text.HAL_FDCAN_TxBufferCompleteCallback)
    HAL_FDCAN_TxEventFifoCallback            0x08003939   Thumb Code     2  stm32h7xx_hal_fdcan.o(.text.HAL_FDCAN_TxEventFifoCallback)
    HAL_FDCAN_TxFifoEmptyCallback            0x08003941   Thumb Code     2  stm32h7xx_hal_fdcan.o(.text.HAL_FDCAN_TxFifoEmptyCallback)
    HAL_GPIO_Init                            0x08003949   Thumb Code   416  stm32h7xx_hal_gpio.o(.text.HAL_GPIO_Init)
    HAL_GetTick                              0x08003ae9   Thumb Code    12  stm32h7xx_hal.o(.text.HAL_GetTick)
    HAL_IncTick                              0x08003af9   Thumb Code    26  stm32h7xx_hal.o(.text.HAL_IncTick)
    HAL_Init                                 0x08003b19   Thumb Code   100  stm32h7xx_hal.o(.text.HAL_Init)
    HAL_InitTick                             0x08003b81   Thumb Code    84  stm32h7xx_hal.o(.text.HAL_InitTick)
    HAL_MPU_ConfigRegion                     0x08003bd9   Thumb Code    94  stm32h7xx_hal_cortex.o(.text.HAL_MPU_ConfigRegion)
    HAL_MPU_Disable                          0x08003c39   Thumb Code    26  stm32h7xx_hal_cortex.o(.text.HAL_MPU_Disable)
    HAL_MPU_Enable                           0x08003c59   Thumb Code    32  stm32h7xx_hal_cortex.o(.text.HAL_MPU_Enable)
    HAL_MspInit                              0x08003c79   Thumb Code    32  stm32h7xx_hal_msp.o(.text.HAL_MspInit)
    HAL_NVIC_EnableIRQ                       0x08003c99   Thumb Code     8  stm32h7xx_hal_cortex.o(.text.HAL_NVIC_EnableIRQ)
    HAL_NVIC_SetPriority                     0x08003ca1   Thumb Code    30  stm32h7xx_hal_cortex.o(.text.HAL_NVIC_SetPriority)
    HAL_NVIC_SetPriorityGrouping             0x08003cc1   Thumb Code     8  stm32h7xx_hal_cortex.o(.text.HAL_NVIC_SetPriorityGrouping)
    HAL_PWREx_ConfigSupply                   0x08003cc9   Thumb Code    72  stm32h7xx_hal_pwr_ex.o(.text.HAL_PWREx_ConfigSupply)
    HAL_RCCEx_GetD3PCLK1Freq                 0x08003d11   Thumb Code    38  stm32h7xx_hal_rcc_ex.o(.text.HAL_RCCEx_GetD3PCLK1Freq)
    HAL_RCCEx_GetPLL2ClockFreq               0x08003d39   Thumb Code   292  stm32h7xx_hal_rcc_ex.o(.text.HAL_RCCEx_GetPLL2ClockFreq)
    HAL_RCCEx_GetPLL3ClockFreq               0x08003e61   Thumb Code   292  stm32h7xx_hal_rcc_ex.o(.text.HAL_RCCEx_GetPLL3ClockFreq)
    HAL_RCCEx_PeriphCLKConfig                0x08003f89   Thumb Code  2436  stm32h7xx_hal_rcc_ex.o(.text.HAL_RCCEx_PeriphCLKConfig)
    HAL_RCC_ClockConfig                      0x08004911   Thumb Code   596  stm32h7xx_hal_rcc.o(.text.HAL_RCC_ClockConfig)
    HAL_RCC_GetHCLKFreq                      0x08004b69   Thumb Code    76  stm32h7xx_hal_rcc.o(.text.HAL_RCC_GetHCLKFreq)
    HAL_RCC_GetPCLK1Freq                     0x08004bb9   Thumb Code    38  stm32h7xx_hal_rcc.o(.text.HAL_RCC_GetPCLK1Freq)
    HAL_RCC_GetPCLK2Freq                     0x08004be1   Thumb Code    38  stm32h7xx_hal_rcc.o(.text.HAL_RCC_GetPCLK2Freq)
    HAL_RCC_GetSysClockFreq                  0x08004c09   Thumb Code   264  stm32h7xx_hal_rcc.o(.text.HAL_RCC_GetSysClockFreq)
    HAL_RCC_OscConfig                        0x08004d11   Thumb Code  1562  stm32h7xx_hal_rcc.o(.text.HAL_RCC_OscConfig)
    HAL_SPI_Init                             0x08005331   Thumb Code   392  stm32h7xx_hal_spi.o(.text.HAL_SPI_Init)
    HAL_SPI_MspInit                          0x080054b9   Thumb Code   142  spi.o(.text.HAL_SPI_MspInit)
    HAL_SPI_Transmit                         0x08005549   Thumb Code   580  stm32h7xx_hal_spi.o(.text.HAL_SPI_Transmit)
    HAL_SYSTICK_Config                       0x08005791   Thumb Code     8  stm32h7xx_hal_cortex.o(.text.HAL_SYSTICK_Config)
    HAL_TIMEx_MasterConfigSynchronization    0x08005799   Thumb Code   224  stm32h7xx_hal_tim_ex.o(.text.HAL_TIMEx_MasterConfigSynchronization)
    HAL_TIM_MspPostInit                      0x08005879   Thumb Code    94  tim.o(.text.HAL_TIM_MspPostInit)
    HAL_TIM_PWM_ConfigChannel                0x080058d9   Thumb Code   188  stm32h7xx_hal_tim.o(.text.HAL_TIM_PWM_ConfigChannel)
    HAL_TIM_PWM_Init                         0x08005999   Thumb Code    96  stm32h7xx_hal_tim.o(.text.HAL_TIM_PWM_Init)
    HAL_TIM_PWM_MspInit                      0x080059f9   Thumb Code    50  tim.o(.text.HAL_TIM_PWM_MspInit)
    HAL_UARTEx_DisableFifoMode               0x08005a31   Thumb Code    54  stm32h7xx_hal_uart_ex.o(.text.HAL_UARTEx_DisableFifoMode)
    HAL_UARTEx_RxEventCallback               0x08005a69   Thumb Code     2  stm32h7xx_hal_uart.o(.text.HAL_UARTEx_RxEventCallback)
    HAL_UARTEx_RxFifoFullCallback            0x08005a71   Thumb Code     2  stm32h7xx_hal_uart_ex.o(.text.HAL_UARTEx_RxFifoFullCallback)
    HAL_UARTEx_SetRxFifoThreshold            0x08005a79   Thumb Code    74  stm32h7xx_hal_uart_ex.o(.text.HAL_UARTEx_SetRxFifoThreshold)
    HAL_UARTEx_SetTxFifoThreshold            0x08005ac9   Thumb Code    74  stm32h7xx_hal_uart_ex.o(.text.HAL_UARTEx_SetTxFifoThreshold)
    HAL_UARTEx_TxFifoEmptyCallback           0x08005b19   Thumb Code     2  stm32h7xx_hal_uart_ex.o(.text.HAL_UARTEx_TxFifoEmptyCallback)
    HAL_UARTEx_WakeupCallback                0x08005b21   Thumb Code     2  stm32h7xx_hal_uart_ex.o(.text.HAL_UARTEx_WakeupCallback)
    HAL_UART_DMAStop                         0x08005b29   Thumb Code   160  stm32h7xx_hal_uart.o(.text.HAL_UART_DMAStop)
    HAL_UART_ErrorCallback                   0x08005bc9   Thumb Code     2  stm32h7xx_hal_uart.o(.text.HAL_UART_ErrorCallback)
    HAL_UART_IRQHandler                      0x08005bd1   Thumb Code  1000  stm32h7xx_hal_uart.o(.text.HAL_UART_IRQHandler)
    HAL_UART_Init                            0x08005fb9   Thumb Code   100  stm32h7xx_hal_uart.o(.text.HAL_UART_Init)
    HAL_UART_MspInit                         0x08006021   Thumb Code   452  usart.o(.text.HAL_UART_MspInit)
    HAL_UART_Receive_DMA                     0x080061e9   Thumb Code    90  stm32h7xx_hal_uart.o(.text.HAL_UART_Receive_DMA)
    HAL_UART_RxCpltCallback                  0x08006249   Thumb Code    22  dr16.o(.text.HAL_UART_RxCpltCallback)
    HAL_UART_RxHalfCpltCallback              0x08006261   Thumb Code     2  stm32h7xx_hal_uart.o(.text.HAL_UART_RxHalfCpltCallback)
    HAL_UART_Transmit_IT                     0x08006269   Thumb Code   174  stm32h7xx_hal_uart.o(.text.HAL_UART_Transmit_IT)
    HAL_UART_TxCpltCallback                  0x08006319   Thumb Code    80  usart.o(.text.HAL_UART_TxCpltCallback)
    HardFault_Handler                        0x08006369   Thumb Code     2  stm32h7xx_it.o(.text.HardFault_Handler)
    MX_DMA_Init                              0x080063a9   Thumb Code    66  dma.o(.text.MX_DMA_Init)
    MX_FDCAN1_Init                           0x080063f1   Thumb Code   110  fdcan.o(.text.MX_FDCAN1_Init)
    MX_FDCAN2_Init                           0x08006461   Thumb Code   112  fdcan.o(.text.MX_FDCAN2_Init)
    MX_FDCAN3_Init                           0x080064d1   Thumb Code   112  fdcan.o(.text.MX_FDCAN3_Init)
    MX_GPIO_Init                             0x08006541   Thumb Code    86  gpio.o(.text.MX_GPIO_Init)
    MX_SPI6_Init                             0x08006599   Thumb Code   100  spi.o(.text.MX_SPI6_Init)
    MX_TIM12_Init                            0x08006601   Thumb Code   148  tim.o(.text.MX_TIM12_Init)
    MX_UART5_Init                            0x08006699   Thumb Code   138  usart.o(.text.MX_UART5_Init)
    MX_USART1_UART_Init                      0x08006729   Thumb Code   122  usart.o(.text.MX_USART1_UART_Init)
    MemManage_Handler                        0x080067a9   Thumb Code     2  stm32h7xx_it.o(.text.MemManage_Handler)
    Motor_ProcessCANMessage                  0x080067b1   Thumb Code   108  can_motor.o(.text.Motor_ProcessCANMessage)
    NMI_Handler                              0x08006821   Thumb Code     2  stm32h7xx_it.o(.text.NMI_Handler)
    PID_Clear                                0x08006859   Thumb Code    12  pid.o(.text.PID_Clear)
    PID_Init                                 0x08006869   Thumb Code    44  pid.o(.text.PID_Init)
    PID_Set                                  0x08006899   Thumb Code    48  pid.o(.text.PID_Set)
    PID_Set_Err                              0x080068c9   Thumb Code   196  pid.o(.text.PID_Set_Err)
    PID_Set_Kpid                             0x08006991   Thumb Code     8  pid.o(.text.PID_Set_Kpid)
    PendSV_Handler                           0x08006999   Thumb Code     2  stm32h7xx_it.o(.text.PendSV_Handler)
    SVC_Handler                              0x08006ce1   Thumb Code     2  stm32h7xx_it.o(.text.SVC_Handler)
    Send_Motor_Currents                      0x08006ce9   Thumb Code    86  can_motor.o(.text.Send_Motor_Currents)
    Send_MultiTurn_Position_Control_Command  0x08006d41   Thumb Code    84  can_motor.o(.text.Send_MultiTurn_Position_Control_Command)
    SysTick_Handler                          0x08006dc9   Thumb Code     8  stm32h7xx_it.o(.text.SysTick_Handler)
    SystemClock_Config                       0x08006dd1   Thumb Code   166  main.o(.text.SystemClock_Config)
    SystemInit                               0x08006e79   Thumb Code   176  system_stm32h7xx.o(.text.SystemInit)
    TIM_Base_SetConfig                       0x08006f29   Thumb Code   354  stm32h7xx_hal_tim.o(.text.TIM_Base_SetConfig)
    TIM_OC2_SetConfig                        0x08007159   Thumb Code   172  stm32h7xx_hal_tim.o(.text.TIM_OC2_SetConfig)
    UART_AdvFeatureConfig                    0x080074a9   Thumb Code   224  stm32h7xx_hal_uart.o(.text.UART_AdvFeatureConfig)
    UART_CheckIdleState                      0x08007589   Thumb Code   184  stm32h7xx_hal_uart.o(.text.UART_CheckIdleState)
    UART_SetConfig                           0x08007819   Thumb Code  1480  stm32h7xx_hal_uart.o(.text.UART_SetConfig)
    UART_Start_Receive_DMA                   0x08007de1   Thumb Code   164  stm32h7xx_hal_uart.o(.text.UART_Start_Receive_DMA)
    UART_WaitOnFlagUntilTimeout              0x08008021   Thumb Code   194  stm32h7xx_hal_uart.o(.text.UART_WaitOnFlagUntilTimeout)
    USART1_IRQHandler                        0x080080e9   Thumb Code    16  stm32h7xx_it.o(.text.USART1_IRQHandler)
    Update_Angle                             0x080080f9   Thumb Code   104  gimbal_control.o(.text.Update_Angle)
    UsageFault_Handler                       0x08008161   Thumb Code     2  stm32h7xx_it.o(.text.UsageFault_Handler)
    WS2812_Ctrl                              0x08008169   Thumb Code   154  ws2812.o(.text.WS2812_Ctrl)
    _Parse_RC_Data                           0x08008209   Thumb Code   468  dr16.o(.text._Parse_RC_Data)
    low_pass_filter                          0x08008459   Thumb Code    42  gimbal_control.o(.text.low_pass_filter)
    main                                     0x08008489   Thumb Code   224  main.o(.text.main)
    smooth_position                          0x08008569   Thumb Code    42  main.o(.text.smooth_position)
    __scatterload_copy                       0x08008593   Thumb Code    14  handlers.o(i.__scatterload_copy)
    __scatterload_null                       0x080085a1   Thumb Code     2  handlers.o(i.__scatterload_null)
    __scatterload_zeroinit                   0x080085a3   Thumb Code    14  handlers.o(i.__scatterload_zeroinit)
    D1CorePrescTable                         0x080085fc   Data          16  system_stm32h7xx.o(.rodata.D1CorePrescTable)
    UARTPrescTable                           0x0800860c   Data          24  stm32h7xx_hal_uart.o(.rodata.UARTPrescTable)
    Region$$Table$$Base                      0x08008644   Number         0  anon$$obj.o(Region$$Table)
    Region$$Table$$Limit                     0x08008684   Number         0  anon$$obj.o(Region$$Table)
    L_y_t                                    0x20000000   Data           4  main.o(.data.L_y_t)
    SystemCoreClock                          0x20000004   Data           4  system_stm32h7xx.o(.data.SystemCoreClock)
    uwTickFreq                               0x20000008   Data           1  stm32h7xx_hal.o(.data.uwTickFreq)
    uwTickPrio                               0x2000000c   Data           4  stm32h7xx_hal.o(.data.uwTickPrio)
    RC_Ctl                                   0x20000010   Data          44  dr16.o(.bss.RC_Ctl)
    friction_wheel_speed                     0x20000040   Data           2  gimbal_control.o(.bss.friction_wheel_speed)
    hdma_uart5_rx                            0x20000044   Data         120  usart.o(.bss.hdma_uart5_rx)
    hfdcan3                                  0x200000bc   Data         160  fdcan.o(.bss.hfdcan3)
    htim12                                   0x2000015c   Data          76  tim.o(.bss.htim12)
    huart1                                   0x200001a8   Data         148  usart.o(.bss.huart1)
    last_send_time                           0x2000023c   Data           4  main.o(.bss.last_send_time)
    motor_update_flags                       0x20000240   Data           1  gimbal_control.o(.bss.motor_update_flags)
    yaw_init                                 0x20000244   Data           4  main.o(.bss.yaw_init)
    __initial_sp                             0x20000648   Data           0  startup_stm32h723xx.o(STACK)
    SystemD2Clock                            0x24000000   Data           4  system_stm32h7xx.o(.data.SystemD2Clock)
    smoothed_L_y_t                           0x24000004   Data           4  main.o(.data.smoothed_L_y_t)
    L_x_t                                    0x2400000c   Data           4  main.o(.bss.L_x_t)
    L_x_t_actual                             0x24000010   Data           4  main.o(.bss.L_x_t_actual)
    RC_buffer                                0x24000014   Data          18  dr16.o(.bss.RC_buffer)
    currents                                 0x24000028   Data           8  main.o(.bss.currents)
    filtered_speed                           0x24000030   Data           2  main.o(.bss.filtered_speed)
    hdma_usart1_tx                           0x24000034   Data         120  usart.o(.bss.hdma_usart1_tx)
    hfdcan1                                  0x240000ac   Data         160  fdcan.o(.bss.hfdcan1)
    hfdcan2                                  0x2400014c   Data         160  fdcan.o(.bss.hfdcan2)
    hspi6                                    0x240001ec   Data         136  spi.o(.bss.hspi6)
    huart5                                   0x24000274   Data         148  usart.o(.bss.huart5)
    initialized                              0x24000308   Data           1  gimbal_control.o(.bss.initialized)
    motor_system                             0x2400030c   Data         756  can_motor.o(.bss.motor_system)
    uwTick                                   0x24000644   Data           4  stm32h7xx_hal.o(.bss.uwTick)



==============================================================================

Memory Map of the image

  Image Entry point : 0x080002cd

  Load Region LR_IROM1 (Base: 0x08000000, Size: 0x000086a0, Max: 0x00100000, ABSOLUTE)

    Execution Region ER_IROM1 (Exec base: 0x08000000, Load base: 0x08000000, Size: 0x00008684, Max: 0x00100000, ABSOLUTE)

    Exec Addr    Load Addr    Size         Type   Attr      Idx    E Section Name        Object

    0x08000000   0x08000000   0x000002cc   Data   RO            3    RESET               startup_stm32h723xx.o
    0x080002cc   0x080002cc   0x00000000   Code   RO         2098  * .ARM.Collect$$$$00000000  mc_w.l(entry.o)
    0x080002cc   0x080002cc   0x00000004   Code   RO         2105    .ARM.Collect$$$$00000001  mc_w.l(entry2.o)
    0x080002d0   0x080002d0   0x00000004   Code   RO         2108    .ARM.Collect$$$$00000004  mc_w.l(entry5.o)
    0x080002d4   0x080002d4   0x00000000   Code   RO         2110    .ARM.Collect$$$$00000008  mc_w.l(entry7b.o)
    0x080002d4   0x080002d4   0x00000000   Code   RO         2112    .ARM.Collect$$$$0000000A  mc_w.l(entry8b.o)
    0x080002d4   0x080002d4   0x00000008   Code   RO         2113    .ARM.Collect$$$$0000000B  mc_w.l(entry9a.o)
    0x080002dc   0x080002dc   0x00000000   Code   RO         2115    .ARM.Collect$$$$0000000D  mc_w.l(entry10a.o)
    0x080002dc   0x080002dc   0x00000000   Code   RO         2117    .ARM.Collect$$$$0000000F  mc_w.l(entry11a.o)
    0x080002dc   0x080002dc   0x00000004   Code   RO         2106    .ARM.Collect$$$$00002712  mc_w.l(entry2.o)
    0x080002e0   0x080002e0   0x00000024   Code   RO            4    .text               startup_stm32h723xx.o
    0x08000304   0x08000304   0x00000062   Code   RO         2101    .text               mc_w.l(uldiv.o)
    0x08000366   0x08000366   0x00000024   Code   RO         2103    .text               mc_w.l(memseta.o)
    0x0800038a   0x0800038a   0x0000001e   Code   RO         2119    .text               mc_w.l(llshl.o)
    0x080003a8   0x080003a8   0x00000020   Code   RO         2121    .text               mc_w.l(llushr.o)
    0x080003c8   0x080003c8   0x00000024   Code   RO         2123    .text               mc_w.l(init.o)
    0x080003ec   0x080003ec   0x00000004   PAD
    0x080003f0   0x080003f0   0x00000002   Code   RO          145    .text.BusFault_Handler  stm32h7xx_it.o
    0x080003f2   0x080003f2   0x00000006   PAD
    0x080003f8   0x080003f8   0x00000030   Code   RO         2059    .text.Can_Init      can_motor.o
    0x08000428   0x08000428   0x00000010   Code   RO          157    .text.DMA1_Stream0_IRQHandler  stm32h7xx_it.o
    0x08000438   0x08000438   0x00000010   Code   RO          159    .text.DMA1_Stream1_IRQHandler  stm32h7xx_it.o
    0x08000448   0x08000448   0x0000011c   Code   RO          743    .text.DMA_CalcBaseAndBitshift  stm32h7xx_hal_dma.o
    0x08000564   0x08000564   0x00000004   PAD
    0x08000568   0x08000568   0x000000ec   Code   RO          745    .text.DMA_CalcDMAMUXChannelBaseAndMask  stm32h7xx_hal_dma.o
    0x08000654   0x08000654   0x00000004   PAD
    0x08000658   0x08000658   0x000000ae   Code   RO          747    .text.DMA_CalcDMAMUXRequestGenBaseAndMask  stm32h7xx_hal_dma.o
    0x08000706   0x08000706   0x00000002   PAD
    0x08000708   0x08000708   0x00000050   Code   RO          741    .text.DMA_CheckFifoParam  stm32h7xx_hal_dma.o
    0x08000758   0x08000758   0x000002ee   Code   RO          753    .text.DMA_SetConfig  stm32h7xx_hal_dma.o
    0x08000a46   0x08000a46   0x00000002   PAD
    0x08000a48   0x08000a48   0x00000034   Code   RO         2014    .text.DR16_Iint     dr16.o
    0x08000a7c   0x08000a7c   0x00000004   PAD
    0x08000a80   0x08000a80   0x00000002   Code   RO          151    .text.DebugMon_Handler  stm32h7xx_it.o
    0x08000a82   0x08000a82   0x00000006   PAD
    0x08000a88   0x08000a88   0x0000000a   Code   RO           19    .text.Error_Handler  main.o
    0x08000a92   0x08000a92   0x00000006   PAD
    0x08000a98   0x08000a98   0x00000010   Code   RO          161    .text.FDCAN1_IT0_IRQHandler  stm32h7xx_it.o
    0x08000aa8   0x08000aa8   0x00000010   Code   RO          165    .text.FDCAN1_IT1_IRQHandler  stm32h7xx_it.o
    0x08000ab8   0x08000ab8   0x00000010   Code   RO          163    .text.FDCAN2_IT0_IRQHandler  stm32h7xx_it.o
    0x08000ac8   0x08000ac8   0x00000010   Code   RO          167    .text.FDCAN2_IT1_IRQHandler  stm32h7xx_it.o
    0x08000ad8   0x08000ad8   0x00000010   Code   RO          173    .text.FDCAN3_IT0_IRQHandler  stm32h7xx_it.o
    0x08000ae8   0x08000ae8   0x00000010   Code   RO          175    .text.FDCAN3_IT1_IRQHandler  stm32h7xx_it.o
    0x08000af8   0x08000af8   0x0000001c   Code   RO          171    .text.FDCAN_CAL_IRQHandler  stm32h7xx_it.o
    0x08000b14   0x08000b14   0x00000004   PAD
    0x08000b18   0x08000b18   0x000001c8   Code   RO          274    .text.FDCAN_CalcultateRamBlockAddresses  stm32h7xx_hal_fdcan.o
    0x08000ce0   0x08000ce0   0x00000086   Code   RO          344    .text.FDCAN_CopyMessageToRAM  stm32h7xx_hal_fdcan.o
    0x08000d66   0x08000d66   0x00000002   PAD
    0x08000d68   0x08000d68   0x00000204   Code   RO         2082    .text.Gimbal_Left_Head_Motor_Control  gimbal_control.o
    0x08000f6c   0x08000f6c   0x00000004   PAD
    0x08000f70   0x08000f70   0x00000100   Code   RO         2080    .text.Gimbal_Left_Head_Pid_Init  gimbal_control.o
    0x08001070   0x08001070   0x000005be   Code   RO          757    .text.HAL_DMA_Abort  stm32h7xx_hal_dma.o
    0x0800162e   0x0800162e   0x00000002   PAD
    0x08001630   0x08001630   0x000002ae   Code   RO          759    .text.HAL_DMA_Abort_IT  stm32h7xx_hal_dma.o
    0x080018de   0x080018de   0x00000002   PAD
    0x080018e0   0x080018e0   0x00000004   Code   RO          771    .text.HAL_DMA_GetError  stm32h7xx_hal_dma.o
    0x080018e4   0x080018e4   0x00000004   PAD
    0x080018e8   0x080018e8   0x00000ba0   Code   RO          763    .text.HAL_DMA_IRQHandler  stm32h7xx_hal_dma.o
    0x08002488   0x08002488   0x00000598   Code   RO          739    .text.HAL_DMA_Init  stm32h7xx_hal_dma.o
    0x08002a20   0x08002a20   0x00000460   Code   RO          755    .text.HAL_DMA_Start_IT  stm32h7xx_hal_dma.o
    0x08002e80   0x08002e80   0x00000078   Code   RO          422    .text.HAL_FDCAN_ActivateNotification  stm32h7xx_hal_fdcan.o
    0x08002ef8   0x08002ef8   0x00000066   Code   RO          342    .text.HAL_FDCAN_AddMessageToTxFifoQ  stm32h7xx_hal_fdcan.o
    0x08002f5e   0x08002f5e   0x00000002   PAD
    0x08002f60   0x08002f60   0x00000002   Code   RO          436    .text.HAL_FDCAN_ClockCalibrationCallback  stm32h7xx_hal_fdcan.o
    0x08002f62   0x08002f62   0x00000006   PAD
    0x08002f68   0x08002f68   0x00000036   Code   RO          296    .text.HAL_FDCAN_ConfigGlobalFilter  stm32h7xx_hal_fdcan.o
    0x08002f9e   0x08002f9e   0x00000002   PAD
    0x08002fa0   0x08002fa0   0x00000002   Code   RO          464    .text.HAL_FDCAN_ErrorCallback  stm32h7xx_hal_fdcan.o
    0x08002fa2   0x08002fa2   0x00000006   PAD
    0x08002fa8   0x08002fa8   0x00000002   Code   RO          454    .text.HAL_FDCAN_ErrorStatusCallback  stm32h7xx_hal_fdcan.o
    0x08002faa   0x08002faa   0x00000006   PAD
    0x08002fb0   0x08002fb0   0x00000194   Code   RO          354    .text.HAL_FDCAN_GetRxMessage  stm32h7xx_hal_fdcan.o
    0x08003144   0x08003144   0x00000004   PAD
    0x08003148   0x08003148   0x00000002   Code   RO          432    .text.HAL_FDCAN_HighPriorityMessageCallback  stm32h7xx_hal_fdcan.o
    0x0800314a   0x0800314a   0x00000006   PAD
    0x08003150   0x08003150   0x000002f2   Code   RO          430    .text.HAL_FDCAN_IRQHandler  stm32h7xx_hal_fdcan.o
    0x08003442   0x08003442   0x00000006   PAD
    0x08003448   0x08003448   0x00000216   Code   RO          270    .text.HAL_FDCAN_Init  stm32h7xx_hal_fdcan.o
    0x0800365e   0x0800365e   0x00000002   PAD
    0x08003660   0x08003660   0x00000210   Code   RO           61    .text.HAL_FDCAN_MspInit  fdcan.o
    0x08003870   0x08003870   0x00000002   Code   RO          448    .text.HAL_FDCAN_RxBufferNewMessageCallback  stm32h7xx_hal_fdcan.o
    0x08003872   0x08003872   0x00000006   PAD
    0x08003878   0x08003878   0x0000003c   Code   RO           65    .text.HAL_FDCAN_RxFifo0Callback  fdcan.o
    0x080038b4   0x080038b4   0x00000004   PAD
    0x080038b8   0x080038b8   0x00000002   Code   RO          442    .text.HAL_FDCAN_RxFifo1Callback  stm32h7xx_hal_fdcan.o
    0x080038ba   0x080038ba   0x00000006   PAD
    0x080038c0   0x080038c0   0x00000032   Code   RO          340    .text.HAL_FDCAN_Start  stm32h7xx_hal_fdcan.o
    0x080038f2   0x080038f2   0x00000006   PAD
    0x080038f8   0x080038f8   0x00000002   Code   RO          462    .text.HAL_FDCAN_TT_GlobalTimeCallback  stm32h7xx_hal_fdcan.o
    0x080038fa   0x080038fa   0x00000006   PAD
    0x08003900   0x08003900   0x00000002   Code   RO          456    .text.HAL_FDCAN_TT_ScheduleSyncCallback  stm32h7xx_hal_fdcan.o
    0x08003902   0x08003902   0x00000006   PAD
    0x08003908   0x08003908   0x00000002   Code   RO          460    .text.HAL_FDCAN_TT_StopWatchCallback  stm32h7xx_hal_fdcan.o
    0x0800390a   0x0800390a   0x00000006   PAD
    0x08003910   0x08003910   0x00000002   Code   RO          458    .text.HAL_FDCAN_TT_TimeMarkCallback  stm32h7xx_hal_fdcan.o
    0x08003912   0x08003912   0x00000006   PAD
    0x08003918   0x08003918   0x00000002   Code   RO          452    .text.HAL_FDCAN_TimeoutOccurredCallback  stm32h7xx_hal_fdcan.o
    0x0800391a   0x0800391a   0x00000006   PAD
    0x08003920   0x08003920   0x00000002   Code   RO          450    .text.HAL_FDCAN_TimestampWraparoundCallback  stm32h7xx_hal_fdcan.o
    0x08003922   0x08003922   0x00000006   PAD
    0x08003928   0x08003928   0x00000002   Code   RO          434    .text.HAL_FDCAN_TxBufferAbortCallback  stm32h7xx_hal_fdcan.o
    0x0800392a   0x0800392a   0x00000006   PAD
    0x08003930   0x08003930   0x00000002   Code   RO          446    .text.HAL_FDCAN_TxBufferCompleteCallback  stm32h7xx_hal_fdcan.o
    0x08003932   0x08003932   0x00000006   PAD
    0x08003938   0x08003938   0x00000002   Code   RO          438    .text.HAL_FDCAN_TxEventFifoCallback  stm32h7xx_hal_fdcan.o
    0x0800393a   0x0800393a   0x00000006   PAD
    0x08003940   0x08003940   0x00000002   Code   RO          444    .text.HAL_FDCAN_TxFifoEmptyCallback  stm32h7xx_hal_fdcan.o
    0x08003942   0x08003942   0x00000006   PAD
    0x08003948   0x08003948   0x000001a0   Code   RO          685    .text.HAL_GPIO_Init  stm32h7xx_hal_gpio.o
    0x08003ae8   0x08003ae8   0x0000000c   Code   RO          995    .text.HAL_GetTick   stm32h7xx_hal.o
    0x08003af4   0x08003af4   0x00000004   PAD
    0x08003af8   0x08003af8   0x0000001a   Code   RO          993    .text.HAL_IncTick   stm32h7xx_hal.o
    0x08003b12   0x08003b12   0x00000006   PAD
    0x08003b18   0x08003b18   0x00000064   Code   RO          983    .text.HAL_Init      stm32h7xx_hal.o
    0x08003b7c   0x08003b7c   0x00000004   PAD
    0x08003b80   0x08003b80   0x00000054   Code   RO          985    .text.HAL_InitTick  stm32h7xx_hal.o
    0x08003bd4   0x08003bd4   0x00000004   PAD
    0x08003bd8   0x08003bd8   0x0000005e   Code   RO          228    .text.HAL_MPU_ConfigRegion  stm32h7xx_hal_cortex.o
    0x08003c36   0x08003c36   0x00000002   PAD
    0x08003c38   0x08003c38   0x0000001a   Code   RO          220    .text.HAL_MPU_Disable  stm32h7xx_hal_cortex.o
    0x08003c52   0x08003c52   0x00000006   PAD
    0x08003c58   0x08003c58   0x00000020   Code   RO          222    .text.HAL_MPU_Enable  stm32h7xx_hal_cortex.o
    0x08003c78   0x08003c78   0x00000020   Code   RO          184    .text.HAL_MspInit   stm32h7xx_hal_msp.o
    0x08003c98   0x08003c98   0x00000008   Code   RO          204    .text.HAL_NVIC_EnableIRQ  stm32h7xx_hal_cortex.o
    0x08003ca0   0x08003ca0   0x0000001e   Code   RO          196    .text.HAL_NVIC_SetPriority  stm32h7xx_hal_cortex.o
    0x08003cbe   0x08003cbe   0x00000002   PAD
    0x08003cc0   0x08003cc0   0x00000008   Code   RO          192    .text.HAL_NVIC_SetPriorityGrouping  stm32h7xx_hal_cortex.o
    0x08003cc8   0x08003cc8   0x00000048   Code   RO          899    .text.HAL_PWREx_ConfigSupply  stm32h7xx_hal_pwr_ex.o
    0x08003d10   0x08003d10   0x00000026   Code   RO          532    .text.HAL_RCCEx_GetD3PCLK1Freq  stm32h7xx_hal_rcc_ex.o
    0x08003d36   0x08003d36   0x00000002   PAD
    0x08003d38   0x08003d38   0x00000124   Code   RO          528    .text.HAL_RCCEx_GetPLL2ClockFreq  stm32h7xx_hal_rcc_ex.o
    0x08003e5c   0x08003e5c   0x00000004   PAD
    0x08003e60   0x08003e60   0x00000124   Code   RO          530    .text.HAL_RCCEx_GetPLL3ClockFreq  stm32h7xx_hal_rcc_ex.o
    0x08003f84   0x08003f84   0x00000004   PAD
    0x08003f88   0x08003f88   0x00000984   Code   RO          516    .text.HAL_RCCEx_PeriphCLKConfig  stm32h7xx_hal_rcc_ex.o
    0x0800490c   0x0800490c   0x00000004   PAD
    0x08004910   0x08004910   0x00000254   Code   RO          484    .text.HAL_RCC_ClockConfig  stm32h7xx_hal_rcc.o
    0x08004b64   0x08004b64   0x00000004   PAD
    0x08004b68   0x08004b68   0x0000004c   Code   RO          494    .text.HAL_RCC_GetHCLKFreq  stm32h7xx_hal_rcc.o
    0x08004bb4   0x08004bb4   0x00000004   PAD
    0x08004bb8   0x08004bb8   0x00000026   Code   RO          496    .text.HAL_RCC_GetPCLK1Freq  stm32h7xx_hal_rcc.o
    0x08004bde   0x08004bde   0x00000002   PAD
    0x08004be0   0x08004be0   0x00000026   Code   RO          498    .text.HAL_RCC_GetPCLK2Freq  stm32h7xx_hal_rcc.o
    0x08004c06   0x08004c06   0x00000002   PAD
    0x08004c08   0x08004c08   0x00000108   Code   RO          486    .text.HAL_RCC_GetSysClockFreq  stm32h7xx_hal_rcc.o
    0x08004d10   0x08004d10   0x0000061a   Code   RO          482    .text.HAL_RCC_OscConfig  stm32h7xx_hal_rcc.o
    0x0800532a   0x0800532a   0x00000006   PAD
    0x08005330   0x08005330   0x00000188   Code   RO         1318    .text.HAL_SPI_Init  stm32h7xx_hal_spi.o
    0x080054b8   0x080054b8   0x0000008e   Code   RO           82    .text.HAL_SPI_MspInit  spi.o
    0x08005546   0x08005546   0x00000002   PAD
    0x08005548   0x08005548   0x00000244   Code   RO         1328    .text.HAL_SPI_Transmit  stm32h7xx_hal_spi.o
    0x0800578c   0x0800578c   0x00000004   PAD
    0x08005790   0x08005790   0x00000008   Code   RO          216    .text.HAL_SYSTICK_Config  stm32h7xx_hal_cortex.o
    0x08005798   0x08005798   0x000000e0   Code   RO         1758    .text.HAL_TIMEx_MasterConfigSynchronization  stm32h7xx_hal_tim_ex.o
    0x08005878   0x08005878   0x0000005e   Code   RO           97    .text.HAL_TIM_MspPostInit  tim.o
    0x080058d6   0x080058d6   0x00000002   PAD
    0x080058d8   0x080058d8   0x000000bc   Code   RO         1610    .text.HAL_TIM_PWM_ConfigChannel  stm32h7xx_hal_tim.o
    0x08005994   0x08005994   0x00000004   PAD
    0x08005998   0x08005998   0x00000060   Code   RO         1494    .text.HAL_TIM_PWM_Init  stm32h7xx_hal_tim.o
    0x080059f8   0x080059f8   0x00000032   Code   RO           99    .text.HAL_TIM_PWM_MspInit  tim.o
    0x08005a2a   0x08005a2a   0x00000006   PAD
    0x08005a30   0x08005a30   0x00000036   Code   RO         1965    .text.HAL_UARTEx_DisableFifoMode  stm32h7xx_hal_uart_ex.o
    0x08005a66   0x08005a66   0x00000002   PAD
    0x08005a68   0x08005a68   0x00000002   Code   RO         1888    .text.HAL_UARTEx_RxEventCallback  stm32h7xx_hal_uart.o
    0x08005a6a   0x08005a6a   0x00000006   PAD
    0x08005a70   0x08005a70   0x00000002   Code   RO         1947    .text.HAL_UARTEx_RxFifoFullCallback  stm32h7xx_hal_uart_ex.o
    0x08005a72   0x08005a72   0x00000006   PAD
    0x08005a78   0x08005a78   0x0000004a   Code   RO         1969    .text.HAL_UARTEx_SetRxFifoThreshold  stm32h7xx_hal_uart_ex.o
    0x08005ac2   0x08005ac2   0x00000006   PAD
    0x08005ac8   0x08005ac8   0x0000004a   Code   RO         1967    .text.HAL_UARTEx_SetTxFifoThreshold  stm32h7xx_hal_uart_ex.o
    0x08005b12   0x08005b12   0x00000006   PAD
    0x08005b18   0x08005b18   0x00000002   Code   RO         1949    .text.HAL_UARTEx_TxFifoEmptyCallback  stm32h7xx_hal_uart_ex.o
    0x08005b1a   0x08005b1a   0x00000006   PAD
    0x08005b20   0x08005b20   0x00000002   Code   RO         1945    .text.HAL_UARTEx_WakeupCallback  stm32h7xx_hal_uart_ex.o
    0x08005b22   0x08005b22   0x00000006   PAD
    0x08005b28   0x08005b28   0x000000a0   Code   RO         1850    .text.HAL_UART_DMAStop  stm32h7xx_hal_uart.o
    0x08005bc8   0x08005bc8   0x00000002   Code   RO         1886    .text.HAL_UART_ErrorCallback  stm32h7xx_hal_uart.o
    0x08005bca   0x08005bca   0x00000006   PAD
    0x08005bd0   0x08005bd0   0x000003e8   Code   RO         1882    .text.HAL_UART_IRQHandler  stm32h7xx_hal_uart.o
    0x08005fb8   0x08005fb8   0x00000064   Code   RO         1794    .text.HAL_UART_Init  stm32h7xx_hal_uart.o
    0x0800601c   0x0800601c   0x00000004   PAD
    0x08006020   0x08006020   0x000001c4   Code   RO          116    .text.HAL_UART_MspInit  usart.o
    0x080061e4   0x080061e4   0x00000004   PAD
    0x080061e8   0x080061e8   0x0000005a   Code   RO         1842    .text.HAL_UART_Receive_DMA  stm32h7xx_hal_uart.o
    0x08006242   0x08006242   0x00000006   PAD
    0x08006248   0x08006248   0x00000016   Code   RO         2018    .text.HAL_UART_RxCpltCallback  dr16.o
    0x0800625e   0x0800625e   0x00000002   PAD
    0x08006260   0x08006260   0x00000002   Code   RO         1898    .text.HAL_UART_RxHalfCpltCallback  stm32h7xx_hal_uart.o
    0x08006262   0x08006262   0x00000006   PAD
    0x08006268   0x08006268   0x000000ae   Code   RO         1820    .text.HAL_UART_Transmit_IT  stm32h7xx_hal_uart.o
    0x08006316   0x08006316   0x00000002   PAD
    0x08006318   0x08006318   0x00000050   Code   RO          120    .text.HAL_UART_TxCpltCallback  usart.o
    0x08006368   0x08006368   0x00000002   Code   RO          141    .text.HardFault_Handler  stm32h7xx_it.o
    0x0800636a   0x0800636a   0x00000006   PAD
    0x08006370   0x08006370   0x00000036   Code   RO           15    .text.MPU_Config    main.o
    0x080063a6   0x080063a6   0x00000002   PAD
    0x080063a8   0x080063a8   0x00000042   Code   RO           46    .text.MX_DMA_Init   dma.o
    0x080063ea   0x080063ea   0x00000006   PAD
    0x080063f0   0x080063f0   0x0000006e   Code   RO           55    .text.MX_FDCAN1_Init  fdcan.o
    0x0800645e   0x0800645e   0x00000002   PAD
    0x08006460   0x08006460   0x00000070   Code   RO           57    .text.MX_FDCAN2_Init  fdcan.o
    0x080064d0   0x080064d0   0x00000070   Code   RO           59    .text.MX_FDCAN3_Init  fdcan.o
    0x08006540   0x08006540   0x00000056   Code   RO           38    .text.MX_GPIO_Init  gpio.o
    0x08006596   0x08006596   0x00000002   PAD
    0x08006598   0x08006598   0x00000064   Code   RO           80    .text.MX_SPI6_Init  spi.o
    0x080065fc   0x080065fc   0x00000004   PAD
    0x08006600   0x08006600   0x00000094   Code   RO           95    .text.MX_TIM12_Init  tim.o
    0x08006694   0x08006694   0x00000004   PAD
    0x08006698   0x08006698   0x0000008a   Code   RO          112    .text.MX_UART5_Init  usart.o
    0x08006722   0x08006722   0x00000006   PAD
    0x08006728   0x08006728   0x0000007a   Code   RO          114    .text.MX_USART1_UART_Init  usart.o
    0x080067a2   0x080067a2   0x00000006   PAD
    0x080067a8   0x080067a8   0x00000002   Code   RO          143    .text.MemManage_Handler  stm32h7xx_it.o
    0x080067aa   0x080067aa   0x00000006   PAD
    0x080067b0   0x080067b0   0x0000006c   Code   RO         2061    .text.Motor_ProcessCANMessage  can_motor.o
    0x0800681c   0x0800681c   0x00000004   PAD
    0x08006820   0x08006820   0x00000002   Code   RO          139    .text.NMI_Handler   stm32h7xx_it.o
    0x08006822   0x08006822   0x00000006   PAD
    0x08006828   0x08006828   0x0000002e   Code   RO          202    .text.NVIC_EncodePriority  stm32h7xx_hal_cortex.o
    0x08006856   0x08006856   0x00000002   PAD
    0x08006858   0x08006858   0x0000000c   Code   RO         2030    .text.PID_Clear     pid.o
    0x08006864   0x08006864   0x00000004   PAD
    0x08006868   0x08006868   0x0000002c   Code   RO         2034    .text.PID_Init      pid.o
    0x08006894   0x08006894   0x00000004   PAD
    0x08006898   0x08006898   0x00000030   Code   RO         2036    .text.PID_Set       pid.o
    0x080068c8   0x080068c8   0x000000c4   Code   RO         2040    .text.PID_Set_Err   pid.o
    0x0800698c   0x0800698c   0x00000004   PAD
    0x08006990   0x08006990   0x00000008   Code   RO         2032    .text.PID_Set_Kpid  pid.o
    0x08006998   0x08006998   0x00000002   Code   RO          153    .text.PendSV_Handler  stm32h7xx_it.o
    0x0800699a   0x0800699a   0x00000006   PAD
    0x080069a0   0x080069a0   0x0000011e   Code   RO          518    .text.RCCEx_PLL2_Config  stm32h7xx_hal_rcc_ex.o
    0x08006abe   0x08006abe   0x00000002   PAD
    0x08006ac0   0x08006ac0   0x0000011e   Code   RO          520    .text.RCCEx_PLL3_Config  stm32h7xx_hal_rcc_ex.o
    0x08006bde   0x08006bde   0x00000002   PAD
    0x08006be0   0x08006be0   0x000000b6   Code   RO         1330    .text.SPI_CloseTransfer  stm32h7xx_hal_spi.o
    0x08006c96   0x08006c96   0x00000002   PAD
    0x08006c98   0x08006c98   0x00000012   Code   RO         1320    .text.SPI_GetPacketSize  stm32h7xx_hal_spi.o
    0x08006caa   0x08006caa   0x00000006   PAD
    0x08006cb0   0x08006cb0   0x0000002e   Code   RO         1332    .text.SPI_WaitOnFlagUntilTimeout  stm32h7xx_hal_spi.o
    0x08006cde   0x08006cde   0x00000002   PAD
    0x08006ce0   0x08006ce0   0x00000002   Code   RO          149    .text.SVC_Handler   stm32h7xx_it.o
    0x08006ce2   0x08006ce2   0x00000006   PAD
    0x08006ce8   0x08006ce8   0x00000056   Code   RO         2063    .text.Send_Motor_Currents  can_motor.o
    0x08006d3e   0x08006d3e   0x00000002   PAD
    0x08006d40   0x08006d40   0x00000054   Code   RO         2065    .text.Send_MultiTurn_Position_Control_Command  can_motor.o
    0x08006d94   0x08006d94   0x00000004   PAD
    0x08006d98   0x08006d98   0x0000002e   Code   RO          218    .text.SysTick_Config  stm32h7xx_hal_cortex.o
    0x08006dc6   0x08006dc6   0x00000002   PAD
    0x08006dc8   0x08006dc8   0x00000008   Code   RO          155    .text.SysTick_Handler  stm32h7xx_it.o
    0x08006dd0   0x08006dd0   0x000000a6   Code   RO           17    .text.SystemClock_Config  main.o
    0x08006e76   0x08006e76   0x00000002   PAD
    0x08006e78   0x08006e78   0x000000b0   Code   RO         1988    .text.SystemInit    system_stm32h7xx.o
    0x08006f28   0x08006f28   0x00000162   Code   RO         1444    .text.TIM_Base_SetConfig  stm32h7xx_hal_tim.o
    0x0800708a   0x0800708a   0x00000006   PAD
    0x08007090   0x08007090   0x000000c2   Code   RO         1588    .text.TIM_OC1_SetConfig  stm32h7xx_hal_tim.o
    0x08007152   0x08007152   0x00000006   PAD
    0x08007158   0x08007158   0x000000ac   Code   RO         1590    .text.TIM_OC2_SetConfig  stm32h7xx_hal_tim.o
    0x08007204   0x08007204   0x00000004   PAD
    0x08007208   0x08007208   0x000000ac   Code   RO         1592    .text.TIM_OC3_SetConfig  stm32h7xx_hal_tim.o
    0x080072b4   0x080072b4   0x00000004   PAD
    0x080072b8   0x080072b8   0x00000084   Code   RO         1594    .text.TIM_OC4_SetConfig  stm32h7xx_hal_tim.o
    0x0800733c   0x0800733c   0x00000004   PAD
    0x08007340   0x08007340   0x00000082   Code   RO         1596    .text.TIM_OC5_SetConfig  stm32h7xx_hal_tim.o
    0x080073c2   0x080073c2   0x00000006   PAD
    0x080073c8   0x080073c8   0x00000084   Code   RO         1598    .text.TIM_OC6_SetConfig  stm32h7xx_hal_tim.o
    0x0800744c   0x0800744c   0x00000004   PAD
    0x08007450   0x08007450   0x00000054   Code   RO         1963    .text.UARTEx_SetNbDataToProcess  stm32h7xx_hal_uart_ex.o
    0x080074a4   0x080074a4   0x00000004   PAD
    0x080074a8   0x080074a8   0x000000e0   Code   RO         1798    .text.UART_AdvFeatureConfig  stm32h7xx_hal_uart.o
    0x08007588   0x08007588   0x000000b8   Code   RO         1802    .text.UART_CheckIdleState  stm32h7xx_hal_uart.o
    0x08007640   0x08007640   0x00000014   Code   RO         1884    .text.UART_DMAAbortOnError  stm32h7xx_hal_uart.o
    0x08007654   0x08007654   0x00000004   PAD
    0x08007658   0x08007658   0x00000054   Code   RO         1840    .text.UART_DMAError  stm32h7xx_hal_uart.o
    0x080076ac   0x080076ac   0x00000004   PAD
    0x080076b0   0x080076b0   0x0000008a   Code   RO         1930    .text.UART_DMAReceiveCplt  stm32h7xx_hal_uart.o
    0x0800773a   0x0800773a   0x00000006   PAD
    0x08007740   0x08007740   0x00000020   Code   RO         1932    .text.UART_DMARxHalfCplt  stm32h7xx_hal_uart.o
    0x08007760   0x08007760   0x0000005a   Code   RO         1854    .text.UART_EndRxTransfer  stm32h7xx_hal_uart.o
    0x080077ba   0x080077ba   0x00000006   PAD
    0x080077c0   0x080077c0   0x00000028   Code   RO         1890    .text.UART_EndTransmit_IT  stm32h7xx_hal_uart.o
    0x080077e8   0x080077e8   0x00000030   Code   RO         1852    .text.UART_EndTxTransfer  stm32h7xx_hal_uart.o
    0x08007818   0x08007818   0x000005c8   Code   RO         1800    .text.UART_SetConfig  stm32h7xx_hal_uart.o
    0x08007de0   0x08007de0   0x000000a4   Code   RO         1844    .text.UART_Start_Receive_DMA  stm32h7xx_hal_uart.o
    0x08007e84   0x08007e84   0x00000004   PAD
    0x08007e88   0x08007e88   0x00000056   Code   RO         1826    .text.UART_TxISR_16BIT  stm32h7xx_hal_uart.o
    0x08007ede   0x08007ede   0x00000002   PAD
    0x08007ee0   0x08007ee0   0x00000072   Code   RO         1822    .text.UART_TxISR_16BIT_FIFOEN  stm32h7xx_hal_uart.o
    0x08007f52   0x08007f52   0x00000006   PAD
    0x08007f58   0x08007f58   0x00000052   Code   RO         1828    .text.UART_TxISR_8BIT  stm32h7xx_hal_uart.o
    0x08007faa   0x08007faa   0x00000006   PAD
    0x08007fb0   0x08007fb0   0x0000006e   Code   RO         1824    .text.UART_TxISR_8BIT_FIFOEN  stm32h7xx_hal_uart.o
    0x0800801e   0x0800801e   0x00000002   PAD
    0x08008020   0x08008020   0x000000c2   Code   RO         1816    .text.UART_WaitOnFlagUntilTimeout  stm32h7xx_hal_uart.o
    0x080080e2   0x080080e2   0x00000006   PAD
    0x080080e8   0x080080e8   0x00000010   Code   RO          169    .text.USART1_IRQHandler  stm32h7xx_it.o
    0x080080f8   0x080080f8   0x00000068   Code   RO         2078    .text.Update_Angle  gimbal_control.o
    0x08008160   0x08008160   0x00000002   Code   RO          147    .text.UsageFault_Handler  stm32h7xx_it.o
    0x08008162   0x08008162   0x00000006   PAD
    0x08008168   0x08008168   0x0000009a   Code   RO         2050    .text.WS2812_Ctrl   ws2812.o
    0x08008202   0x08008202   0x00000006   PAD
    0x08008208   0x08008208   0x000001d4   Code   RO         2016    .text._Parse_RC_Data  dr16.o
    0x080083dc   0x080083dc   0x00000004   PAD
    0x080083e0   0x080083e0   0x00000020   Code   RO          206    .text.__NVIC_EnableIRQ  stm32h7xx_hal_cortex.o
    0x08008400   0x08008400   0x00000010   Code   RO          198    .text.__NVIC_GetPriorityGrouping  stm32h7xx_hal_cortex.o
    0x08008410   0x08008410   0x00000022   Code   RO          200    .text.__NVIC_SetPriority  stm32h7xx_hal_cortex.o
    0x08008432   0x08008432   0x00000006   PAD
    0x08008438   0x08008438   0x00000020   Code   RO          194    .text.__NVIC_SetPriorityGrouping  stm32h7xx_hal_cortex.o
    0x08008458   0x08008458   0x0000002a   Code   RO         2076    .text.low_pass_filter  gimbal_control.o
    0x08008482   0x08008482   0x00000006   PAD
    0x08008488   0x08008488   0x000000e0   Code   RO           13    .text.main          main.o
    0x08008568   0x08008568   0x0000002a   Code   RO           11    .text.smooth_position  main.o
    0x08008592   0x08008592   0x0000000e   Code   RO         2127    i.__scatterload_copy  mc_w.l(handlers.o)
    0x080085a0   0x080085a0   0x00000002   Code   RO         2128    i.__scatterload_null  mc_w.l(handlers.o)
    0x080085a2   0x080085a2   0x0000000e   Code   RO         2129    i.__scatterload_zeroinit  mc_w.l(handlers.o)
    0x080085b0   0x080085b0   0x0000004c   Data   RO          470    .rodata..L__const.HAL_FDCAN_Init.CvtEltSize  stm32h7xx_hal_fdcan.o
    0x080085fc   0x080085fc   0x00000010   Data   RO         1994    .rodata.D1CorePrescTable  system_stm32h7xx.o
    0x0800860c   0x0800860c   0x00000018   Data   RO         1934    .rodata.UARTPrescTable  stm32h7xx_hal_uart.o
    0x08008624   0x08008624   0x00000010   Data   RO          471    .rodata.cst16       stm32h7xx_hal_fdcan.o
    0x08008634   0x08008634   0x00000010   Data   RO         1979    .rodata.cst8        stm32h7xx_hal_uart_ex.o
    0x08008644   0x08008644   0x00000040   Data   RO         2126    Region$$Table       anon$$obj.o


    Execution Region RW_IRAM1 (Exec base: 0x20000000, Load base: 0x08008688, Size: 0x00000648, Max: 0x00020000, ABSOLUTE)

    Exec Addr    Load Addr    Size         Type   Attr      Idx    E Section Name        Object

    0x20000000   0x08008688   0x00000004   Data   RW           22    .data.L_y_t         main.o
    0x20000004   0x0800868c   0x00000004   Data   RW         1992    .data.SystemCoreClock  system_stm32h7xx.o
    0x20000008   0x08008690   0x00000001   Data   RW         1092    .data.uwTickFreq    stm32h7xx_hal.o
    0x20000009   0x08008691   0x00000003   PAD
    0x2000000c   0x08008694   0x00000004   Data   RW         1091    .data.uwTickPrio    stm32h7xx_hal.o
    0x20000010        -       0x0000002c   Zero   RW         2020    .bss.RC_Ctl         dr16.o
    0x2000003c        -       0x00000004   Zero   RW         2089    .bss.Update_Angle.previous_angle  gimbal_control.o
    0x20000040        -       0x00000002   Zero   RW         2086    .bss.friction_wheel_speed  gimbal_control.o
    0x20000042   0x08008698   0x00000002   PAD
    0x20000044        -       0x00000078   Zero   RW          126    .bss.hdma_uart5_rx  usart.o
    0x200000bc        -       0x000000a0   Zero   RW           69    .bss.hfdcan3        fdcan.o
    0x2000015c        -       0x0000004c   Zero   RW          103    .bss.htim12         tim.o
    0x200001a8        -       0x00000094   Zero   RW          125    .bss.huart1         usart.o
    0x2000023c        -       0x00000004   Zero   RW           27    .bss.last_send_time  main.o
    0x20000240        -       0x00000001   Zero   RW         2087    .bss.motor_update_flags  gimbal_control.o
    0x20000241   0x08008698   0x00000001   PAD
    0x20000242        -       0x00000002   Zero   RW          128    .bss.tx_read_pos    usart.o
    0x20000244        -       0x00000004   Zero   RW           24    .bss.yaw_init       main.o
    0x20000248        -       0x00000400   Zero   RW            1    STACK               startup_stm32h723xx.o


    Execution Region RW_IRAM2 (Exec base: 0x24000000, Load base: 0x08008698, Size: 0x00000648, Max: 0x00020000, ABSOLUTE)

    Exec Addr    Load Addr    Size         Type   Attr      Idx    E Section Name        Object

    0x24000000   0x08008698   0x00000004   Data   RW         1993    .data.SystemD2Clock  system_stm32h7xx.o
    0x24000004   0x0800869c   0x00000004   Data   RW           25    .data.smoothed_L_y_t  main.o
    0x24000008        -       0x00000004   Zero   RW           70    .bss.HAL_RCC_FDCAN_CLK_ENABLED  fdcan.o
    0x2400000c        -       0x00000004   Zero   RW           21    .bss.L_x_t          main.o
    0x24000010        -       0x00000004   Zero   RW           23    .bss.L_x_t_actual   main.o
    0x24000014        -       0x00000012   Zero   RW         2021    .bss.RC_buffer      dr16.o
    0x24000026        -       0x00000002   Zero   RW         2088    .bss.Update_Angle.rotation_count  gimbal_control.o
    0x24000028        -       0x00000008   Zero   RW           28    .bss.currents       main.o
    0x24000030        -       0x00000002   Zero   RW           26    .bss.filtered_speed  main.o
    0x24000032   0x080086a0   0x00000002   PAD
    0x24000034        -       0x00000078   Zero   RW          127    .bss.hdma_usart1_tx  usart.o
    0x240000ac        -       0x000000a0   Zero   RW           67    .bss.hfdcan1        fdcan.o
    0x2400014c        -       0x000000a0   Zero   RW           68    .bss.hfdcan2        fdcan.o
    0x240001ec        -       0x00000088   Zero   RW           86    .bss.hspi6          spi.o
    0x24000274        -       0x00000094   Zero   RW          124    .bss.huart5         usart.o
    0x24000308        -       0x00000001   Zero   RW         2084    .bss.initialized    gimbal_control.o
    0x24000309   0x080086a0   0x00000003   PAD
    0x2400030c        -       0x000002f4   Zero   RW         2067    .bss.motor_system   can_motor.o
    0x24000600        -       0x00000040   Zero   RW          130    .bss.tx_buffer      usart.o
    0x24000640        -       0x00000002   Zero   RW          129    .bss.tx_write_pos   usart.o
    0x24000642   0x080086a0   0x00000002   PAD
    0x24000644        -       0x00000004   Zero   RW         1093    .bss.uwTick         stm32h7xx_hal.o


==============================================================================

Image component sizes


      Code (inc. data)   RO Data    RW Data    ZI Data      Debug   Object Name

       326          8          0          0        756       4024   can_motor.o
        66          0          0          0          0       5206   dma.o
       542         12          0          0         62       5631   dr16.o
       922          0          0          0        484      12540   fdcan.o
       918         48          0          0         10       3353   gimbal_control.o
        86          0          0          0          0       2247   gpio.o
       496          8          0          8         26       3614   main.o
       308          8          0          0          0       2332   pid.o
       242          0          0          0        136       8101   spi.o
        36          8        716          0       1024        812   startup_stm32h723xx.o
       222          0          0          5          4      15875   stm32h7xx_hal.o
       412          0          0          0          0      12869   stm32h7xx_hal_cortex.o
      9212         96          0          0          0      17628   stm32h7xx_hal_dma.o
      2640          0         92          0          0      41168   stm32h7xx_hal_fdcan.o
       416          0          0          0          0       6965   stm32h7xx_hal_gpio.o
        32          0          0          0          0       2195   stm32h7xx_hal_msp.o
        72          0          0          0          0       9524   stm32h7xx_hal_pwr_ex.o
      2574         16          0          0          0      11059   stm32h7xx_hal_rcc.o
      3630        116          0          0          0      17314   stm32h7xx_hal_rcc_ex.o
      1218          0          0          0          0      21423   stm32h7xx_hal_spi.o
      1570          6          0          0          0      51958   stm32h7xx_hal_tim.o
       224          0          0          0          0      23591   stm32h7xx_hal_tim_ex.o
      4620        370         24          0          0      36272   stm32h7xx_hal_uart.o
       292          0         16          0          0      10448   stm32h7xx_hal_uart_ex.o
       196          0          0          0          0       2565   stm32h7xx_it.o
       176          0         16          8          0       5282   system_stm32h7xx.o
       292          0          0          0         76       7265   tim.o
       792          0          0          0        604      12713   usart.o
       154          0          0          0          0       1577   ws2812.o

    ----------------------------------------------------------------------
     33222        728        928         24       3192     355551   Object Totals
         0          0         64          0          0          0   (incl. Generated)
       536         32          0          3         10          0   (incl. Padding)

    ----------------------------------------------------------------------

      Code (inc. data)   RO Data    RW Data    ZI Data      Debug   Library Member Name

         0          0          0          0          0          0   entry.o
         0          0          0          0          0          0   entry10a.o
         0          0          0          0          0          0   entry11a.o
         8          4          0          0          0          0   entry2.o
         4          0          0          0          0          0   entry5.o
         0          0          0          0          0          0   entry7b.o
         0          0          0          0          0          0   entry8b.o
         8          4          0          0          0          0   entry9a.o
        30          0          0          0          0          0   handlers.o
        36          8          0          0          0         68   init.o
        30          0          0          0          0         68   llshl.o
        32          0          0          0          0         68   llushr.o
        36          0          0          0          0        108   memseta.o
        98          0          0          0          0         92   uldiv.o

    ----------------------------------------------------------------------
       286         20          0          0          0        404   Library Totals
         4          4          0          0          0          0   (incl. Padding)

    ----------------------------------------------------------------------

      Code (inc. data)   RO Data    RW Data    ZI Data      Debug   Library Name

       282         16          0          0          0        404   mc_w.l

    ----------------------------------------------------------------------
       286         20          0          0          0        404   Library Totals

    ----------------------------------------------------------------------

==============================================================================


      Code (inc. data)   RO Data    RW Data    ZI Data      Debug   

     33508        748        928         24       3192     355515   Grand Totals
     33508        748        928         24       3192     355515   ELF Image Totals
     33508        748        928         24          0          0   ROM Totals

==============================================================================

    Total RO  Size (Code + RO Data)                34436 (  33.63kB)
    Total RW  Size (RW Data + ZI Data)              3216 (   3.14kB)
    Total ROM Size (Code + RO Data + RW Data)      34460 (  33.65kB)

==============================================================================

